ARM GAS  C:\Users\future\AppData\Local\Temp\cckudpvb.s 			page 1


   1              		.cpu cortex-m3
   2              		.arch armv7-m
   3              		.fpu softvfp
   4              		.eabi_attribute 20, 1
   5              		.eabi_attribute 21, 1
   6              		.eabi_attribute 23, 3
   7              		.eabi_attribute 24, 1
   8              		.eabi_attribute 25, 1
   9              		.eabi_attribute 26, 1
  10              		.eabi_attribute 30, 1
  11              		.eabi_attribute 34, 1
  12              		.eabi_attribute 18, 4
  13              		.file	"app_sensors.c"
  14              		.text
  15              	.Ltext0:
  16              		.cfi_sections	.debug_frame
  17              		.file 1 "Core/Src/balance_car/app_sensors.c"
  18              		.section	.text.AppSensors_SetFault,"ax",%progbits
  19              		.align	1
  20              		.global	AppSensors_SetFault
  21              		.syntax unified
  22              		.thumb
  23              		.thumb_func
  25              	AppSensors_SetFault:
  26              	.LVL0:
  27              	.LFB65:
   1:Core/Src/balance_car/app_sensors.c **** #include "balance_car/app_sensors.h"
   2:Core/Src/balance_car/app_sensors.c **** 
   3:Core/Src/balance_car/app_sensors.c **** #include "balance_car/dht11.h"
   4:Core/Src/balance_car/app_sensors.c **** #include "balance_car/hx711.h"
   5:Core/Src/balance_car/app_sensors.c **** 
   6:Core/Src/balance_car/app_sensors.c **** #define HX711_SAMPLE_PERIOD_MS  100U
   7:Core/Src/balance_car/app_sensors.c **** #define DHT_SAMPLE_PERIOD_MS    2000U
   8:Core/Src/balance_car/app_sensors.c **** #define DHT_START_LOW_MS        18U
   9:Core/Src/balance_car/app_sensors.c **** #define DEFAULT_G_PER_COUNT     1.0f
  10:Core/Src/balance_car/app_sensors.c **** 
  11:Core/Src/balance_car/app_sensors.c **** volatile AppSensorState_t g_sensor_state = {
  12:Core/Src/balance_car/app_sensors.c ****     .temperature_c = 0.0f,
  13:Core/Src/balance_car/app_sensors.c ****     .humidity_percent = 0.0f,
  14:Core/Src/balance_car/app_sensors.c ****     .weight_g = 0.0f,
  15:Core/Src/balance_car/app_sensors.c ****     .hx711_raw = 0,
  16:Core/Src/balance_car/app_sensors.c ****     .hx711_zero_raw = 0,
  17:Core/Src/balance_car/app_sensors.c ****     .hx711_g_per_count = DEFAULT_G_PER_COUNT,
  18:Core/Src/balance_car/app_sensors.c ****     .hx711_weight_g = 0.0f,
  19:Core/Src/balance_car/app_sensors.c ****     .sensor_fault_flags = SENSOR_FAULT_NONE,
  20:Core/Src/balance_car/app_sensors.c **** };
  21:Core/Src/balance_car/app_sensors.c **** 
  22:Core/Src/balance_car/app_sensors.c **** static uint32_t s_next_hx711_ms;
  23:Core/Src/balance_car/app_sensors.c **** static uint32_t s_next_dht_ms;
  24:Core/Src/balance_car/app_sensors.c **** static uint32_t s_dht_start_ms;
  25:Core/Src/balance_car/app_sensors.c **** static uint8_t s_dht_waiting;
  26:Core/Src/balance_car/app_sensors.c **** static uint8_t s_hx711_zero_captured;
  27:Core/Src/balance_car/app_sensors.c **** 
  28:Core/Src/balance_car/app_sensors.c **** void AppSensors_SetFault(uint32_t fault)
  29:Core/Src/balance_car/app_sensors.c **** {
  28              		.loc 1 29 1 view -0
  29              		.cfi_startproc
ARM GAS  C:\Users\future\AppData\Local\Temp\cckudpvb.s 			page 2


  30              		@ args = 0, pretend = 0, frame = 0
  31              		@ frame_needed = 0, uses_anonymous_args = 0
  32              		@ link register save eliminated.
  30:Core/Src/balance_car/app_sensors.c ****     g_sensor_state.sensor_fault_flags |= fault;
  33              		.loc 1 30 5 view .LVU1
  34              		.loc 1 30 19 is_stmt 0 view .LVU2
  35 0000 024A     		ldr	r2, .L2
  36 0002 D369     		ldr	r3, [r2, #28]
  37              		.loc 1 30 39 view .LVU3
  38 0004 0343     		orrs	r3, r3, r0
  39 0006 D361     		str	r3, [r2, #28]
  31:Core/Src/balance_car/app_sensors.c **** }
  40              		.loc 1 31 1 view .LVU4
  41 0008 7047     		bx	lr
  42              	.L3:
  43 000a 00BF     		.align	2
  44              	.L2:
  45 000c 00000000 		.word	g_sensor_state
  46              		.cfi_endproc
  47              	.LFE65:
  49              		.section	.text.AppSensors_ClearFault,"ax",%progbits
  50              		.align	1
  51              		.global	AppSensors_ClearFault
  52              		.syntax unified
  53              		.thumb
  54              		.thumb_func
  56              	AppSensors_ClearFault:
  57              	.LVL1:
  58              	.LFB66:
  32:Core/Src/balance_car/app_sensors.c **** 
  33:Core/Src/balance_car/app_sensors.c **** void AppSensors_ClearFault(uint32_t fault)
  34:Core/Src/balance_car/app_sensors.c **** {
  59              		.loc 1 34 1 is_stmt 1 view -0
  60              		.cfi_startproc
  61              		@ args = 0, pretend = 0, frame = 0
  62              		@ frame_needed = 0, uses_anonymous_args = 0
  63              		@ link register save eliminated.
  35:Core/Src/balance_car/app_sensors.c ****     g_sensor_state.sensor_fault_flags &= ~fault;
  64              		.loc 1 35 5 view .LVU6
  65              		.loc 1 35 19 is_stmt 0 view .LVU7
  66 0000 024A     		ldr	r2, .L5
  67 0002 D369     		ldr	r3, [r2, #28]
  68              		.loc 1 35 39 view .LVU8
  69 0004 23EA0003 		bic	r3, r3, r0
  70 0008 D361     		str	r3, [r2, #28]
  36:Core/Src/balance_car/app_sensors.c **** }
  71              		.loc 1 36 1 view .LVU9
  72 000a 7047     		bx	lr
  73              	.L6:
  74              		.align	2
  75              	.L5:
  76 000c 00000000 		.word	g_sensor_state
  77              		.cfi_endproc
  78              	.LFE66:
  80              		.section	.text.AppSensors_ServiceDht,"ax",%progbits
  81              		.align	1
  82              		.syntax unified
ARM GAS  C:\Users\future\AppData\Local\Temp\cckudpvb.s 			page 3


  83              		.thumb
  84              		.thumb_func
  86              	AppSensors_ServiceDht:
  87              	.LFB69:
  37:Core/Src/balance_car/app_sensors.c **** 
  38:Core/Src/balance_car/app_sensors.c **** HAL_StatusTypeDef AppSensors_Init(void)
  39:Core/Src/balance_car/app_sensors.c **** {
  40:Core/Src/balance_car/app_sensors.c ****     HAL_StatusTypeDef status = HAL_OK;
  41:Core/Src/balance_car/app_sensors.c **** 
  42:Core/Src/balance_car/app_sensors.c ****     if (Dht11_Init() != HAL_OK) {
  43:Core/Src/balance_car/app_sensors.c ****         AppSensors_SetFault(SENSOR_FAULT_DHT_INIT);
  44:Core/Src/balance_car/app_sensors.c ****         status = HAL_ERROR;
  45:Core/Src/balance_car/app_sensors.c ****     }
  46:Core/Src/balance_car/app_sensors.c **** 
  47:Core/Src/balance_car/app_sensors.c ****     if (Hx711_Init() != HAL_OK) {
  48:Core/Src/balance_car/app_sensors.c ****         AppSensors_SetFault(SENSOR_FAULT_HX711_INIT);
  49:Core/Src/balance_car/app_sensors.c ****         status = HAL_ERROR;
  50:Core/Src/balance_car/app_sensors.c ****     }
  51:Core/Src/balance_car/app_sensors.c **** 
  52:Core/Src/balance_car/app_sensors.c ****     s_next_hx711_ms = HAL_GetTick();
  53:Core/Src/balance_car/app_sensors.c ****     s_next_dht_ms = HAL_GetTick() + 1000U;
  54:Core/Src/balance_car/app_sensors.c ****     return status;
  55:Core/Src/balance_car/app_sensors.c **** }
  56:Core/Src/balance_car/app_sensors.c **** 
  57:Core/Src/balance_car/app_sensors.c **** static void AppSensors_ReadHx711(void)
  58:Core/Src/balance_car/app_sensors.c **** {
  59:Core/Src/balance_car/app_sensors.c ****     int32_t raw;
  60:Core/Src/balance_car/app_sensors.c ****     int32_t net;
  61:Core/Src/balance_car/app_sensors.c ****     float weight;
  62:Core/Src/balance_car/app_sensors.c ****     HAL_StatusTypeDef status;
  63:Core/Src/balance_car/app_sensors.c **** 
  64:Core/Src/balance_car/app_sensors.c ****     status = Hx711_ReadRaw(&raw);
  65:Core/Src/balance_car/app_sensors.c ****     if (status == HAL_BUSY) {
  66:Core/Src/balance_car/app_sensors.c ****         return;
  67:Core/Src/balance_car/app_sensors.c ****     }
  68:Core/Src/balance_car/app_sensors.c ****     if (status != HAL_OK) {
  69:Core/Src/balance_car/app_sensors.c ****         AppSensors_SetFault(SENSOR_FAULT_HX711_READ);
  70:Core/Src/balance_car/app_sensors.c ****         g_sensor_state.hx711_valid = 0U;
  71:Core/Src/balance_car/app_sensors.c ****         return;
  72:Core/Src/balance_car/app_sensors.c ****     }
  73:Core/Src/balance_car/app_sensors.c **** 
  74:Core/Src/balance_car/app_sensors.c ****     AppSensors_ClearFault(SENSOR_FAULT_HX711_READ);
  75:Core/Src/balance_car/app_sensors.c ****     g_sensor_state.hx711_valid = 1U;
  76:Core/Src/balance_car/app_sensors.c ****     g_sensor_state.hx711_raw = raw;
  77:Core/Src/balance_car/app_sensors.c **** 
  78:Core/Src/balance_car/app_sensors.c ****     if (s_hx711_zero_captured == 0U) {
  79:Core/Src/balance_car/app_sensors.c ****         g_sensor_state.hx711_zero_raw = raw;
  80:Core/Src/balance_car/app_sensors.c ****         s_hx711_zero_captured = 1U;
  81:Core/Src/balance_car/app_sensors.c ****     }
  82:Core/Src/balance_car/app_sensors.c **** 
  83:Core/Src/balance_car/app_sensors.c ****     net = raw - g_sensor_state.hx711_zero_raw;
  84:Core/Src/balance_car/app_sensors.c ****     weight = (float)net * g_sensor_state.hx711_g_per_count;
  85:Core/Src/balance_car/app_sensors.c ****     if (weight < 0.0f) {
  86:Core/Src/balance_car/app_sensors.c ****         weight = 0.0f;
  87:Core/Src/balance_car/app_sensors.c ****     }
  88:Core/Src/balance_car/app_sensors.c ****     g_sensor_state.hx711_weight_g = weight;
  89:Core/Src/balance_car/app_sensors.c ****     g_sensor_state.weight_g = weight;
ARM GAS  C:\Users\future\AppData\Local\Temp\cckudpvb.s 			page 4


  90:Core/Src/balance_car/app_sensors.c **** }
  91:Core/Src/balance_car/app_sensors.c **** 
  92:Core/Src/balance_car/app_sensors.c **** static void AppSensors_ServiceDht(void)
  93:Core/Src/balance_car/app_sensors.c **** {
  88              		.loc 1 93 1 is_stmt 1 view -0
  89              		.cfi_startproc
  90              		@ args = 0, pretend = 0, frame = 8
  91              		@ frame_needed = 0, uses_anonymous_args = 0
  92 0000 10B5     		push	{r4, lr}
  93              	.LCFI0:
  94              		.cfi_def_cfa_offset 8
  95              		.cfi_offset 4, -8
  96              		.cfi_offset 14, -4
  97 0002 82B0     		sub	sp, sp, #8
  98              	.LCFI1:
  99              		.cfi_def_cfa_offset 16
  94:Core/Src/balance_car/app_sensors.c ****     Dht11Reading_t reading;
 100              		.loc 1 94 5 view .LVU11
  95:Core/Src/balance_car/app_sensors.c **** 
  96:Core/Src/balance_car/app_sensors.c ****     if (s_dht_waiting == 0U) {
 101              		.loc 1 96 5 view .LVU12
 102              		.loc 1 96 23 is_stmt 0 view .LVU13
 103 0004 244B     		ldr	r3, .L18
 104 0006 1B78     		ldrb	r3, [r3]	@ zero_extendqisi2
 105              		.loc 1 96 8 view .LVU14
 106 0008 43B1     		cbz	r3, .L15
  97:Core/Src/balance_car/app_sensors.c ****         if (Dht11_StartRead() == HAL_OK) {
  98:Core/Src/balance_car/app_sensors.c ****             s_dht_start_ms = HAL_GetTick();
  99:Core/Src/balance_car/app_sensors.c ****             s_dht_waiting = 1U;
 100:Core/Src/balance_car/app_sensors.c ****         } else {
 101:Core/Src/balance_car/app_sensors.c ****             AppSensors_SetFault(SENSOR_FAULT_DHT_READ);
 102:Core/Src/balance_car/app_sensors.c ****             s_next_dht_ms = HAL_GetTick() + DHT_SAMPLE_PERIOD_MS;
 103:Core/Src/balance_car/app_sensors.c ****         }
 104:Core/Src/balance_car/app_sensors.c ****         return;
 105:Core/Src/balance_car/app_sensors.c ****     }
 106:Core/Src/balance_car/app_sensors.c **** 
 107:Core/Src/balance_car/app_sensors.c ****     if ((HAL_GetTick() - s_dht_start_ms) < DHT_START_LOW_MS) {
 107              		.loc 1 107 5 is_stmt 1 view .LVU15
 108              		.loc 1 107 10 is_stmt 0 view .LVU16
 109 000a FFF7FEFF 		bl	HAL_GetTick
 110              	.LVL2:
 111              		.loc 1 107 24 discriminator 1 view .LVU17
 112 000e 234B     		ldr	r3, .L18+4
 113 0010 1B68     		ldr	r3, [r3]
 114 0012 C01A     		subs	r0, r0, r3
 115              		.loc 1 107 8 discriminator 1 view .LVU18
 116 0014 1128     		cmp	r0, #17
 117 0016 16D8     		bhi	.L16
 118              	.L7:
 108:Core/Src/balance_car/app_sensors.c ****         return;
 109:Core/Src/balance_car/app_sensors.c ****     }
 110:Core/Src/balance_car/app_sensors.c **** 
 111:Core/Src/balance_car/app_sensors.c ****     s_dht_waiting = 0U;
 112:Core/Src/balance_car/app_sensors.c ****     s_next_dht_ms = HAL_GetTick() + DHT_SAMPLE_PERIOD_MS;
 113:Core/Src/balance_car/app_sensors.c **** 
 114:Core/Src/balance_car/app_sensors.c ****     if (Dht11_FinishRead(&reading) != HAL_OK) {
 115:Core/Src/balance_car/app_sensors.c ****         AppSensors_SetFault(SENSOR_FAULT_DHT_READ);
ARM GAS  C:\Users\future\AppData\Local\Temp\cckudpvb.s 			page 5


 116:Core/Src/balance_car/app_sensors.c ****         g_sensor_state.dht_valid = 0U;
 117:Core/Src/balance_car/app_sensors.c ****         g_sensor_state.dht_fail_step = Dht11_GetFailStep();
 118:Core/Src/balance_car/app_sensors.c ****         return;
 119:Core/Src/balance_car/app_sensors.c ****     }
 120:Core/Src/balance_car/app_sensors.c **** 
 121:Core/Src/balance_car/app_sensors.c ****     AppSensors_ClearFault(SENSOR_FAULT_DHT_READ);
 122:Core/Src/balance_car/app_sensors.c ****     g_sensor_state.dht_valid = 1U;
 123:Core/Src/balance_car/app_sensors.c ****     g_sensor_state.dht_fail_step = 0U;
 124:Core/Src/balance_car/app_sensors.c ****     g_sensor_state.temperature_c = reading.temperature_c;
 125:Core/Src/balance_car/app_sensors.c ****     g_sensor_state.humidity_percent = reading.humidity_percent;
 126:Core/Src/balance_car/app_sensors.c **** }
 119              		.loc 1 126 1 view .LVU19
 120 0018 02B0     		add	sp, sp, #8
 121              	.LCFI2:
 122              		.cfi_remember_state
 123              		.cfi_def_cfa_offset 8
 124              		@ sp needed
 125 001a 10BD     		pop	{r4, pc}
 126              	.L15:
 127              	.LCFI3:
 128              		.cfi_restore_state
  97:Core/Src/balance_car/app_sensors.c ****         if (Dht11_StartRead() == HAL_OK) {
 129              		.loc 1 97 9 is_stmt 1 view .LVU20
  97:Core/Src/balance_car/app_sensors.c ****         if (Dht11_StartRead() == HAL_OK) {
 130              		.loc 1 97 13 is_stmt 0 view .LVU21
 131 001c FFF7FEFF 		bl	Dht11_StartRead
 132              	.LVL3:
  97:Core/Src/balance_car/app_sensors.c ****         if (Dht11_StartRead() == HAL_OK) {
 133              		.loc 1 97 12 discriminator 1 view .LVU22
 134 0020 38B9     		cbnz	r0, .L9
  98:Core/Src/balance_car/app_sensors.c ****             s_dht_waiting = 1U;
 135              		.loc 1 98 13 is_stmt 1 view .LVU23
  98:Core/Src/balance_car/app_sensors.c ****             s_dht_waiting = 1U;
 136              		.loc 1 98 30 is_stmt 0 view .LVU24
 137 0022 FFF7FEFF 		bl	HAL_GetTick
 138              	.LVL4:
  98:Core/Src/balance_car/app_sensors.c ****             s_dht_waiting = 1U;
 139              		.loc 1 98 28 discriminator 1 view .LVU25
 140 0026 1D4B     		ldr	r3, .L18+4
 141 0028 1860     		str	r0, [r3]
  99:Core/Src/balance_car/app_sensors.c ****         } else {
 142              		.loc 1 99 13 is_stmt 1 view .LVU26
  99:Core/Src/balance_car/app_sensors.c ****         } else {
 143              		.loc 1 99 27 is_stmt 0 view .LVU27
 144 002a 1B4B     		ldr	r3, .L18
 145 002c 0122     		movs	r2, #1
 146 002e 1A70     		strb	r2, [r3]
 147 0030 F2E7     		b	.L7
 148              	.L9:
 101:Core/Src/balance_car/app_sensors.c ****             s_next_dht_ms = HAL_GetTick() + DHT_SAMPLE_PERIOD_MS;
 149              		.loc 1 101 13 is_stmt 1 view .LVU28
 150 0032 0220     		movs	r0, #2
 151 0034 FFF7FEFF 		bl	AppSensors_SetFault
 152              	.LVL5:
 102:Core/Src/balance_car/app_sensors.c ****         }
 153              		.loc 1 102 13 view .LVU29
 102:Core/Src/balance_car/app_sensors.c ****         }
ARM GAS  C:\Users\future\AppData\Local\Temp\cckudpvb.s 			page 6


 154              		.loc 1 102 29 is_stmt 0 view .LVU30
 155 0038 FFF7FEFF 		bl	HAL_GetTick
 156              	.LVL6:
 102:Core/Src/balance_car/app_sensors.c ****         }
 157              		.loc 1 102 43 discriminator 1 view .LVU31
 158 003c 00F5FA60 		add	r0, r0, #2000
 102:Core/Src/balance_car/app_sensors.c ****         }
 159              		.loc 1 102 27 discriminator 1 view .LVU32
 160 0040 174B     		ldr	r3, .L18+8
 161 0042 1860     		str	r0, [r3]
 104:Core/Src/balance_car/app_sensors.c ****     }
 162              		.loc 1 104 9 is_stmt 1 view .LVU33
 163 0044 E8E7     		b	.L7
 164              	.L16:
 111:Core/Src/balance_car/app_sensors.c ****     s_next_dht_ms = HAL_GetTick() + DHT_SAMPLE_PERIOD_MS;
 165              		.loc 1 111 5 view .LVU34
 111:Core/Src/balance_car/app_sensors.c ****     s_next_dht_ms = HAL_GetTick() + DHT_SAMPLE_PERIOD_MS;
 166              		.loc 1 111 19 is_stmt 0 view .LVU35
 167 0046 144B     		ldr	r3, .L18
 168 0048 0022     		movs	r2, #0
 169 004a 1A70     		strb	r2, [r3]
 112:Core/Src/balance_car/app_sensors.c **** 
 170              		.loc 1 112 5 is_stmt 1 view .LVU36
 112:Core/Src/balance_car/app_sensors.c **** 
 171              		.loc 1 112 21 is_stmt 0 view .LVU37
 172 004c FFF7FEFF 		bl	HAL_GetTick
 173              	.LVL7:
 112:Core/Src/balance_car/app_sensors.c **** 
 174              		.loc 1 112 35 discriminator 1 view .LVU38
 175 0050 00F5FA60 		add	r0, r0, #2000
 112:Core/Src/balance_car/app_sensors.c **** 
 176              		.loc 1 112 19 discriminator 1 view .LVU39
 177 0054 124B     		ldr	r3, .L18+8
 178 0056 1860     		str	r0, [r3]
 114:Core/Src/balance_car/app_sensors.c ****         AppSensors_SetFault(SENSOR_FAULT_DHT_READ);
 179              		.loc 1 114 5 is_stmt 1 view .LVU40
 114:Core/Src/balance_car/app_sensors.c ****         AppSensors_SetFault(SENSOR_FAULT_DHT_READ);
 180              		.loc 1 114 9 is_stmt 0 view .LVU41
 181 0058 6846     		mov	r0, sp
 182 005a FFF7FEFF 		bl	Dht11_FinishRead
 183              	.LVL8:
 114:Core/Src/balance_car/app_sensors.c ****         AppSensors_SetFault(SENSOR_FAULT_DHT_READ);
 184              		.loc 1 114 8 discriminator 1 view .LVU42
 185 005e 70B9     		cbnz	r0, .L17
 121:Core/Src/balance_car/app_sensors.c ****     g_sensor_state.dht_valid = 1U;
 186              		.loc 1 121 5 is_stmt 1 view .LVU43
 187 0060 0220     		movs	r0, #2
 188 0062 FFF7FEFF 		bl	AppSensors_ClearFault
 189              	.LVL9:
 122:Core/Src/balance_car/app_sensors.c ****     g_sensor_state.dht_fail_step = 0U;
 190              		.loc 1 122 5 view .LVU44
 122:Core/Src/balance_car/app_sensors.c ****     g_sensor_state.dht_fail_step = 0U;
 191              		.loc 1 122 30 is_stmt 0 view .LVU45
 192 0066 0F4B     		ldr	r3, .L18+12
 193 0068 0122     		movs	r2, #1
 194 006a 83F82020 		strb	r2, [r3, #32]
 123:Core/Src/balance_car/app_sensors.c ****     g_sensor_state.temperature_c = reading.temperature_c;
ARM GAS  C:\Users\future\AppData\Local\Temp\cckudpvb.s 			page 7


 195              		.loc 1 123 5 is_stmt 1 view .LVU46
 123:Core/Src/balance_car/app_sensors.c ****     g_sensor_state.temperature_c = reading.temperature_c;
 196              		.loc 1 123 34 is_stmt 0 view .LVU47
 197 006e 0022     		movs	r2, #0
 198 0070 83F82620 		strb	r2, [r3, #38]
 124:Core/Src/balance_car/app_sensors.c ****     g_sensor_state.humidity_percent = reading.humidity_percent;
 199              		.loc 1 124 5 is_stmt 1 view .LVU48
 124:Core/Src/balance_car/app_sensors.c ****     g_sensor_state.humidity_percent = reading.humidity_percent;
 200              		.loc 1 124 43 is_stmt 0 view .LVU49
 201 0074 009A     		ldr	r2, [sp]	@ float
 124:Core/Src/balance_car/app_sensors.c ****     g_sensor_state.humidity_percent = reading.humidity_percent;
 202              		.loc 1 124 34 view .LVU50
 203 0076 1A60     		str	r2, [r3]	@ float
 125:Core/Src/balance_car/app_sensors.c **** }
 204              		.loc 1 125 5 is_stmt 1 view .LVU51
 125:Core/Src/balance_car/app_sensors.c **** }
 205              		.loc 1 125 46 is_stmt 0 view .LVU52
 206 0078 019A     		ldr	r2, [sp, #4]	@ float
 125:Core/Src/balance_car/app_sensors.c **** }
 207              		.loc 1 125 37 view .LVU53
 208 007a 5A60     		str	r2, [r3, #4]	@ float
 209 007c CCE7     		b	.L7
 210              	.L17:
 115:Core/Src/balance_car/app_sensors.c ****         g_sensor_state.dht_valid = 0U;
 211              		.loc 1 115 9 is_stmt 1 view .LVU54
 212 007e 0220     		movs	r0, #2
 213 0080 FFF7FEFF 		bl	AppSensors_SetFault
 214              	.LVL10:
 116:Core/Src/balance_car/app_sensors.c ****         g_sensor_state.dht_fail_step = Dht11_GetFailStep();
 215              		.loc 1 116 9 view .LVU55
 116:Core/Src/balance_car/app_sensors.c ****         g_sensor_state.dht_fail_step = Dht11_GetFailStep();
 216              		.loc 1 116 34 is_stmt 0 view .LVU56
 217 0084 074C     		ldr	r4, .L18+12
 218 0086 0023     		movs	r3, #0
 219 0088 84F82030 		strb	r3, [r4, #32]
 117:Core/Src/balance_car/app_sensors.c ****         return;
 220              		.loc 1 117 9 is_stmt 1 view .LVU57
 117:Core/Src/balance_car/app_sensors.c ****         return;
 221              		.loc 1 117 40 is_stmt 0 view .LVU58
 222 008c FFF7FEFF 		bl	Dht11_GetFailStep
 223              	.LVL11:
 117:Core/Src/balance_car/app_sensors.c ****         return;
 224              		.loc 1 117 38 discriminator 1 view .LVU59
 225 0090 84F82600 		strb	r0, [r4, #38]
 118:Core/Src/balance_car/app_sensors.c ****     }
 226              		.loc 1 118 9 is_stmt 1 view .LVU60
 227 0094 C0E7     		b	.L7
 228              	.L19:
 229 0096 00BF     		.align	2
 230              	.L18:
 231 0098 00000000 		.word	s_dht_waiting
 232 009c 00000000 		.word	s_dht_start_ms
 233 00a0 00000000 		.word	s_next_dht_ms
 234 00a4 00000000 		.word	g_sensor_state
 235              		.cfi_endproc
 236              	.LFE69:
 238              		.global	__aeabi_i2f
ARM GAS  C:\Users\future\AppData\Local\Temp\cckudpvb.s 			page 8


 239              		.global	__aeabi_fmul
 240              		.global	__aeabi_fcmplt
 241              		.section	.text.AppSensors_ReadHx711,"ax",%progbits
 242              		.align	1
 243              		.syntax unified
 244              		.thumb
 245              		.thumb_func
 247              	AppSensors_ReadHx711:
 248              	.LFB68:
  58:Core/Src/balance_car/app_sensors.c ****     int32_t raw;
 249              		.loc 1 58 1 view -0
 250              		.cfi_startproc
 251              		@ args = 0, pretend = 0, frame = 8
 252              		@ frame_needed = 0, uses_anonymous_args = 0
 253 0000 10B5     		push	{r4, lr}
 254              	.LCFI4:
 255              		.cfi_def_cfa_offset 8
 256              		.cfi_offset 4, -8
 257              		.cfi_offset 14, -4
 258 0002 82B0     		sub	sp, sp, #8
 259              	.LCFI5:
 260              		.cfi_def_cfa_offset 16
  59:Core/Src/balance_car/app_sensors.c ****     int32_t net;
 261              		.loc 1 59 5 view .LVU62
  60:Core/Src/balance_car/app_sensors.c ****     float weight;
 262              		.loc 1 60 5 view .LVU63
  61:Core/Src/balance_car/app_sensors.c ****     HAL_StatusTypeDef status;
 263              		.loc 1 61 5 view .LVU64
  62:Core/Src/balance_car/app_sensors.c **** 
 264              		.loc 1 62 5 view .LVU65
  64:Core/Src/balance_car/app_sensors.c ****     if (status == HAL_BUSY) {
 265              		.loc 1 64 5 view .LVU66
  64:Core/Src/balance_car/app_sensors.c ****     if (status == HAL_BUSY) {
 266              		.loc 1 64 14 is_stmt 0 view .LVU67
 267 0004 01A8     		add	r0, sp, #4
 268 0006 FFF7FEFF 		bl	Hx711_ReadRaw
 269              	.LVL12:
  65:Core/Src/balance_car/app_sensors.c ****         return;
 270              		.loc 1 65 5 is_stmt 1 view .LVU68
  65:Core/Src/balance_car/app_sensors.c ****         return;
 271              		.loc 1 65 8 is_stmt 0 view .LVU69
 272 000a 0228     		cmp	r0, #2
 273 000c 21D0     		beq	.L20
  68:Core/Src/balance_car/app_sensors.c ****         AppSensors_SetFault(SENSOR_FAULT_HX711_READ);
 274              		.loc 1 68 5 is_stmt 1 view .LVU70
  68:Core/Src/balance_car/app_sensors.c ****         AppSensors_SetFault(SENSOR_FAULT_HX711_READ);
 275              		.loc 1 68 8 is_stmt 0 view .LVU71
 276 000e 10BB     		cbnz	r0, .L28
  74:Core/Src/balance_car/app_sensors.c ****     g_sensor_state.hx711_valid = 1U;
 277              		.loc 1 74 5 is_stmt 1 view .LVU72
 278 0010 0820     		movs	r0, #8
 279              	.LVL13:
  74:Core/Src/balance_car/app_sensors.c ****     g_sensor_state.hx711_valid = 1U;
 280              		.loc 1 74 5 is_stmt 0 view .LVU73
 281 0012 FFF7FEFF 		bl	AppSensors_ClearFault
 282              	.LVL14:
  75:Core/Src/balance_car/app_sensors.c ****     g_sensor_state.hx711_raw = raw;
ARM GAS  C:\Users\future\AppData\Local\Temp\cckudpvb.s 			page 9


 283              		.loc 1 75 5 is_stmt 1 view .LVU74
  75:Core/Src/balance_car/app_sensors.c ****     g_sensor_state.hx711_raw = raw;
 284              		.loc 1 75 32 is_stmt 0 view .LVU75
 285 0016 154A     		ldr	r2, .L30
 286 0018 0123     		movs	r3, #1
 287 001a 82F82130 		strb	r3, [r2, #33]
  76:Core/Src/balance_car/app_sensors.c **** 
 288              		.loc 1 76 5 is_stmt 1 view .LVU76
  76:Core/Src/balance_car/app_sensors.c **** 
 289              		.loc 1 76 30 is_stmt 0 view .LVU77
 290 001e 019B     		ldr	r3, [sp, #4]
 291 0020 D360     		str	r3, [r2, #12]
  78:Core/Src/balance_car/app_sensors.c ****         g_sensor_state.hx711_zero_raw = raw;
 292              		.loc 1 78 5 is_stmt 1 view .LVU78
  78:Core/Src/balance_car/app_sensors.c ****         g_sensor_state.hx711_zero_raw = raw;
 293              		.loc 1 78 31 is_stmt 0 view .LVU79
 294 0022 134A     		ldr	r2, .L30+4
 295 0024 1278     		ldrb	r2, [r2]	@ zero_extendqisi2
  78:Core/Src/balance_car/app_sensors.c ****         g_sensor_state.hx711_zero_raw = raw;
 296              		.loc 1 78 8 view .LVU80
 297 0026 22B9     		cbnz	r2, .L23
  79:Core/Src/balance_car/app_sensors.c ****         s_hx711_zero_captured = 1U;
 298              		.loc 1 79 9 is_stmt 1 view .LVU81
  79:Core/Src/balance_car/app_sensors.c ****         s_hx711_zero_captured = 1U;
 299              		.loc 1 79 39 is_stmt 0 view .LVU82
 300 0028 104A     		ldr	r2, .L30
 301 002a 1361     		str	r3, [r2, #16]
  80:Core/Src/balance_car/app_sensors.c ****     }
 302              		.loc 1 80 9 is_stmt 1 view .LVU83
  80:Core/Src/balance_car/app_sensors.c ****     }
 303              		.loc 1 80 31 is_stmt 0 view .LVU84
 304 002c 104A     		ldr	r2, .L30+4
 305 002e 0121     		movs	r1, #1
 306 0030 1170     		strb	r1, [r2]
 307              	.L23:
  83:Core/Src/balance_car/app_sensors.c ****     weight = (float)net * g_sensor_state.hx711_g_per_count;
 308              		.loc 1 83 5 is_stmt 1 view .LVU85
  83:Core/Src/balance_car/app_sensors.c ****     weight = (float)net * g_sensor_state.hx711_g_per_count;
 309              		.loc 1 83 31 is_stmt 0 view .LVU86
 310 0032 0E4C     		ldr	r4, .L30
 311 0034 2069     		ldr	r0, [r4, #16]
 312              	.LVL15:
  84:Core/Src/balance_car/app_sensors.c ****     if (weight < 0.0f) {
 313              		.loc 1 84 5 is_stmt 1 view .LVU87
  84:Core/Src/balance_car/app_sensors.c ****     if (weight < 0.0f) {
 314              		.loc 1 84 14 is_stmt 0 view .LVU88
 315 0036 181A     		subs	r0, r3, r0
 316              	.LVL16:
  84:Core/Src/balance_car/app_sensors.c ****     if (weight < 0.0f) {
 317              		.loc 1 84 14 view .LVU89
 318 0038 FFF7FEFF 		bl	__aeabi_i2f
 319              	.LVL17:
  84:Core/Src/balance_car/app_sensors.c ****     if (weight < 0.0f) {
 320              		.loc 1 84 41 view .LVU90
 321 003c 6169     		ldr	r1, [r4, #20]	@ float
  84:Core/Src/balance_car/app_sensors.c ****     if (weight < 0.0f) {
 322              		.loc 1 84 12 view .LVU91
ARM GAS  C:\Users\future\AppData\Local\Temp\cckudpvb.s 			page 10


 323 003e FFF7FEFF 		bl	__aeabi_fmul
 324              	.LVL18:
 325 0042 0446     		mov	r4, r0
 326              	.LVL19:
  85:Core/Src/balance_car/app_sensors.c ****         weight = 0.0f;
 327              		.loc 1 85 5 is_stmt 1 view .LVU92
  85:Core/Src/balance_car/app_sensors.c ****         weight = 0.0f;
 328              		.loc 1 85 8 is_stmt 0 view .LVU93
 329 0044 0021     		movs	r1, #0
 330 0046 FFF7FEFF 		bl	__aeabi_fcmplt
 331              	.LVL20:
  85:Core/Src/balance_car/app_sensors.c ****         weight = 0.0f;
 332              		.loc 1 85 8 view .LVU94
 333 004a 60B9     		cbnz	r0, .L29
 334              	.LVL21:
 335              	.L24:
  88:Core/Src/balance_car/app_sensors.c ****     g_sensor_state.weight_g = weight;
 336              		.loc 1 88 5 is_stmt 1 view .LVU95
  88:Core/Src/balance_car/app_sensors.c ****     g_sensor_state.weight_g = weight;
 337              		.loc 1 88 35 is_stmt 0 view .LVU96
 338 004c 074B     		ldr	r3, .L30
 339 004e 9C61     		str	r4, [r3, #24]	@ float
  89:Core/Src/balance_car/app_sensors.c **** }
 340              		.loc 1 89 5 is_stmt 1 view .LVU97
  89:Core/Src/balance_car/app_sensors.c **** }
 341              		.loc 1 89 29 is_stmt 0 view .LVU98
 342 0050 9C60     		str	r4, [r3, #8]	@ float
 343              	.LVL22:
 344              	.L20:
  90:Core/Src/balance_car/app_sensors.c **** 
 345              		.loc 1 90 1 view .LVU99
 346 0052 02B0     		add	sp, sp, #8
 347              	.LCFI6:
 348              		.cfi_remember_state
 349              		.cfi_def_cfa_offset 8
 350              		@ sp needed
 351 0054 10BD     		pop	{r4, pc}
 352              	.LVL23:
 353              	.L28:
 354              	.LCFI7:
 355              		.cfi_restore_state
  69:Core/Src/balance_car/app_sensors.c ****         g_sensor_state.hx711_valid = 0U;
 356              		.loc 1 69 9 is_stmt 1 view .LVU100
 357 0056 0820     		movs	r0, #8
 358              	.LVL24:
  69:Core/Src/balance_car/app_sensors.c ****         g_sensor_state.hx711_valid = 0U;
 359              		.loc 1 69 9 is_stmt 0 view .LVU101
 360 0058 FFF7FEFF 		bl	AppSensors_SetFault
 361              	.LVL25:
  70:Core/Src/balance_car/app_sensors.c ****         return;
 362              		.loc 1 70 9 is_stmt 1 view .LVU102
  70:Core/Src/balance_car/app_sensors.c ****         return;
 363              		.loc 1 70 36 is_stmt 0 view .LVU103
 364 005c 034B     		ldr	r3, .L30
 365 005e 0022     		movs	r2, #0
 366 0060 83F82120 		strb	r2, [r3, #33]
  71:Core/Src/balance_car/app_sensors.c ****     }
ARM GAS  C:\Users\future\AppData\Local\Temp\cckudpvb.s 			page 11


 367              		.loc 1 71 9 is_stmt 1 view .LVU104
 368 0064 F5E7     		b	.L20
 369              	.LVL26:
 370              	.L29:
  86:Core/Src/balance_car/app_sensors.c ****     }
 371              		.loc 1 86 16 is_stmt 0 view .LVU105
 372 0066 0024     		movs	r4, #0
 373              	.LVL27:
  86:Core/Src/balance_car/app_sensors.c ****     }
 374              		.loc 1 86 16 view .LVU106
 375 0068 F0E7     		b	.L24
 376              	.L31:
 377 006a 00BF     		.align	2
 378              	.L30:
 379 006c 00000000 		.word	g_sensor_state
 380 0070 00000000 		.word	s_hx711_zero_captured
 381              		.cfi_endproc
 382              	.LFE68:
 384              		.section	.text.AppSensors_Init,"ax",%progbits
 385              		.align	1
 386              		.global	AppSensors_Init
 387              		.syntax unified
 388              		.thumb
 389              		.thumb_func
 391              	AppSensors_Init:
 392              	.LFB67:
  39:Core/Src/balance_car/app_sensors.c ****     HAL_StatusTypeDef status = HAL_OK;
 393              		.loc 1 39 1 is_stmt 1 view -0
 394              		.cfi_startproc
 395              		@ args = 0, pretend = 0, frame = 0
 396              		@ frame_needed = 0, uses_anonymous_args = 0
 397 0000 10B5     		push	{r4, lr}
 398              	.LCFI8:
 399              		.cfi_def_cfa_offset 8
 400              		.cfi_offset 4, -8
 401              		.cfi_offset 14, -4
  40:Core/Src/balance_car/app_sensors.c **** 
 402              		.loc 1 40 5 view .LVU108
 403              	.LVL28:
  42:Core/Src/balance_car/app_sensors.c ****         AppSensors_SetFault(SENSOR_FAULT_DHT_INIT);
 404              		.loc 1 42 5 view .LVU109
  42:Core/Src/balance_car/app_sensors.c ****         AppSensors_SetFault(SENSOR_FAULT_DHT_INIT);
 405              		.loc 1 42 9 is_stmt 0 view .LVU110
 406 0002 FFF7FEFF 		bl	Dht11_Init
 407              	.LVL29:
  42:Core/Src/balance_car/app_sensors.c ****         AppSensors_SetFault(SENSOR_FAULT_DHT_INIT);
 408              		.loc 1 42 8 discriminator 1 view .LVU111
 409 0006 0446     		mov	r4, r0
 410 0008 70B9     		cbnz	r0, .L36
 411              	.LVL30:
 412              	.L33:
  47:Core/Src/balance_car/app_sensors.c ****         AppSensors_SetFault(SENSOR_FAULT_HX711_INIT);
 413              		.loc 1 47 5 is_stmt 1 view .LVU112
  47:Core/Src/balance_car/app_sensors.c ****         AppSensors_SetFault(SENSOR_FAULT_HX711_INIT);
 414              		.loc 1 47 9 is_stmt 0 view .LVU113
 415 000a FFF7FEFF 		bl	Hx711_Init
 416              	.LVL31:
ARM GAS  C:\Users\future\AppData\Local\Temp\cckudpvb.s 			page 12


  47:Core/Src/balance_car/app_sensors.c ****         AppSensors_SetFault(SENSOR_FAULT_HX711_INIT);
 417              		.loc 1 47 8 discriminator 1 view .LVU114
 418 000e 80B9     		cbnz	r0, .L37
 419              	.LVL32:
 420              	.L34:
  52:Core/Src/balance_car/app_sensors.c ****     s_next_dht_ms = HAL_GetTick() + 1000U;
 421              		.loc 1 52 5 is_stmt 1 view .LVU115
  52:Core/Src/balance_car/app_sensors.c ****     s_next_dht_ms = HAL_GetTick() + 1000U;
 422              		.loc 1 52 23 is_stmt 0 view .LVU116
 423 0010 FFF7FEFF 		bl	HAL_GetTick
 424              	.LVL33:
  52:Core/Src/balance_car/app_sensors.c ****     s_next_dht_ms = HAL_GetTick() + 1000U;
 425              		.loc 1 52 21 discriminator 1 view .LVU117
 426 0014 094B     		ldr	r3, .L38
 427 0016 1860     		str	r0, [r3]
  53:Core/Src/balance_car/app_sensors.c ****     return status;
 428              		.loc 1 53 5 is_stmt 1 view .LVU118
  53:Core/Src/balance_car/app_sensors.c ****     return status;
 429              		.loc 1 53 21 is_stmt 0 view .LVU119
 430 0018 FFF7FEFF 		bl	HAL_GetTick
 431              	.LVL34:
  53:Core/Src/balance_car/app_sensors.c ****     return status;
 432              		.loc 1 53 35 discriminator 1 view .LVU120
 433 001c 00F57A70 		add	r0, r0, #1000
  53:Core/Src/balance_car/app_sensors.c ****     return status;
 434              		.loc 1 53 19 discriminator 1 view .LVU121
 435 0020 074B     		ldr	r3, .L38+4
 436 0022 1860     		str	r0, [r3]
  54:Core/Src/balance_car/app_sensors.c **** }
 437              		.loc 1 54 5 is_stmt 1 view .LVU122
  55:Core/Src/balance_car/app_sensors.c **** 
 438              		.loc 1 55 1 is_stmt 0 view .LVU123
 439 0024 2046     		mov	r0, r4
 440 0026 10BD     		pop	{r4, pc}
 441              	.LVL35:
 442              	.L36:
  43:Core/Src/balance_car/app_sensors.c ****         status = HAL_ERROR;
 443              		.loc 1 43 9 is_stmt 1 view .LVU124
 444 0028 0120     		movs	r0, #1
 445 002a FFF7FEFF 		bl	AppSensors_SetFault
 446              	.LVL36:
  44:Core/Src/balance_car/app_sensors.c ****     }
 447              		.loc 1 44 9 view .LVU125
  44:Core/Src/balance_car/app_sensors.c ****     }
 448              		.loc 1 44 16 is_stmt 0 view .LVU126
 449 002e 0124     		movs	r4, #1
 450 0030 EBE7     		b	.L33
 451              	.LVL37:
 452              	.L37:
  48:Core/Src/balance_car/app_sensors.c ****         status = HAL_ERROR;
 453              		.loc 1 48 9 is_stmt 1 view .LVU127
 454 0032 0420     		movs	r0, #4
 455 0034 FFF7FEFF 		bl	AppSensors_SetFault
 456              	.LVL38:
  49:Core/Src/balance_car/app_sensors.c ****     }
 457              		.loc 1 49 9 view .LVU128
  49:Core/Src/balance_car/app_sensors.c ****     }
ARM GAS  C:\Users\future\AppData\Local\Temp\cckudpvb.s 			page 13


 458              		.loc 1 49 16 is_stmt 0 view .LVU129
 459 0038 0124     		movs	r4, #1
 460 003a E9E7     		b	.L34
 461              	.L39:
 462              		.align	2
 463              	.L38:
 464 003c 00000000 		.word	s_next_hx711_ms
 465 0040 00000000 		.word	s_next_dht_ms
 466              		.cfi_endproc
 467              	.LFE67:
 469              		.section	.text.AppSensors_Background,"ax",%progbits
 470              		.align	1
 471              		.global	AppSensors_Background
 472              		.syntax unified
 473              		.thumb
 474              		.thumb_func
 476              	AppSensors_Background:
 477              	.LFB70:
 127:Core/Src/balance_car/app_sensors.c **** 
 128:Core/Src/balance_car/app_sensors.c **** void AppSensors_Background(void)
 129:Core/Src/balance_car/app_sensors.c **** {
 478              		.loc 1 129 1 is_stmt 1 view -0
 479              		.cfi_startproc
 480              		@ args = 0, pretend = 0, frame = 0
 481              		@ frame_needed = 0, uses_anonymous_args = 0
 482 0000 08B5     		push	{r3, lr}
 483              	.LCFI9:
 484              		.cfi_def_cfa_offset 8
 485              		.cfi_offset 3, -8
 486              		.cfi_offset 14, -4
 130:Core/Src/balance_car/app_sensors.c ****     uint32_t now = HAL_GetTick();
 487              		.loc 1 130 5 view .LVU131
 488              		.loc 1 130 20 is_stmt 0 view .LVU132
 489 0002 FFF7FEFF 		bl	HAL_GetTick
 490              	.LVL39:
 131:Core/Src/balance_car/app_sensors.c **** 
 132:Core/Src/balance_car/app_sensors.c ****     if (s_dht_waiting != 0U) {
 491              		.loc 1 132 5 is_stmt 1 view .LVU133
 492              		.loc 1 132 23 is_stmt 0 view .LVU134
 493 0006 0D4B     		ldr	r3, .L48
 494 0008 1B78     		ldrb	r3, [r3]	@ zero_extendqisi2
 495              		.loc 1 132 8 view .LVU135
 496 000a 53B9     		cbnz	r3, .L45
 133:Core/Src/balance_car/app_sensors.c ****         AppSensors_ServiceDht();
 134:Core/Src/balance_car/app_sensors.c ****         return;
 135:Core/Src/balance_car/app_sensors.c ****     }
 136:Core/Src/balance_car/app_sensors.c **** 
 137:Core/Src/balance_car/app_sensors.c ****     if ((int32_t)(now - s_next_dht_ms) >= 0) {
 497              		.loc 1 137 5 is_stmt 1 view .LVU136
 498              		.loc 1 137 23 is_stmt 0 view .LVU137
 499 000c 0C4B     		ldr	r3, .L48+4
 500 000e 1B68     		ldr	r3, [r3]
 501 0010 C31A     		subs	r3, r0, r3
 502              		.loc 1 137 8 view .LVU138
 503 0012 002B     		cmp	r3, #0
 504 0014 08DA     		bge	.L46
 138:Core/Src/balance_car/app_sensors.c ****         AppSensors_ServiceDht();
ARM GAS  C:\Users\future\AppData\Local\Temp\cckudpvb.s 			page 14


 139:Core/Src/balance_car/app_sensors.c ****         return;
 140:Core/Src/balance_car/app_sensors.c ****     }
 141:Core/Src/balance_car/app_sensors.c **** 
 142:Core/Src/balance_car/app_sensors.c ****     if ((int32_t)(now - s_next_hx711_ms) >= 0) {
 505              		.loc 1 142 5 is_stmt 1 view .LVU139
 506              		.loc 1 142 23 is_stmt 0 view .LVU140
 507 0016 0B4B     		ldr	r3, .L48+8
 508 0018 1B68     		ldr	r3, [r3]
 509 001a C31A     		subs	r3, r0, r3
 510              		.loc 1 142 8 view .LVU141
 511 001c 002B     		cmp	r3, #0
 512 001e 06DA     		bge	.L47
 513              	.LVL40:
 514              	.L40:
 143:Core/Src/balance_car/app_sensors.c ****         s_next_hx711_ms = now + HX711_SAMPLE_PERIOD_MS;
 144:Core/Src/balance_car/app_sensors.c ****         AppSensors_ReadHx711();
 145:Core/Src/balance_car/app_sensors.c ****     }
 146:Core/Src/balance_car/app_sensors.c **** }
 515              		.loc 1 146 1 view .LVU142
 516 0020 08BD     		pop	{r3, pc}
 517              	.LVL41:
 518              	.L45:
 133:Core/Src/balance_car/app_sensors.c ****         return;
 519              		.loc 1 133 9 is_stmt 1 view .LVU143
 520 0022 FFF7FEFF 		bl	AppSensors_ServiceDht
 521              	.LVL42:
 134:Core/Src/balance_car/app_sensors.c ****     }
 522              		.loc 1 134 9 view .LVU144
 523 0026 FBE7     		b	.L40
 524              	.LVL43:
 525              	.L46:
 138:Core/Src/balance_car/app_sensors.c ****         return;
 526              		.loc 1 138 9 view .LVU145
 527 0028 FFF7FEFF 		bl	AppSensors_ServiceDht
 528              	.LVL44:
 139:Core/Src/balance_car/app_sensors.c ****     }
 529              		.loc 1 139 9 view .LVU146
 530 002c F8E7     		b	.L40
 531              	.LVL45:
 532              	.L47:
 143:Core/Src/balance_car/app_sensors.c ****         AppSensors_ReadHx711();
 533              		.loc 1 143 9 view .LVU147
 143:Core/Src/balance_car/app_sensors.c ****         AppSensors_ReadHx711();
 534              		.loc 1 143 31 is_stmt 0 view .LVU148
 535 002e 6430     		adds	r0, r0, #100
 536              	.LVL46:
 143:Core/Src/balance_car/app_sensors.c ****         AppSensors_ReadHx711();
 537              		.loc 1 143 25 view .LVU149
 538 0030 044B     		ldr	r3, .L48+8
 539 0032 1860     		str	r0, [r3]
 144:Core/Src/balance_car/app_sensors.c ****     }
 540              		.loc 1 144 9 is_stmt 1 view .LVU150
 541 0034 FFF7FEFF 		bl	AppSensors_ReadHx711
 542              	.LVL47:
 144:Core/Src/balance_car/app_sensors.c ****     }
 543              		.loc 1 144 9 is_stmt 0 view .LVU151
 544 0038 F2E7     		b	.L40
ARM GAS  C:\Users\future\AppData\Local\Temp\cckudpvb.s 			page 15


 545              	.L49:
 546 003a 00BF     		.align	2
 547              	.L48:
 548 003c 00000000 		.word	s_dht_waiting
 549 0040 00000000 		.word	s_next_dht_ms
 550 0044 00000000 		.word	s_next_hx711_ms
 551              		.cfi_endproc
 552              	.LFE70:
 554              		.section	.bss.s_hx711_zero_captured,"aw",%nobits
 557              	s_hx711_zero_captured:
 558 0000 00       		.space	1
 559              		.section	.bss.s_dht_waiting,"aw",%nobits
 562              	s_dht_waiting:
 563 0000 00       		.space	1
 564              		.section	.bss.s_dht_start_ms,"aw",%nobits
 565              		.align	2
 568              	s_dht_start_ms:
 569 0000 00000000 		.space	4
 570              		.section	.bss.s_next_dht_ms,"aw",%nobits
 571              		.align	2
 574              	s_next_dht_ms:
 575 0000 00000000 		.space	4
 576              		.section	.bss.s_next_hx711_ms,"aw",%nobits
 577              		.align	2
 580              	s_next_hx711_ms:
 581 0000 00000000 		.space	4
 582              		.global	g_sensor_state
 583              		.section	.data.g_sensor_state,"aw"
 584              		.align	2
 587              	g_sensor_state:
 588 0000 00000000 		.word	0
 589 0004 00000000 		.word	0
 590 0008 00000000 		.word	0
 591 000c 00000000 		.word	0
 592 0010 00000000 		.word	0
 593 0014 0000803F 		.word	1065353216
 594 0018 00000000 		.word	0
 595 001c 00000000 		.word	0
 596 0020 00000000 		.space	8
 596      00000000 
 597              		.text
 598              	.Letext0:
 599              		.file 2 "C:/msys64/mingw64/arm-none-eabi/include/machine/_default_types.h"
 600              		.file 3 "C:/msys64/mingw64/arm-none-eabi/include/sys/_stdint.h"
 601              		.file 4 "Drivers/STM32F1xx_HAL_Driver/Inc/stm32f1xx_hal_def.h"
 602              		.file 5 "Core/Inc/balance_car/app_sensors.h"
 603              		.file 6 "Core/Inc/balance_car/dht11.h"
 604              		.file 7 "Core/Inc/balance_car/hx711.h"
 605              		.file 8 "Drivers/STM32F1xx_HAL_Driver/Inc/stm32f1xx_hal.h"
ARM GAS  C:\Users\future\AppData\Local\Temp\cckudpvb.s 			page 16


DEFINED SYMBOLS
                            *ABS*:00000000 app_sensors.c
C:\Users\future\AppData\Local\Temp\cckudpvb.s:19     .text.AppSensors_SetFault:00000000 $t
C:\Users\future\AppData\Local\Temp\cckudpvb.s:25     .text.AppSensors_SetFault:00000000 AppSensors_SetFault
C:\Users\future\AppData\Local\Temp\cckudpvb.s:45     .text.AppSensors_SetFault:0000000c $d
C:\Users\future\AppData\Local\Temp\cckudpvb.s:587    .data.g_sensor_state:00000000 g_sensor_state
C:\Users\future\AppData\Local\Temp\cckudpvb.s:50     .text.AppSensors_ClearFault:00000000 $t
C:\Users\future\AppData\Local\Temp\cckudpvb.s:56     .text.AppSensors_ClearFault:00000000 AppSensors_ClearFault
C:\Users\future\AppData\Local\Temp\cckudpvb.s:76     .text.AppSensors_ClearFault:0000000c $d
C:\Users\future\AppData\Local\Temp\cckudpvb.s:81     .text.AppSensors_ServiceDht:00000000 $t
C:\Users\future\AppData\Local\Temp\cckudpvb.s:86     .text.AppSensors_ServiceDht:00000000 AppSensors_ServiceDht
C:\Users\future\AppData\Local\Temp\cckudpvb.s:231    .text.AppSensors_ServiceDht:00000098 $d
C:\Users\future\AppData\Local\Temp\cckudpvb.s:562    .bss.s_dht_waiting:00000000 s_dht_waiting
C:\Users\future\AppData\Local\Temp\cckudpvb.s:568    .bss.s_dht_start_ms:00000000 s_dht_start_ms
C:\Users\future\AppData\Local\Temp\cckudpvb.s:574    .bss.s_next_dht_ms:00000000 s_next_dht_ms
C:\Users\future\AppData\Local\Temp\cckudpvb.s:242    .text.AppSensors_ReadHx711:00000000 $t
C:\Users\future\AppData\Local\Temp\cckudpvb.s:247    .text.AppSensors_ReadHx711:00000000 AppSensors_ReadHx711
C:\Users\future\AppData\Local\Temp\cckudpvb.s:379    .text.AppSensors_ReadHx711:0000006c $d
C:\Users\future\AppData\Local\Temp\cckudpvb.s:557    .bss.s_hx711_zero_captured:00000000 s_hx711_zero_captured
C:\Users\future\AppData\Local\Temp\cckudpvb.s:385    .text.AppSensors_Init:00000000 $t
C:\Users\future\AppData\Local\Temp\cckudpvb.s:391    .text.AppSensors_Init:00000000 AppSensors_Init
C:\Users\future\AppData\Local\Temp\cckudpvb.s:464    .text.AppSensors_Init:0000003c $d
C:\Users\future\AppData\Local\Temp\cckudpvb.s:580    .bss.s_next_hx711_ms:00000000 s_next_hx711_ms
C:\Users\future\AppData\Local\Temp\cckudpvb.s:470    .text.AppSensors_Background:00000000 $t
C:\Users\future\AppData\Local\Temp\cckudpvb.s:476    .text.AppSensors_Background:00000000 AppSensors_Background
C:\Users\future\AppData\Local\Temp\cckudpvb.s:548    .text.AppSensors_Background:0000003c $d
C:\Users\future\AppData\Local\Temp\cckudpvb.s:558    .bss.s_hx711_zero_captured:00000000 $d
C:\Users\future\AppData\Local\Temp\cckudpvb.s:563    .bss.s_dht_waiting:00000000 $d
C:\Users\future\AppData\Local\Temp\cckudpvb.s:565    .bss.s_dht_start_ms:00000000 $d
C:\Users\future\AppData\Local\Temp\cckudpvb.s:571    .bss.s_next_dht_ms:00000000 $d
C:\Users\future\AppData\Local\Temp\cckudpvb.s:577    .bss.s_next_hx711_ms:00000000 $d
C:\Users\future\AppData\Local\Temp\cckudpvb.s:584    .data.g_sensor_state:00000000 $d

UNDEFINED SYMBOLS
HAL_GetTick
Dht11_StartRead
Dht11_FinishRead
Dht11_GetFailStep
__aeabi_i2f
__aeabi_fmul
__aeabi_fcmplt
Hx711_ReadRaw
Dht11_Init
Hx711_Init
