Archive member included to satisfy reference by file (symbol)

F:/Msys2/mingw64/bin/../lib/gcc/arm-none-eabi/13.3.0/../../../../arm-none-eabi/lib/thumb/v7-m/nofp\libc_nano.a(libc_a-atexit.o)
                              F:/Msys2/mingw64/bin/../lib/gcc/arm-none-eabi/13.3.0/../../../../arm-none-eabi/lib/thumb/v7-m/nofp/crt0.o (atexit)
F:/Msys2/mingw64/bin/../lib/gcc/arm-none-eabi/13.3.0/../../../../arm-none-eabi/lib/thumb/v7-m/nofp\libc_nano.a(libc_a-exit.o)
                              F:/Msys2/mingw64/bin/../lib/gcc/arm-none-eabi/13.3.0/../../../../arm-none-eabi/lib/thumb/v7-m/nofp/crt0.o (exit)
F:/Msys2/mingw64/bin/../lib/gcc/arm-none-eabi/13.3.0/../../../../arm-none-eabi/lib/thumb/v7-m/nofp\libc_nano.a(libc_a-strtod.o)
                              build/raspi_link.o (strtof)
F:/Msys2/mingw64/bin/../lib/gcc/arm-none-eabi/13.3.0/../../../../arm-none-eabi/lib/thumb/v7-m/nofp\libc_nano.a(libc_a-strtoul.o)
                              build/raspi_link.o (strtoul)
F:/Msys2/mingw64/bin/../lib/gcc/arm-none-eabi/13.3.0/../../../../arm-none-eabi/lib/thumb/v7-m/nofp\libc_nano.a(libc_a-ctype_.o)
                              F:/Msys2/mingw64/bin/../lib/gcc/arm-none-eabi/13.3.0/../../../../arm-none-eabi/lib/thumb/v7-m/nofp\libc_nano.a(libc_a-strtoul.o) (_ctype_)
F:/Msys2/mingw64/bin/../lib/gcc/arm-none-eabi/13.3.0/../../../../arm-none-eabi/lib/thumb/v7-m/nofp\libc_nano.a(libc_a-findfp.o)
                              F:/Msys2/mingw64/bin/../lib/gcc/arm-none-eabi/13.3.0/../../../../arm-none-eabi/lib/thumb/v7-m/nofp\libc_nano.a(libc_a-exit.o) (__stdio_exit_handler)
F:/Msys2/mingw64/bin/../lib/gcc/arm-none-eabi/13.3.0/../../../../arm-none-eabi/lib/thumb/v7-m/nofp\libc_nano.a(libc_a-fwalk.o)
                              F:/Msys2/mingw64/bin/../lib/gcc/arm-none-eabi/13.3.0/../../../../arm-none-eabi/lib/thumb/v7-m/nofp\libc_nano.a(libc_a-findfp.o) (_fwalk_sglue)
F:/Msys2/mingw64/bin/../lib/gcc/arm-none-eabi/13.3.0/../../../../arm-none-eabi/lib/thumb/v7-m/nofp\libc_nano.a(libc_a-snprintf.o)
                              build/raspi_link.o (snprintf)
F:/Msys2/mingw64/bin/../lib/gcc/arm-none-eabi/13.3.0/../../../../arm-none-eabi/lib/thumb/v7-m/nofp\libc_nano.a(libc_a-stdio.o)
                              F:/Msys2/mingw64/bin/../lib/gcc/arm-none-eabi/13.3.0/../../../../arm-none-eabi/lib/thumb/v7-m/nofp\libc_nano.a(libc_a-findfp.o) (__sread)
F:/Msys2/mingw64/bin/../lib/gcc/arm-none-eabi/13.3.0/../../../../arm-none-eabi/lib/thumb/v7-m/nofp\libc_nano.a(libc_a-memset.o)
                              F:/Msys2/mingw64/bin/../lib/gcc/arm-none-eabi/13.3.0/../../../../arm-none-eabi/lib/thumb/v7-m/nofp/crt0.o (memset)
F:/Msys2/mingw64/bin/../lib/gcc/arm-none-eabi/13.3.0/../../../../arm-none-eabi/lib/thumb/v7-m/nofp\libc_nano.a(libc_a-strchr.o)
                              build/raspi_link.o (strchr)
F:/Msys2/mingw64/bin/../lib/gcc/arm-none-eabi/13.3.0/../../../../arm-none-eabi/lib/thumb/v7-m/nofp\libc_nano.a(libc_a-strncmp.o)
                              build/remote_control.o (strncmp)
F:/Msys2/mingw64/bin/../lib/gcc/arm-none-eabi/13.3.0/../../../../arm-none-eabi/lib/thumb/v7-m/nofp\libc_nano.a(libc_a-strncpy.o)
                              build/raspi_link.o (strncpy)
F:/Msys2/mingw64/bin/../lib/gcc/arm-none-eabi/13.3.0/../../../../arm-none-eabi/lib/thumb/v7-m/nofp\libc_nano.a(libc_a-locale.o)
                              F:/Msys2/mingw64/bin/../lib/gcc/arm-none-eabi/13.3.0/../../../../arm-none-eabi/lib/thumb/v7-m/nofp\libc_nano.a(libc_a-strtod.o) (__global_locale)
F:/Msys2/mingw64/bin/../lib/gcc/arm-none-eabi/13.3.0/../../../../arm-none-eabi/lib/thumb/v7-m/nofp\libc_nano.a(libc_a-closer.o)
                              F:/Msys2/mingw64/bin/../lib/gcc/arm-none-eabi/13.3.0/../../../../arm-none-eabi/lib/thumb/v7-m/nofp\libc_nano.a(libc_a-stdio.o) (_close_r)
F:/Msys2/mingw64/bin/../lib/gcc/arm-none-eabi/13.3.0/../../../../arm-none-eabi/lib/thumb/v7-m/nofp\libc_nano.a(libc_a-reent.o)
                              F:/Msys2/mingw64/bin/../lib/gcc/arm-none-eabi/13.3.0/../../../../arm-none-eabi/lib/thumb/v7-m/nofp\libc_nano.a(libc_a-closer.o) (errno)
F:/Msys2/mingw64/bin/../lib/gcc/arm-none-eabi/13.3.0/../../../../arm-none-eabi/lib/thumb/v7-m/nofp\libc_nano.a(libc_a-impure.o)
                              F:/Msys2/mingw64/bin/../lib/gcc/arm-none-eabi/13.3.0/../../../../arm-none-eabi/lib/thumb/v7-m/nofp\libc_nano.a(libc_a-strtod.o) (_impure_ptr)
F:/Msys2/mingw64/bin/../lib/gcc/arm-none-eabi/13.3.0/../../../../arm-none-eabi/lib/thumb/v7-m/nofp\libc_nano.a(libc_a-lseekr.o)
                              F:/Msys2/mingw64/bin/../lib/gcc/arm-none-eabi/13.3.0/../../../../arm-none-eabi/lib/thumb/v7-m/nofp\libc_nano.a(libc_a-stdio.o) (_lseek_r)
F:/Msys2/mingw64/bin/../lib/gcc/arm-none-eabi/13.3.0/../../../../arm-none-eabi/lib/thumb/v7-m/nofp\libc_nano.a(libc_a-readr.o)
                              F:/Msys2/mingw64/bin/../lib/gcc/arm-none-eabi/13.3.0/../../../../arm-none-eabi/lib/thumb/v7-m/nofp\libc_nano.a(libc_a-stdio.o) (_read_r)
[...]
Memory Configuration

Name             Origin             Length             Attributes
RAM              0x20000000         0x00005000         xrw
FLASH            0x08000000         0x00010000         xr
*default*        0x00000000         0xffffffff

Linker script and memory map

LOAD F:/Msys2/mingw64/bin/../lib/gcc/arm-none-eabi/13.3.0/thumb/v7-m/nofp/crti.o
LOAD F:/Msys2/mingw64/bin/../lib/gcc/arm-none-eabi/13.3.0/thumb/v7-m/nofp/crtbegin.o
LOAD F:/Msys2/mingw64/bin/../lib/gcc/arm-none-eabi/13.3.0/../../../../arm-none-eabi/lib/thumb/v7-m/nofp/crt0.o
LOAD build/main.o
LOAD build/balance_control.o
LOAD build/app_sensors.o
LOAD build/app_tasks.o
LOAD build/dht11.o
LOAD build/encoder_hal.o
LOAD build/hx711.o
LOAD build/i2c_bus.o
LOAD build/motor_tb6612.o
LOAD build/mpu6050_hal.o
LOAD build/pid.o
LOAD build/raspi_link.o
LOAD build/remote_control.o
LOAD build/uart_dispatch.o
LOAD build/stm32f1xx_it.o
LOAD build/stm32f1xx_hal_msp.o
LOAD build/cmsis_os.o
LOAD build/croutine.o
LOAD build/event_groups.o
LOAD build/list.o
LOAD build/queue.o
LOAD build/stream_buffer.o
LOAD build/tasks.o
LOAD build/timers.o
LOAD build/port.o
LOAD build/heap_4.o
LOAD build/stm32f1xx_hal_gpio_ex.o
LOAD build/stm32f1xx_hal.o
LOAD build/stm32f1xx_hal_i2c.o
LOAD build/stm32f1xx_hal_rcc.o
LOAD build/stm32f1xx_hal_rcc_ex.o
LOAD build/stm32f1xx_hal_gpio.o
LOAD build/stm32f1xx_hal_tim.o
LOAD build/stm32f1xx_hal_tim_ex.o
LOAD build/stm32f1xx_hal_uart.o
LOAD build/stm32f1xx_hal_dma.o
LOAD build/stm32f1xx_hal_cortex.o
LOAD build/stm32f1xx_hal_pwr.o
LOAD build/stm32f1xx_hal_flash.o
LOAD build/stm32f1xx_hal_flash_ex.o
LOAD build/stm32f1xx_hal_exti.o
LOAD build/stm32f1xx_hal_adc.o
LOAD build/stm32f1xx_hal_adc_ex.o
LOAD build/system_stm32f1xx.o
LOAD build/sysmem.o
LOAD build/syscalls.o
LOAD build/startup_stm32f103xb.o
LOAD F:/Msys2/mingw64/bin/../lib/gcc/arm-none-eabi/13.3.0/../../../../arm-none-eabi/lib/thumb/v7-m/nofp\libc_nano.a
LOAD F:/Msys2/mingw64/bin/../lib/gcc/arm-none-eabi/13.3.0/../../../../arm-none-eabi/lib/thumb/v7-m/nofp\libm.a
LOAD F:/Msys2/mingw64/bin/../lib/gcc/arm-none-eabi/13.3.0/../../../../arm-none-eabi/lib/thumb/v7-m/nofp\libnosys.a
START GROUP
LOAD F:/Msys2/mingw64/bin/../lib/gcc/arm-none-eabi/13.3.0/thumb/v7-m/nofp\libgcc.a
LOAD F:/Msys2/mingw64/bin/../lib/gcc/arm-none-eabi/13.3.0/../../../../arm-none-eabi/lib/thumb/v7-m/nofp\libc_nano.a
END GROUP
START GROUP
LOAD F:/Msys2/mingw64/bin/../lib/gcc/arm-none-eabi/13.3.0/thumb/v7-m/nofp\libgcc.a
LOAD F:/Msys2/mingw64/bin/../lib/gcc/arm-none-eabi/13.3.0/../../../../arm-none-eabi/lib/thumb/v7-m/nofp\libc_nano.a
END GROUP
LOAD F:/Msys2/mingw64/bin/../lib/gcc/arm-none-eabi/13.3.0/thumb/v7-m/nofp/crtend.o
LOAD F:/Msys2/mingw64/bin/../lib/gcc/arm-none-eabi/13.3.0/thumb/v7-m/nofp/crtn.o
                0x20005000                        _estack = (ORIGIN (RAM) + LENGTH (RAM))
                0x00000200                        _Min_Heap_Size = 0x200
                0x00000400                        _Min_Stack_Size = 0x400

.isr_vector     0x08000000      0x10c
                0x08000000                        . = ALIGN (0x4)
 *(.isr_vector)
 .isr_vector    0x08000000      0x10c build/startup_stm32f103xb.o
                0x08000000                g_pfnVectors
                0x0800010c                        . = ALIGN (0x4)

.text           0x08000110     0xf110
                0x08000110                        . = ALIGN (0x4)
 *(.text)
 .text          0x08000110     0x1134 F:/Msys2/mingw64/bin/../lib/gcc/arm-none-eabi/13.3.0/../../../../arm-none-eabi/lib/thumb/v7-m/nofp\libc_nano.a(libc_a-strtod.o)
                0x08000110                _strtod_l
                0x080010a0                _strtod_r
                0x080010ac                strtod_l
                0x080010c8                strtod
                0x080010e0                strtof_l
                0x08001184                strtof
 .text          0x08001244      0x170 F:/Msys2/mingw64/bin/../lib/gcc/arm-none-eabi/13.3.0/../../../../arm-none-eabi/lib/thumb/v7-m/nofp\libc_nano.a(libc_a-strtoul.o)
                0x08001378                _strtoul_r
                0x0800137c                strtoul_l
                0x08001398                strtoul
 .text          0x080013b4      0x2dc F:/Msys2/mingw64/bin/../lib/gcc/arm-none-eabi/13.3.0/../../../../arm-none-eabi/lib/thumb/v7-m/nofp\libc_nano.a(libc_a-findfp.o)
                0x08001530                __sfp
                0x080015f0                __sinit
                0x08001630                __sfp_lock_acquire
                0x0800163c                __sfp_lock_release
                0x08001648                __fp_lock_all
                0x0800166c                __fp_unlock_all
 .text          0x08001690       0x44 F:/Msys2/mingw64/bin/../lib/gcc/arm-none-eabi/13.3.0/../../../../arm-none-eabi/lib/thumb/v7-m/nofp\libc_nano.a(libc_a-fwalk.o)
                0x08001690                _fwalk_sglue
 .text          0x080016d4      0x10c F:/Msys2/mingw64/bin/../lib/gcc/arm-none-eabi/13.3.0/../../../../arm-none-eabi/lib/thumb/v7-m/nofp\libc_nano.a(libc_a-snprintf.o)
                0x080016d4                _sniprintf_r
                0x080016d4                _snprintf_r
                0x08001754                sniprintf
                0x08001754                snprintf
 .text          0x080017e0       0x94 F:/Msys2/mingw64/bin/../lib/gcc/arm-none-eabi/13.3.0/../../../../arm-none-eabi/lib/thumb/v7-m/nofp\libc_nano.a(libc_a-stdio.o)
                0x080017e0                __sread
                0x08001804                __seofread
                0x08001808                __swrite
                0x08001848                __sseek
                0x0800186c                __sclose
 .text          0x08001874       0xa0 F:/Msys2/mingw64/bin/../lib/gcc/arm-none-eabi/13.3.0/../../../../arm-none-eabi/lib/thumb/v7-m/nofp\libc_nano.a(libc_a-memset.o)
                0x08001874                memset
 .text          0x08001914       0xd0 F:/Msys2/mingw64/bin/../lib/gcc/arm-none-eabi/13.3.0/../../../../arm-none-eabi/lib/thumb/v7-m/nofp\libc_nano.a(libc_a-strchr.o)
                0x08001914                strchr
 .text          0x080019e4       0x8c F:/Msys2/mingw64/bin/../lib/gcc/arm-none-eabi/13.3.0/../../../../arm-none-eabi/lib/thumb/v7-m/nofp\libc_nano.a(libc_a-strncmp.o)
                0x080019e4                strncmp
 .text          0x08001a70       0x6c F:/Msys2/mingw64/bin/../lib/gcc/arm-none-eabi/13.3.0/../../../../arm-none-eabi/lib/thumb/v7-m/nofp\libc_nano.a(libc_a-strncpy.o)
                0x08001a70                strncpy
 .text          0x08001adc       0x24 F:/Msys2/mingw64/bin/../lib/gcc/arm-none-eabi/13.3.0/../../../../arm-none-eabi/lib/thumb/v7-m/nofp\libc_nano.a(libc_a-closer.o)
                0x08001adc                _close_r
 .text          0x08001b00       0x2c F:/Msys2/mingw64/bin/../lib/gcc/arm-none-eabi/13.3.0/../../../../arm-none-eabi/lib/thumb/v7-m/nofp\libc_nano.a(libc_a-lseekr.o)
                0x08001b00                _lseek_r
 .text          0x08001b2c       0x2c F:/Msys2/mingw64/bin/../lib/gcc/arm-none-eabi/13.3.0/../../../../arm-none-eabi/lib/thumb/v7-m/nofp\libc_nano.a(libc_a-readr.o)
                0x08001b2c                _read_r
 .text          0x08001b58       0x2c F:/Msys2/mingw64/bin/../lib/gcc/arm-none-eabi/13.3.0/../../../../arm-none-eabi/lib/thumb/v7-m/nofp\libc_nano.a(libc_a-writer.o)
                0x08001b58                _write_r
 .text          0x08001b84        0xc F:/Msys2/mingw64/bin/../lib/gcc/arm-none-eabi/13.3.0/../../../../arm-none-eabi/lib/thumb/v7-m/nofp\libc_nano.a(libc_a-errno.o)
                0x08001b84                __errno
 .text          0x08001b90       0x50 F:/Msys2/mingw64/bin/../lib/gcc/arm-none-eabi/13.3.0/../../../../arm-none-eabi/lib/thumb/v7-m/nofp\libc_nano.a(libc_a-init.o)
                0x08001b90                __libc_init_array
 .text          0x08001be0       0x28 F:/Msys2/mingw64/bin/../lib/gcc/arm-none-eabi/13.3.0/../../../../arm-none-eabi/lib/thumb/v7-m/nofp\libc_nano.a(libc_a-lock.o)
                0x08001be0                __retarget_lock_init
                0x08001be4                __retarget_lock_init_recursive
                0x08001be8                __retarget_lock_close
                0x08001bec                __retarget_lock_close_recursive
                0x08001bf0                __retarget_lock_acquire
                0x08001bf4                __retarget_lock_acquire_recursive
                0x08001bf8                __retarget_lock_try_acquire
                0x08001bfc                __retarget_lock_try_acquire_recursive
                0x08001c00                __retarget_lock_release
                0x08001c04                __retarget_lock_release_recursive
 .text          0x08001c08      0x1bc F:/Msys2/mingw64/bin/../lib/gcc/arm-none-eabi/13.3.0/../../../../arm-none-eabi/lib/thumb/v7-m/nofp\libc_nano.a(libc_a-strcmp.o)
                0x08001c08                strcmp
 .text          0x08001dc4       0xec F:/Msys2/mingw64/bin/../lib/gcc/arm-none-eabi/13.3.0/../../../../arm-none-eabi/lib/thumb/v7-m/nofp\libc_nano.a(libc_a-memcpy.o)
                0x08001dc4                memcpy
 .text          0x08001eb0        0xc F:/Msys2/mingw64/bin/../lib/gcc/arm-none-eabi/13.3.0/../../../../arm-none-eabi/lib/thumb/v7-m/nofp\libc_nano.a(libm_a-s_nan.o)
                0x08001eb0                nan
 .text          0x08001ebc        0x8 F:/Msys2/mingw64/bin/../lib/gcc/arm-none-eabi/13.3.0/../../../../arm-none-eabi/lib/thumb/v7-m/nofp\libc_nano.a(libm_a-sf_nan.o)
                0x08001ebc                nanf
 .text          0x08001ec4       0xbc F:/Msys2/mingw64/bin/../lib/gcc/arm-none-eabi/13.3.0/../../../../arm-none-eabi/lib/thumb/v7-m/nofp\libc_nano.a(libc_a-freer.o)
                0x08001ec4                _free_r
 .text          0x08001f80      0x64c F:/Msys2/mingw64/bin/../lib/gcc/arm-none-eabi/13.3.0/../../../../arm-none-eabi/lib/thumb/v7-m/nofp\libc_nano.a(libc_a-gdtoa-gethex.o)
                0x08002024                __gethex
 .text          0x080025cc      0x204 F:/Msys2/mingw64/bin/../lib/gcc/arm-none-eabi/13.3.0/../../../../arm-none-eabi/lib/thumb/v7-m/nofp\libc_nano.a(libc_a-gdtoa-hexnan.o)
                0x080025cc                __match
                0x08002600                __hexnan
 .text          0x080027d0      0x14c F:/Msys2/mingw64/bin/../lib/gcc/arm-none-eabi/13.3.0/../../../../arm-none-eabi/lib/thumb/v7-m/nofp\libc_nano.a(libc_a-mallocr.o)
                0x0800281c                _malloc_r
 .text          0x0800291c       0x40 F:/Msys2/mingw64/bin/../lib/gcc/arm-none-eabi/13.3.0/../../../../arm-none-eabi/lib/thumb/v7-m/nofp\libc_nano.a(libc_a-mbtowc_r.o)
                0x0800291c                _mbtowc_r
                0x08002930                __ascii_mbtowc
 .text          0x0800295c       0x18 F:/Msys2/mingw64/bin/../lib/gcc/arm-none-eabi/13.3.0/../../../../arm-none-eabi/lib/thumb/v7-m/nofp\libc_nano.a(libc_a-mlock.o)
                0x0800295c                __malloc_lock
                0x08002968                __malloc_unlock
 .text          0x08002974      0xad0 F:/Msys2/mingw64/bin/../lib/gcc/arm-none-eabi/13.3.0/../../../../arm-none-eabi/lib/thumb/v7-m/nofp\libc_nano.a(libc_a-mprec.o)
                0x08002974                _Balloc
                0x080029f4                _Bfree
                0x08002a3c                __multadd
                0x08002ad8                __s2b
                0x08002b88                __hi0bits
                0x08002bcc                __lo0bits
                0x08002c28                __i2b
                0x08002c54                __multiply
                0x08002db8                __pow5mult
                0x08002e98                __lshift
                0x08002f80                __mcmp
                0x08002fc0                __mdiff
                0x08003138                __ulp
                0x08003188                __b2d
                0x0800323c                __d2b
                0x080032f8                __ratio
                0x08003354                _mprec_log10
                0x0800338c                __copybits
                0x080033ec                __any_on
 .text          0x08003444       0x30 F:/Msys2/mingw64/bin/../lib/gcc/arm-none-eabi/13.3.0/../../../../arm-none-eabi/lib/thumb/v7-m/nofp\libc_nano.a(libc_a-wctomb_r.o)
                0x08003444                _wctomb_r
                0x08003458                __ascii_wctomb
 .text          0x08003474      0x400 F:/Msys2/mingw64/bin/../lib/gcc/arm-none-eabi/13.3.0/../../../../arm-none-eabi/lib/thumb/v7-m/nofp\libc_nano.a(libc_a-nano-svfprintf.o)
                0x08003474                __ssputs_r
                0x08003534                __ssprint_r
                0x08003644                _svfiprintf_r
                0x08003644                _svfprintf_r
 .text          0x08003874      0x3a8 F:/Msys2/mingw64/bin/../lib/gcc/arm-none-eabi/13.3.0/../../../../arm-none-eabi/lib/thumb/v7-m/nofp\libc_nano.a(libc_a-nano-vfprintf_i.o)
                0x08003874                _printf_common
                0x08003998                _printf_i
 .text          0x08003c1c      0x194 F:/Msys2/mingw64/bin/../lib/gcc/arm-none-eabi/13.3.0/../../../../arm-none-eabi/lib/thumb/v7-m/nofp\libc_nano.a(libc_a-fflush.o)
                0x08003c1c                __sflush_r
                0x08003d30                _fflush_r
                0x08003d88                fflush
 .text          0x08003db0       0xfc F:/Msys2/mingw64/bin/../lib/gcc/arm-none-eabi/13.3.0/../../../../arm-none-eabi/lib/thumb/v7-m/nofp\libc_nano.a(libc_a-memmove.o)
                0x08003db0                memmove
 .text          0x08003eac       0x24 F:/Msys2/mingw64/bin/../lib/gcc/arm-none-eabi/13.3.0/../../../../arm-none-eabi/lib/thumb/v7-m/nofp\libc_nano.a(libc_a-sbrkr.o)
                0x08003eac                _sbrk_r
 .text          0x08003ed0       0x98 F:/Msys2/mingw64/bin/../lib/gcc/arm-none-eabi/13.3.0/../../../../arm-none-eabi/lib/thumb/v7-m/nofp\libc_nano.a(libc_a-memchr-stub.o)
                0x08003ed0                memchr
 .text          0x08003f68       0x4c F:/Msys2/mingw64/bin/../lib/gcc/arm-none-eabi/13.3.0/../../../../arm-none-eabi/lib/thumb/v7-m/nofp\libc_nano.a(libc_a-assert.o)
                0x08003f68                __assert_func
                0x08003fa8                __assert
 .text          0x08003fb4       0x28 F:/Msys2/mingw64/bin/../lib/gcc/arm-none-eabi/13.3.0/../../../../arm-none-eabi/lib/thumb/v7-m/nofp\libc_nano.a(libc_a-callocr.o)
                0x08003fb4                _calloc_r
 .text          0x08003fdc       0x20 F:/Msys2/mingw64/bin/../lib/gcc/arm-none-eabi/13.3.0/../../../../arm-none-eabi/lib/thumb/v7-m/nofp\libc_nano.a(libc_a-malloc.o)
                0x08003fdc                malloc
                0x08003fec                free
 .text          0x08003ffc       0x64 F:/Msys2/mingw64/bin/../lib/gcc/arm-none-eabi/13.3.0/../../../../arm-none-eabi/lib/thumb/v7-m/nofp\libc_nano.a(libc_a-reallocr.o)
                0x08003ffc                _realloc_r
 .text          0x08004060       0x44 F:/Msys2/mingw64/bin/../lib/gcc/arm-none-eabi/13.3.0/../../../../arm-none-eabi/lib/thumb/v7-m/nofp\libc_nano.a(libc_a-fprintf.o)
                0x08004060                _fprintf_r
                0x08004060                _fiprintf_r
                0x0800407c                fiprintf
                0x0800407c                fprintf
 .text          0x080040a4       0x10 F:/Msys2/mingw64/bin/../lib/gcc/arm-none-eabi/13.3.0/../../../../arm-none-eabi/lib/thumb/v7-m/nofp\libc_nano.a(libc_a-abort.o)
                0x080040a4                abort
 .text          0x080040b4       0x10 F:/Msys2/mingw64/bin/../lib/gcc/arm-none-eabi/13.3.0/../../../../arm-none-eabi/lib/thumb/v7-m/nofp\libc_nano.a(libc_a-msizer.o)
                0x080040b4                _malloc_usable_size_r
 .text          0x080040c4      0x348 F:/Msys2/mingw64/bin/../lib/gcc/arm-none-eabi/13.3.0/../../../../arm-none-eabi/lib/thumb/v7-m/nofp\libc_nano.a(libc_a-nano-vfprintf.o)
                0x080040ec                __sfputs_r
                0x0800411c                __sprint_r
                0x0800413c                _vfiprintf_r
                0x0800413c                _vfprintf_r
                0x080043f0                vfprintf
                0x080043f0                vfiprintf
 .text          0x0800440c      0x2ec F:/Msys2/mingw64/bin/../lib/gcc/arm-none-eabi/13.3.0/../../../../arm-none-eabi/lib/thumb/v7-m/nofp\libc_nano.a(libc_a-fvwrite.o)
                0x0800440c                __sfvwrite_r
 .text          0x080046f8       0x9c F:/Msys2/mingw64/bin/../lib/gcc/arm-none-eabi/13.3.0/../../../../arm-none-eabi/lib/thumb/v7-m/nofp\libc_nano.a(libc_a-wbuf.o)
                0x080046f8                __swbuf_r
                0x08004780                __swbuf
 .text          0x08004794       0xc4 F:/Msys2/mingw64/bin/../lib/gcc/arm-none-eabi/13.3.0/../../../../arm-none-eabi/lib/thumb/v7-m/nofp\libc_nano.a(libc_a-wsetup.o)
                0x08004794                __swsetup_r
 .text          0x08004858      0x264 F:/Msys2/mingw64/bin/../lib/gcc/arm-none-eabi/13.3.0/../../../../arm-none-eabi/lib/thumb/v7-m/nofp\libc_nano.a(libc_a-signal.o)
                0x08004858                _init_signal_r
                0x08004884                _signal_r
                0x080048d0                _raise_r
                0x08004920                __sigtramp_r
                0x08004984                raise
                0x080049d8                signal
                0x08004a24                _init_signal
                0x08004a58                __sigtramp
 .text          0x08004abc       0x2c F:/Msys2/mingw64/bin/../lib/gcc/arm-none-eabi/13.3.0/../../../../arm-none-eabi/lib/thumb/v7-m/nofp\libc_nano.a(libc_a-signalr.o)
                0x08004abc                _kill_r
                0x08004ae4                _getpid_r
 .text          0x08004ae8      0x110 F:/Msys2/mingw64/bin/../lib/gcc/arm-none-eabi/13.3.0/../../../../arm-none-eabi/lib/thumb/v7-m/nofp\libc_nano.a(libc_a-makebuf.o)
                0x08004ae8                __smakebuf_r
                0x08004bac                __swhatbuf_r
 .text          0x08004bf8       0x28 F:/Msys2/mingw64/bin/../lib/gcc/arm-none-eabi/13.3.0/../../../../arm-none-eabi/lib/thumb/v7-m/nofp\libc_nano.a(libc_a-fstatr.o)
                0x08004bf8                _fstat_r
 .text          0x08004c20       0x24 F:/Msys2/mingw64/bin/../lib/gcc/arm-none-eabi/13.3.0/../../../../arm-none-eabi/lib/thumb/v7-m/nofp\libc_nano.a(libc_a-isattyr.o)
                0x08004c20                _isatty_r
 .text          0x08004c44        0x4 F:/Msys2/mingw64/bin/../lib/gcc/arm-none-eabi/13.3.0/../../../../arm-none-eabi/lib/thumb/v7-m/nofp\libm.a(libm_a-wf_atan2.o)
                0x08004c44                atan2f
 .text          0x08004c48       0x70 F:/Msys2/mingw64/bin/../lib/gcc/arm-none-eabi/13.3.0/../../../../arm-none-eabi/lib/thumb/v7-m/nofp\libm.a(libm_a-sf_cos.o)
                0x08004c48                cosf
 .text          0x08004cb8       0x74 F:/Msys2/mingw64/bin/../lib/gcc/arm-none-eabi/13.3.0/../../../../arm-none-eabi/lib/thumb/v7-m/nofp\libm.a(libm_a-sf_sin.o)
                0x08004cb8                sinf
 .text          0x08004d2c      0x190 F:/Msys2/mingw64/bin/../lib/gcc/arm-none-eabi/13.3.0/../../../../arm-none-eabi/lib/thumb/v7-m/nofp\libm.a(libm_a-kf_cos.o)
                0x08004d2c                __kernel_cosf
 .text          0x08004ebc       0xec F:/Msys2/mingw64/bin/../lib/gcc/arm-none-eabi/13.3.0/../../../../arm-none-eabi/lib/thumb/v7-m/nofp\libm.a(libm_a-kf_sin.o)
                0x08004ebc                __kernel_sinf
 .text          0x08004fa8      0x110 F:/Msys2/mingw64/bin/../lib/gcc/arm-none-eabi/13.3.0/../../../../arm-none-eabi/lib/thumb/v7-m/nofp\libm.a(libm_a-ef_atan2.o)
                0x08004fa8                __ieee754_atan2f
 .text          0x080050b8      0x2d4 F:/Msys2/mingw64/bin/../lib/gcc/arm-none-eabi/13.3.0/../../../../arm-none-eabi/lib/thumb/v7-m/nofp\libm.a(libm_a-ef_rem_pio2.o)
                0x080050b8                __ieee754_rem_pio2f
 .text          0x0800538c      0x228 F:/Msys2/mingw64/bin/../lib/gcc/arm-none-eabi/13.3.0/../../../../arm-none-eabi/lib/thumb/v7-m/nofp\libm.a(libm_a-sf_atan.o)
                0x0800538c                atanf
 .text          0x080055b4        0x8 F:/Msys2/mingw64/bin/../lib/gcc/arm-none-eabi/13.3.0/../../../../arm-none-eabi/lib/thumb/v7-m/nofp\libm.a(libm_a-sf_fabs.o)
                0x080055b4                fabsf
 .text          0x080055bc      0x73c F:/Msys2/mingw64/bin/../lib/gcc/arm-none-eabi/13.3.0/../../../../arm-none-eabi/lib/thumb/v7-m/nofp\libm.a(libm_a-kf_rem_pio2.o)
                0x080055bc                __kernel_rem_pio2f
 .text          0x08005cf8       0xb0 F:/Msys2/mingw64/bin/../lib/gcc/arm-none-eabi/13.3.0/../../../../arm-none-eabi/lib/thumb/v7-m/nofp\libm.a(libm_a-sf_scalbn.o)
                0x08005cf8                scalbnf
 .text          0x08005da8       0x88 F:/Msys2/mingw64/bin/../lib/gcc/arm-none-eabi/13.3.0/../../../../arm-none-eabi/lib/thumb/v7-m/nofp\libm.a(libm_a-sf_floor.o)
                0x08005da8                floorf
 .text          0x08005e30      0x378 F:/Msys2/mingw64/bin/../lib/gcc/arm-none-eabi/13.3.0/thumb/v7-m/nofp\libgcc.a(_arm_addsubdf3.o)
                0x08005e30                __aeabi_drsub
                0x08005e38                __aeabi_dsub
                0x08005e38                __subdf3
                0x08005e3c                __aeabi_dadd
                0x08005e3c                __adddf3
                0x080060b4                __floatunsidf
                0x080060b4                __aeabi_ui2d
                0x080060d4                __floatsidf
                0x080060d4                __aeabi_i2d
                0x080060f8                __aeabi_f2d
                0x080060f8                __extendsfdf2
                0x0800613c                __floatundidf
                0x0800613c                __aeabi_ul2d
                0x0800614c                __floatdidf
                0x0800614c                __aeabi_l2d
 .text          0x080061a8      0x424 F:/Msys2/mingw64/bin/../lib/gcc/arm-none-eabi/13.3.0/thumb/v7-m/nofp\libgcc.a(_arm_muldivdf3.o)
                0x080061a8                __aeabi_dmul
                0x080061a8                __muldf3
                0x080063fc                __divdf3
                0x080063fc                __aeabi_ddiv
 .text          0x080065cc      0x110 F:/Msys2/mingw64/bin/../lib/gcc/arm-none-eabi/13.3.0/thumb/v7-m/nofp\libgcc.a(_arm_cmpdf2.o)
                0x080065cc                __gtdf2
                0x080065cc                __gedf2
                0x080065d4                __ltdf2
                0x080065d4                __ledf2
                0x080065dc                __nedf2
                0x080065dc                __eqdf2
                0x080065dc                __cmpdf2
                0x08006658                __aeabi_cdrcmple
                0x08006668                __aeabi_cdcmpeq
                0x08006668                __aeabi_cdcmple
                0x08006678                __aeabi_dcmpeq
                0x0800668c                __aeabi_dcmplt
                0x080066a0                __aeabi_dcmple
                0x080066b4                __aeabi_dcmpge
                0x080066c8                __aeabi_dcmpgt
 .text          0x080066dc       0x2c F:/Msys2/mingw64/bin/../lib/gcc/arm-none-eabi/13.3.0/thumb/v7-m/nofp\libgcc.a(_arm_unorddf2.o)
                0x080066dc                __unorddf2
                0x080066dc                __aeabi_dcmpun
 .text          0x08006708       0x40 F:/Msys2/mingw64/bin/../lib/gcc/arm-none-eabi/13.3.0/thumb/v7-m/nofp\libgcc.a(_arm_fixunsdfsi.o)
                0x08006708                __aeabi_d2uiz
                0x08006708                __fixunsdfsi
 .text          0x08006748       0xa0 F:/Msys2/mingw64/bin/../lib/gcc/arm-none-eabi/13.3.0/thumb/v7-m/nofp\libgcc.a(_arm_truncdfsf2.o)
                0x08006748                __truncdfsf2
                0x08006748                __aeabi_d2f
 .text          0x080067e8      0x21c F:/Msys2/mingw64/bin/../lib/gcc/arm-none-eabi/13.3.0/thumb/v7-m/nofp\libgcc.a(_arm_addsubsf3.o)
                0x080067e8                __aeabi_frsub
                0x080067f0                __subsf3
                0x080067f0                __aeabi_fsub
                0x080067f4                __aeabi_fadd
                0x080067f4                __addsf3
                0x08006954                __aeabi_ui2f
                0x08006954                __floatunsisf
                0x0800695c                __aeabi_i2f
                0x0800695c                __floatsisf
                0x08006978                __aeabi_ul2f
                0x08006978                __floatundisf
                0x08006988                __aeabi_l2f
                0x08006988                __floatdisf
 .text          0x08006a04      0x2a0 F:/Msys2/mingw64/bin/../lib/gcc/arm-none-eabi/13.3.0/thumb/v7-m/nofp\libgcc.a(_arm_muldivsf3.o)
                0x08006a04                __mulsf3
                0x08006a04                __aeabi_fmul
                0x08006b6c                __aeabi_fdiv
                0x08006b6c                __divsf3
 .text          0x08006ca4       0xec F:/Msys2/mingw64/bin/../lib/gcc/arm-none-eabi/13.3.0/thumb/v7-m/nofp\libgcc.a(_arm_cmpsf2.o)
                0x08006ca4                __gesf2
                0x08006ca4                __gtsf2
                0x08006cac                __lesf2
                0x08006cac                __ltsf2
                0x08006cb4                __nesf2
                0x08006cb4                __eqsf2
                0x08006cb4                __cmpsf2
                0x08006d14                __aeabi_cfrcmple
                0x08006d1c                __aeabi_cfcmpeq
                0x08006d1c                __aeabi_cfcmple
                0x08006d2c                __aeabi_fcmpeq
                0x08006d40                __aeabi_fcmplt
                0x08006d54                __aeabi_fcmple
                0x08006d68                __aeabi_fcmpge
                0x08006d7c                __aeabi_fcmpgt
 .text          0x08006d90       0x2c F:/Msys2/mingw64/bin/../lib/gcc/arm-none-eabi/13.3.0/thumb/v7-m/nofp\libgcc.a(_arm_unordsf2.o)
                0x08006d90                __unordsf2
                0x08006d90                __aeabi_fcmpun
 .text          0x08006dbc       0x4c F:/Msys2/mingw64/bin/../lib/gcc/arm-none-eabi/13.3.0/thumb/v7-m/nofp\libgcc.a(_arm_fixsfsi.o)
                0x08006dbc                __aeabi_f2iz
                0x08006dbc                __fixsfsi
 *(.text*)
 .text.__do_global_dtors_aux
                0x08006e08       0x24 F:/Msys2/mingw64/bin/../lib/gcc/arm-none-eabi/13.3.0/thumb/v7-m/nofp/crtbegin.o
 .text.frame_dummy
                0x08006e2c       0x1c F:/Msys2/mingw64/bin/../lib/gcc/arm-none-eabi/13.3.0/thumb/v7-m/nofp/crtbegin.o
 .text.Error_Handler
                0x08006e48        0x4 build/main.o
                0x08006e48                Error_Handler
 .text.SystemClock_Config
                0x08006e4c       0x60 build/main.o
                0x08006e4c                SystemClock_Config
 .text.main     0x08006eac       0x1e build/main.o
                0x08006eac                main
 *fill*         0x08006eca        0x2 
 .text.BalanceCar_SetFault
                0x08006ecc       0x10 build/balance_control.o
 .text.BalanceCar_ClearRuntimeFaults
                0x08006edc       0x14 build/balance_control.o
 .text.BalanceCar_ClampPwm
                0x08006ef0       0x34 build/balance_control.o
 .text.BalanceCar_RunLedInit
                0x08006f24       0x38 build/balance_control.o
 .text.BalanceCar_ButtonInit
                0x08006f5c       0x34 build/balance_control.o
 .text.BalanceCar_RunLedApply
                0x08006f90       0x20 build/balance_control.o
 .text.BalanceCar_ButtonTick1ms
                0x08006fb0        0x8 build/balance_control.o
 .text.BalanceCar_ResetPidAndOutputs
                0x08006fb8       0x44 build/balance_control.o
 .text.BalanceCar_Stop
                0x08006ffc       0x24 build/balance_control.o
 .text.BalanceCar_RunAngleLoop
                0x08007020      0x1c8 build/balance_control.o
 .text.BalanceCar_RunSpeedLoop
                0x080071e8       0xdc build/balance_control.o
 .text.BalanceCar_ApplyControlCommand
                0x080072c4       0x2c build/balance_control.o
                0x080072c4                BalanceCar_ApplyControlCommand
 .text.BalanceCar_Init
                0x080072f0       0xa0 build/balance_control.o
                0x080072f0                BalanceCar_Init
 .text.BalanceCar_ServiceRequests
                0x08007390       0x68 build/balance_control.o
                0x08007390                BalanceCar_ServiceRequests
 .text.BalanceCar_ControlStep10ms
                0x080073f8       0x54 build/balance_control.o
                0x080073f8                BalanceCar_ControlStep10ms
 .text.BalanceCar_TimerTick1ms
                0x0800744c       0x58 build/balance_control.o
                0x0800744c                BalanceCar_TimerTick1ms
 .text.HAL_TIM_Base_MspInit
                0x080074a4       0x40 build/balance_control.o
                0x080074a4                HAL_TIM_Base_MspInit
 .text.TIM4_IRQHandler
                0x080074e4       0x28 build/balance_control.o
                0x080074e4                TIM4_IRQHandler
 .text.AppSensors_SetFault
                0x0800750c       0x10 build/app_sensors.o
                0x0800750c                AppSensors_SetFault
 .text.AppSensors_ClearFault
                0x0800751c       0x10 build/app_sensors.o
                0x0800751c                AppSensors_ClearFault
 .text.AppSensors_ServiceDht
                0x0800752c       0xa8 build/app_sensors.o
 .text.AppSensors_ReadHx711
                0x080075d4       0x74 build/app_sensors.o
 .text.AppSensors_Init
                0x08007648       0x44 build/app_sensors.o
                0x08007648                AppSensors_Init
 .text.AppSensors_Background
                0x0800768c       0x48 build/app_sensors.o
                0x0800768c                AppSensors_Background
 .text.AppSensors_NeedsServiceSoon
                0x080076d4        0xc build/app_sensors.o
                0x080076d4                AppSensors_NeedsServiceSoon
 .text.AppTasks_ApplyQueuedCommands
                0x080076e0       0x48 build/app_tasks.o
 .text.AppTasks_ApplyQueuedPidUpdates
                0x08007728       0x5c build/app_tasks.o
 .text.Task_BalanceControl
                0x08007784       0x8c build/app_tasks.o
                0x08007784                Task_BalanceControl
 .text.Task_UartRaspberry
                0x08007810       0x2c build/app_tasks.o
                0x08007810                Task_UartRaspberry
 .text.Task_BluetoothApp
                0x0800783c       0x28 build/app_tasks.o
                0x0800783c                Task_BluetoothApp
 .text.Task_SensorCollect
                0x08007864       0x60 build/app_tasks.o
                0x08007864                Task_SensorCollect
 .text.AppTasks_Init
                0x080078c4      0x1a8 build/app_tasks.o
                0x080078c4                AppTasks_Init
 .text.AppTasks_NotifyBalanceFromISR
                0x08007a6c       0x38 build/app_tasks.o
                0x08007a6c                AppTasks_NotifyBalanceFromISR
 .text.AppTasks_NotifyBluetoothRxFromISR
                0x08007aa4       0x18 build/app_tasks.o
                0x08007aa4                AppTasks_NotifyBluetoothRxFromISR
 .text.AppTasks_SubmitControlCommandFromTask
                0x08007abc       0x64 build/app_tasks.o
                0x08007abc                AppTasks_SubmitControlCommandFromTask
 .text.AppTasks_SubmitPidUpdateFromTask
                0x08007b20       0x98 build/app_tasks.o
                0x08007b20                AppTasks_SubmitPidUpdateFromTask
 .text.AppTasks_CopyBalanceState
                0x08007bb8       0x60 build/app_tasks.o
                0x08007bb8                AppTasks_CopyBalanceState
 .text.AppTasks_CopySensorState
                0x08007c18       0x84 build/app_tasks.o
                0x08007c18                AppTasks_CopySensorState
 .text.AppTasks_CopyPidSnapshot
                0x08007c9c       0xb0 build/app_tasks.o
                0x08007c9c                AppTasks_CopyPidSnapshot
 .text.vApplicationMallocFailedHook
                0x08007d4c       0x12 build/app_tasks.o
                0x08007d4c                vApplicationMallocFailedHook
 .text.vApplicationStackOverflowHook
                0x08007d5e       0x12 build/app_tasks.o
                0x08007d5e                vApplicationStackOverflowHook
 .text.Dht11_DwtInit
                0x08007d70       0x38 build/dht11.o
 .text.Dht11_SetInput
                0x08007da8       0x30 build/dht11.o
 .text.Dht11_SetOutput
                0x08007dd8       0x34 build/dht11.o
 .text.Dht11_Micros
                0x08007e0c       0x20 build/dht11.o
 .text.Dht11_WaitForState
                0x08007e2c       0x30 build/dht11.o
 .text.Dht11_Init
                0x08007e5c       0x2c build/dht11.o
                0x08007e5c                Dht11_Init
 .text.Dht11_StartRead
                0x08007e88       0x24 build/dht11.o
                0x08007e88                Dht11_StartRead
 .text.Dht11_FinishRead
                0x08007eac      0x144 build/dht11.o
                0x08007eac                Dht11_FinishRead
 .text.Dht11_GetFailStep
                0x08007ff0        0xc build/dht11.o
                0x08007ff0                Dht11_GetFailStep
 .text.Encoder_InitTimer
                0x08007ffc       0x6e build/encoder_hal.o
 *fill*         0x0800806a        0x2 
 .text.Encoder_Init
                0x0800806c       0x3c build/encoder_hal.o
                0x0800806c                Encoder_Init
 .text.Encoder_GetLeftDelta
                0x080080a8       0x14 build/encoder_hal.o
                0x080080a8                Encoder_GetLeftDelta
 .text.Encoder_GetRightDelta
                0x080080bc       0x14 build/encoder_hal.o
                0x080080bc                Encoder_GetRightDelta
 .text.HAL_TIM_Encoder_MspInit
                0x080080d0       0x90 build/encoder_hal.o
                0x080080d0                HAL_TIM_Encoder_MspInit
 .text.Hx711_DwtInit
                0x08008160       0x38 build/hx711.o
 .text.Hx711_DelayUs
                0x08008198       0x30 build/hx711.o
 .text.Hx711_Init
                0x080081c8       0x78 build/hx711.o
                0x080081c8                Hx711_Init
 .text.Hx711_ReadRaw
                0x08008240       0xa4 build/hx711.o
                0x08008240                Hx711_ReadRaw
 .text.BalanceI2C1_Init
                0x080082e4       0x4c build/i2c_bus.o
                0x080082e4                BalanceI2C1_Init
 .text.BalanceI2C1_GetHandle
                0x08008330        0x8 build/i2c_bus.o
                0x08008330                BalanceI2C1_GetHandle
 .text.HAL_I2C_MspInit
                0x08008338       0xb0 build/i2c_bus.o
                0x08008338                HAL_I2C_MspInit
 .text.Motor_Clamp
                0x080083e8       0x16 build/motor_tb6612.o
 *fill*         0x080083fe        0x2 
 .text.Motor_ToCompare
                0x08008400       0x20 build/motor_tb6612.o
 .text.TB6612_SetMotors
                0x08008420       0xa4 build/motor_tb6612.o
                0x08008420                TB6612_SetMotors
 .text.TB6612_Stop
                0x080084c4       0x50 build/motor_tb6612.o
                0x080084c4                TB6612_Stop
 .text.TB6612_Init
                0x08008514       0xe4 build/motor_tb6612.o
                0x08008514                TB6612_Init
 .text.HAL_TIM_PWM_MspInit
                0x080085f8       0x64 build/motor_tb6612.o
                0x080085f8                HAL_TIM_PWM_MspInit
 .text.Mpu6050_ParseRaw
                0x0800865c       0x3e build/mpu6050_hal.o
 .text.Mpu6050_ReadReg
                0x0800869a       0x22 build/mpu6050_hal.o
 .text.Mpu6050_WriteReg
                0x080086bc       0x28 build/mpu6050_hal.o
 .text.Mpu6050_Init
                0x080086e4       0xd8 build/mpu6050_hal.o
                0x080086e4                Mpu6050_Init
 .text.Mpu6050_ReadRaw
                0x080087bc       0xcc build/mpu6050_hal.o
                0x080087bc                Mpu6050_ReadRaw
 .text.Mpu6050_GetLastId
                0x08008888        0xc build/mpu6050_hal.o
                0x08008888                Mpu6050_GetLastId
 .text.HAL_I2C_MemRxCpltCallback
                0x08008894       0x58 build/mpu6050_hal.o
                0x08008894                HAL_I2C_MemRxCpltCallback
 .text.HAL_I2C_ErrorCallback
                0x080088ec       0x30 build/mpu6050_hal.o
                0x080088ec                HAL_I2C_ErrorCallback
 .text.PID_Init
                0x0800891c       0x12 build/pid.o
                0x0800891c                PID_Init
 .text.PID_Update
                0x0800892e       0xdc build/pid.o
                0x0800892e                PID_Update
 *fill*         0x08008a0a        0x2 
 .text.RaspiLink_SetFault
                0x08008a0c       0x10 build/raspi_link.o
 .text.RaspiLink_Clamp
                0x08008a1c       0x34 build/raspi_link.o
 .text.RaspiLink_ChecksumAscii
                0x08008a50       0x12 build/raspi_link.o
 .text.RaspiLink_HexValue
                0x08008a62       0x38 build/raspi_link.o
 .text.RaspiLink_ParseChecksum
                0x08008a9a       0x58 build/raspi_link.o
 .text.RaspiLink_ParseFlag
                0x08008af2       0x30 build/raspi_link.o
 *fill*         0x08008b22        0x2 
 .text.RaspiLink_MarkInvalid
                0x08008b24       0x18 build/raspi_link.o
 .text.RaspiLink_NormalizeYaw
                0x08008b3c       0x4c build/raspi_link.o
 .text.RaspiLink_CheckLineTimeout
                0x08008b88       0x6c build/raspi_link.o
 .text.RaspiLink_UartInit
                0x08008bf4       0xd4 build/raspi_link.o
 .text.RaspiLink_StartReceive
                0x08008cc8       0x20 build/raspi_link.o
 .text.RaspiLink_StopMotion
                0x08008ce8       0x3c build/raspi_link.o
 .text.RaspiLink_CheckTimeout
                0x08008d24       0x44 build/raspi_link.o
 .text.RaspiLink_ParseUint32
                0x08008d68       0x3e build/raspi_link.o
 .text.RaspiLink_ParseFloat
                0x08008da6       0x3c build/raspi_link.o
 *fill*         0x08008de2        0x2 
 .text.RaspiLink_ProcessLine
                0x08008de4      0x1c0 build/raspi_link.o
 .text.RaspiLink_UpdateOdometry
                0x08008fa4      0x120 build/raspi_link.o
 .text.RaspiLink_FormatFixed4
                0x080090c4       0x74 build/raspi_link.o
 .text.RaspiLink_SendOdometry
                0x08009138      0x1a4 build/raspi_link.o
 .text.RaspiLink_Init
                0x080092dc       0x68 build/raspi_link.o
                0x080092dc                RaspiLink_Init
 .text.RaspiLink_Background
                0x08009344       0xdc build/raspi_link.o
                0x08009344                RaspiLink_Background
 .text.RaspiLink_IRQHandler
                0x08009420       0x10 build/raspi_link.o
                0x08009420                RaspiLink_IRQHandler
 .text.RaspiLink_RxCpltCallback
                0x08009430      0x134 build/raspi_link.o
                0x08009430                RaspiLink_RxCpltCallback
 .text.RaspiLink_TxCpltCallback
                0x08009564       0x20 build/raspi_link.o
                0x08009564                RaspiLink_TxCpltCallback
 .text.RaspiLink_ErrorCallback
                0x08009584       0x24 build/raspi_link.o
                0x08009584                RaspiLink_ErrorCallback
 .text.RemoteControl_Clamp
                0x080095a8       0x34 build/remote_control.o
 .text.RemoteControl_SetFault
                0x080095dc       0x10 build/remote_control.o
 .text.RemoteControl_CheckLineTimeout
                0x080095ec       0x70 build/remote_control.o
 .text.RemoteControl_UartInit
                0x0800965c       0xb4 build/remote_control.o
 .text.RemoteControl_StartReceive
                0x08009710       0x20 build/remote_control.o
 .text.RemoteControl_MarkValid
                0x08009730       0x30 build/remote_control.o
 .text.RemoteControl_MarkInvalid
                0x08009760       0x30 build/remote_control.o
 .text.RemoteControl_SubmitPid
                0x08009790       0x22 build/remote_control.o
 .text.RemoteControl_ParseFloat
                0x080097b2       0x3e build/remote_control.o
 .text.RemoteControl_ParsePidValues
                0x080097f0       0xa4 build/remote_control.o
 .text.RemoteControl_SubmitCommand
                0x08009894       0x30 build/remote_control.o
 .text.RemoteControl_ProcessLine
                0x080098c4      0x2b8 build/remote_control.o
 .text.RemoteControl_CheckTimeout
                0x08009b7c       0x4c build/remote_control.o
 .text.RemoteControl_SendLine
                0x08009bc8       0x90 build/remote_control.o
 .text.RemoteControl_SendTelemetry
                0x08009c58       0xf4 build/remote_control.o
 .text.RemoteControl_SendDebugTelemetry
                0x08009d4c       0x84 build/remote_control.o
 .text.RemoteControl_Init
                0x08009dd0       0x6c build/remote_control.o
                0x08009dd0                RemoteControl_Init
 .text.RemoteControl_Background
                0x08009e3c      0x128 build/remote_control.o
                0x08009e3c                RemoteControl_Background
 .text.RemoteControl_IRQHandler
                0x08009f64       0x10 build/remote_control.o
                0x08009f64                RemoteControl_IRQHandler
 .text.RemoteControl_RxCpltCallback
                0x08009f74      0x15c build/remote_control.o
                0x08009f74                RemoteControl_RxCpltCallback
 .text.RemoteControl_TxCpltCallback
                0x0800a0d0       0x20 build/remote_control.o
                0x0800a0d0                RemoteControl_TxCpltCallback
 .text.RemoteControl_ErrorCallback
                0x0800a0f0       0x24 build/remote_control.o
                0x0800a0f0                RemoteControl_ErrorCallback
 .text.HAL_UART_RxCpltCallback
                0x0800a114       0x14 build/uart_dispatch.o
                0x0800a114                HAL_UART_RxCpltCallback
 .text.HAL_UART_TxCpltCallback
                0x0800a128       0x14 build/uart_dispatch.o
                0x0800a128                HAL_UART_TxCpltCallback
 .text.HAL_UART_ErrorCallback
                0x0800a13c       0x14 build/uart_dispatch.o
                0x0800a13c                HAL_UART_ErrorCallback
 .text.NMI_Handler
                0x0800a150        0x2 build/stm32f1xx_it.o
                0x0800a150                NMI_Handler
 .text.HardFault_Handler
                0x0800a152        0x2 build/stm32f1xx_it.o
                0x0800a152                HardFault_Handler
 .text.MemManage_Handler
                0x0800a154        0x2 build/stm32f1xx_it.o
                0x0800a154                MemManage_Handler
 .text.BusFault_Handler
                0x0800a156        0x2 build/stm32f1xx_it.o
                0x0800a156                BusFault_Handler
 .text.UsageFault_Handler
                0x0800a158        0x2 build/stm32f1xx_it.o
                0x0800a158                UsageFault_Handler
 .text.SysTick_Handler
                0x0800a15a       0x16 build/stm32f1xx_it.o
                0x0800a15a                SysTick_Handler
 .text.DebugMon_Handler
                0x0800a170        0x2 build/stm32f1xx_it.o
                0x0800a170                DebugMon_Handler
 .text.USART1_IRQHandler
                0x0800a172        0x8 build/stm32f1xx_it.o
                0x0800a172                USART1_IRQHandler
 .text.USART3_IRQHandler
                0x0800a17a        0x8 build/stm32f1xx_it.o
                0x0800a17a                USART3_IRQHandler
 .text.I2C1_EV_IRQHandler
                0x0800a182        0xc build/stm32f1xx_it.o
                0x0800a182                I2C1_EV_IRQHandler
 .text.I2C1_ER_IRQHandler
                0x0800a18e        0xc build/stm32f1xx_it.o
                0x0800a18e                I2C1_ER_IRQHandler
 *fill*         0x0800a19a        0x2 
 .text.HAL_MspInit
                0x0800a19c       0x44 build/stm32f1xx_hal_msp.o
                0x0800a19c                HAL_MspInit
 .text.makeFreeRtosPriority
                0x0800a1e0        0xc build/cmsis_os.o
 .text.osKernelStart
                0x0800a1ec        0xa build/cmsis_os.o
                0x0800a1ec                osKernelStart
 .text.osThreadCreate
                0x0800a1f6       0x34 build/cmsis_os.o
                0x0800a1f6                osThreadCreate
 .text.vListInitialise
                0x0800a22a       0x16 build/list.o
                0x0800a22a                vListInitialise
 .text.vListInitialiseItem
                0x0800a240        0x6 build/list.o
                0x0800a240                vListInitialiseItem
 .text.vListInsertEnd
                0x0800a246       0x16 build/list.o
                0x0800a246                vListInsertEnd
 .text.vListInsert
                0x0800a25c       0x32 build/list.o
                0x0800a25c                vListInsert
 .text.uxListRemove
                0x0800a28e       0x26 build/list.o
                0x0800a28e                uxListRemove
 .text.prvGetDisinheritPriorityAfterTimeout
                0x0800a2b4       0x10 build/queue.o
 .text.prvIsQueueFull
                0x0800a2c4       0x1e build/queue.o
 .text.prvIsQueueEmpty
                0x0800a2e2       0x1a build/queue.o
 .text.prvCopyDataToQueue
                0x0800a2fc       0x76 build/queue.o
 .text.prvCopyDataFromQueue
                0x0800a372       0x24 build/queue.o
 .text.prvUnlockQueue
                0x0800a396       0x6e build/queue.o
 .text.xQueueGenericReset
                0x0800a404       0x84 build/queue.o
                0x0800a404                xQueueGenericReset
 .text.prvInitialiseNewQueue
                0x0800a488       0x1c build/queue.o
 .text.xQueueGenericCreate
                0x0800a4a4       0x42 build/queue.o
                0x0800a4a4                xQueueGenericCreate
 .text.xQueueGenericSend
                0x0800a4e6      0x188 build/queue.o
                0x0800a4e6                xQueueGenericSend
 .text.prvInitialiseMutex
                0x0800a66e       0x18 build/queue.o
 .text.xQueueCreateMutex
                0x0800a686       0x16 build/queue.o
                0x0800a686                xQueueCreateMutex
 .text.xQueueGenericSendFromISR
                0x0800a69c       0xce build/queue.o
                0x0800a69c                xQueueGenericSendFromISR
 .text.xQueueGiveFromISR
                0x0800a76a       0xb2 build/queue.o
                0x0800a76a                xQueueGiveFromISR
 .text.xQueueReceive
                0x0800a81c      0x15e build/queue.o
                0x0800a81c                xQueueReceive
 .text.xQueueSemaphoreTake
                0x0800a97a      0x1a6 build/queue.o
                0x0800a97a                xQueueSemaphoreTake
 .text.xQueueReceiveFromISR
                0x0800ab20       0xae build/queue.o
                0x0800ab20                xQueueReceiveFromISR
 .text.uxQueueMessagesWaiting
                0x0800abce       0x26 build/queue.o
                0x0800abce                uxQueueMessagesWaiting
 .text.prvResetNextTaskUnblockTime
                0x0800abf4       0x2c build/tasks.o
 .text.prvDeleteTCB
                0x0800ac20       0x12 build/tasks.o
 .text.prvInitialiseNewTask
                0x0800ac32       0xa2 build/tasks.o
 .text.prvInitialiseTaskLists
                0x0800acd4       0x68 build/tasks.o
 .text.prvAddNewTaskToReadyList
                0x0800ad3c       0xa8 build/tasks.o
 .text.prvCheckTasksWaitingTermination
                0x0800ade4       0x4c build/tasks.o
 .text.prvIdleTask
                0x0800ae30       0x28 build/tasks.o
 .text.prvAddCurrentTaskToDelayedList
                0x0800ae58       0x98 build/tasks.o
 .text.xTaskCreate
                0x0800aef0       0x60 build/tasks.o
                0x0800aef0                xTaskCreate
 .text.vTaskStartScheduler
                0x0800af50       0x7c build/tasks.o
                0x0800af50                vTaskStartScheduler
 .text.vTaskSuspendAll
                0x0800afcc       0x10 build/tasks.o
                0x0800afcc                vTaskSuspendAll
 .text.xTaskGetTickCount
                0x0800afdc        0xc build/tasks.o
                0x0800afdc                xTaskGetTickCount
 .text.xTaskIncrementTick
                0x0800afe8      0x118 build/tasks.o
                0x0800afe8                xTaskIncrementTick
 .text.xTaskResumeAll
                0x0800b100       0xf8 build/tasks.o
                0x0800b100                xTaskResumeAll
 .text.vTaskDelayUntil
                0x0800b1f8       0xa4 build/tasks.o
                0x0800b1f8                vTaskDelayUntil
 .text.vTaskSwitchContext
                0x0800b29c       0xcc build/tasks.o
                0x0800b29c                vTaskSwitchContext
 .text.vTaskPlaceOnEventList
                0x0800b368       0x30 build/tasks.o
                0x0800b368                vTaskPlaceOnEventList
 .text.xTaskRemoveFromEventList
                0x0800b398       0x8c build/tasks.o
                0x0800b398                xTaskRemoveFromEventList
 .text.vTaskInternalSetTimeOutState
                0x0800b424       0x18 build/tasks.o
                0x0800b424                vTaskInternalSetTimeOutState
 .text.xTaskCheckForTimeOut
                0x0800b43c       0x84 build/tasks.o
                0x0800b43c                xTaskCheckForTimeOut
 .text.vTaskMissedYield
                0x0800b4c0        0xc build/tasks.o
                0x0800b4c0                vTaskMissedYield
 .text.xTaskGetSchedulerState
                0x0800b4cc       0x20 build/tasks.o
                0x0800b4cc                xTaskGetSchedulerState
 .text.xTaskPriorityInherit
                0x0800b4ec       0xac build/tasks.o
                0x0800b4ec                xTaskPriorityInherit
 .text.xTaskPriorityDisinherit
                0x0800b598       0xb0 build/tasks.o
                0x0800b598                xTaskPriorityDisinherit
 .text.vTaskPriorityDisinheritAfterTimeout
                0x0800b648       0xb4 build/tasks.o
                0x0800b648                vTaskPriorityDisinheritAfterTimeout
 .text.pvTaskIncrementMutexHeldCount
                0x0800b6fc       0x1c build/tasks.o
                0x0800b6fc                pvTaskIncrementMutexHeldCount
 .text.prvTaskExitError
                0x0800b718       0x40 build/port.o
 .text.prvPortStartFirstTask
                0x0800b758       0x20 build/port.o
 .text.pxPortInitialiseStack
                0x0800b778       0x24 build/port.o
                0x0800b778                pxPortInitialiseStack
 *fill*         0x0800b79c        0x4 
 .text.SVC_Handler
                0x0800b7a0       0x24 build/port.o
                0x0800b7a0                SVC_Handler
 .text.vPortEnterCritical
                0x0800b7c4       0x44 build/port.o
                0x0800b7c4                vPortEnterCritical
 .text.vPortExitCritical
                0x0800b808       0x2c build/port.o
                0x0800b808                vPortExitCritical
 *fill*         0x0800b834        0xc 
 .text.PendSV_Handler
                0x0800b840       0x44 build/port.o
                0x0800b840                PendSV_Handler
 .text.xPortSysTickHandler
                0x0800b884       0x2c build/port.o
                0x0800b884                xPortSysTickHandler
 .text.vPortSetupTimerInterrupt
                0x0800b8b0       0x28 build/port.o
                0x0800b8b0                vPortSetupTimerInterrupt
 .text.xPortStartScheduler
                0x0800b8d8       0xc0 build/port.o
                0x0800b8d8                xPortStartScheduler
 .text.vPortValidateInterruptPriority
                0x0800b998       0x5c build/port.o
                0x0800b998                vPortValidateInterruptPriority
 .text.prvHeapInit
                0x0800b9f4       0x64 build/heap_4.o
 .text.prvInsertBlockIntoFreeList
                0x0800ba58       0x60 build/heap_4.o
 .text.pvPortMalloc
                0x0800bab8      0x118 build/heap_4.o
                0x0800bab8                pvPortMalloc
 .text.vPortFree
                0x0800bbd0       0x7c build/heap_4.o
                0x0800bbd0                vPortFree
 .text.HAL_InitTick
                0x0800bc4c       0x4c build/stm32f1xx_hal.o
                0x0800bc4c                HAL_InitTick
 .text.HAL_Init
                0x0800bc98       0x24 build/stm32f1xx_hal.o
                0x0800bc98                HAL_Init
 .text.HAL_IncTick
                0x0800bcbc       0x18 build/stm32f1xx_hal.o
                0x0800bcbc                HAL_IncTick
 .text.HAL_GetTick
                0x0800bcd4        0xc build/stm32f1xx_hal.o
                0x0800bcd4                HAL_GetTick
 .text.I2C_Flush_DR
                0x0800bce0       0x10 build/stm32f1xx_hal_i2c.o
 .text.I2C_Master_SB
                0x0800bcf0       0xa8 build/stm32f1xx_hal_i2c.o
 .text.I2C_Master_ADD10
                0x0800bd98       0x2a build/stm32f1xx_hal_i2c.o
 *fill*         0x0800bdc2        0x2 
 .text.I2C_Master_ADDR
                0x0800bdc4      0x244 build/stm32f1xx_hal_i2c.o
 .text.I2C_SlaveTransmit_BTF
                0x0800c008       0x20 build/stm32f1xx_hal_i2c.o
 .text.I2C_SlaveReceive_BTF
                0x0800c028       0x20 build/stm32f1xx_hal_i2c.o
 .text.I2C_WaitOnSTOPRequestThroughIT
                0x0800c048       0x48 build/stm32f1xx_hal_i2c.o
 .text.I2C_IsAcknowledgeFailed
                0x0800c090       0x32 build/stm32f1xx_hal_i2c.o
 .text.I2C_ConvertOtherXferOptions
                0x0800c0c2       0x1e build/stm32f1xx_hal_i2c.o
 .text.I2C_WaitOnFlagUntilTimeout
                0x0800c0e0       0xaa build/stm32f1xx_hal_i2c.o
 .text.I2C_WaitOnMasterAddressFlagUntilTimeout
                0x0800c18a       0xd6 build/stm32f1xx_hal_i2c.o
 .text.I2C_WaitOnTXEFlagUntilTimeout
                0x0800c260       0x5e build/stm32f1xx_hal_i2c.o
 *fill*         0x0800c2be        0x2 
 .text.I2C_RequestMemoryWrite
                0x0800c2c0       0xd8 build/stm32f1xx_hal_i2c.o
 .text.I2C_RequestMemoryRead
                0x0800c398      0x154 build/stm32f1xx_hal_i2c.o
 .text.I2C_WaitOnBTFFlagUntilTimeout
                0x0800c4ec       0x5e build/stm32f1xx_hal_i2c.o
 .text.I2C_WaitOnRXNEFlagUntilTimeout
                0x0800c54a       0x78 build/stm32f1xx_hal_i2c.o
 *fill*         0x0800c5c2        0x2 
 .text.HAL_I2C_Init
                0x0800c5c4      0x1bc build/stm32f1xx_hal_i2c.o
                0x0800c5c4                HAL_I2C_Init
 .text.HAL_I2C_Mem_Write
                0x0800c780      0x164 build/stm32f1xx_hal_i2c.o
                0x0800c780                HAL_I2C_Mem_Write
 .text.HAL_I2C_Mem_Read
                0x0800c8e4      0x35c build/stm32f1xx_hal_i2c.o
                0x0800c8e4                HAL_I2C_Mem_Read
 .text.HAL_I2C_Mem_Read_IT
                0x0800cc40       0xec build/stm32f1xx_hal_i2c.o
                0x0800cc40                HAL_I2C_Mem_Read_IT
 .text.HAL_I2C_MasterTxCpltCallback
                0x0800cd2c        0x2 build/stm32f1xx_hal_i2c.o
                0x0800cd2c                HAL_I2C_MasterTxCpltCallback
 .text.HAL_I2C_MasterRxCpltCallback
                0x0800cd2e        0x2 build/stm32f1xx_hal_i2c.o
                0x0800cd2e                HAL_I2C_MasterRxCpltCallback
 .text.HAL_I2C_SlaveTxCpltCallback
                0x0800cd30        0x2 build/stm32f1xx_hal_i2c.o
                0x0800cd30                HAL_I2C_SlaveTxCpltCallback
 .text.I2C_SlaveTransmit_TXE
                0x0800cd32       0x4c build/stm32f1xx_hal_i2c.o
 .text.HAL_I2C_SlaveRxCpltCallback
                0x0800cd7e        0x2 build/stm32f1xx_hal_i2c.o
                0x0800cd7e                HAL_I2C_SlaveRxCpltCallback
 .text.I2C_SlaveReceive_RXNE
                0x0800cd80       0x4c build/stm32f1xx_hal_i2c.o
 .text.HAL_I2C_AddrCallback
                0x0800cdcc        0x2 build/stm32f1xx_hal_i2c.o
                0x0800cdcc                HAL_I2C_AddrCallback
 .text.I2C_Slave_ADDR
                0x0800cdce       0x5a build/stm32f1xx_hal_i2c.o
 .text.HAL_I2C_ListenCpltCallback
                0x0800ce28        0x2 build/stm32f1xx_hal_i2c.o
                0x0800ce28                HAL_I2C_ListenCpltCallback
 *fill*         0x0800ce2a        0x2 
 .text.I2C_Slave_AF
                0x0800ce2c       0xa0 build/stm32f1xx_hal_i2c.o
 .text.HAL_I2C_MemTxCpltCallback
                0x0800cecc        0x2 build/stm32f1xx_hal_i2c.o
                0x0800cecc                HAL_I2C_MemTxCpltCallback
 .text.I2C_MasterTransmit_BTF
                0x0800cece       0x9e build/stm32f1xx_hal_i2c.o
 .text.I2C_MemoryTransmit_TXE_BTF
                0x0800cf6c       0xc4 build/stm32f1xx_hal_i2c.o
 .text.I2C_MasterTransmit_TXE
                0x0800d030       0xd4 build/stm32f1xx_hal_i2c.o
 .text.I2C_MasterReceive_BTF
                0x0800d104      0x140 build/stm32f1xx_hal_i2c.o
 .text.I2C_MasterReceive_RXNE
                0x0800d244      0x106 build/stm32f1xx_hal_i2c.o
 .text.HAL_I2C_AbortCpltCallback
                0x0800d34a        0x2 build/stm32f1xx_hal_i2c.o
                0x0800d34a                HAL_I2C_AbortCpltCallback
 .text.I2C_DMAAbort
                0x0800d34c       0xe4 build/stm32f1xx_hal_i2c.o
 .text.I2C_ITError
                0x0800d430      0x178 build/stm32f1xx_hal_i2c.o
 .text.I2C_Slave_STOPF
                0x0800d5a8      0x18c build/stm32f1xx_hal_i2c.o
 .text.HAL_I2C_EV_IRQHandler
                0x0800d734      0x1a0 build/stm32f1xx_hal_i2c.o
                0x0800d734                HAL_I2C_EV_IRQHandler
 .text.HAL_I2C_ER_IRQHandler
                0x0800d8d4       0xce build/stm32f1xx_hal_i2c.o
                0x0800d8d4                HAL_I2C_ER_IRQHandler
 .text.HAL_I2C_GetState
                0x0800d9a2        0x6 build/stm32f1xx_hal_i2c.o
                0x0800d9a2                HAL_I2C_GetState
 .text.RCC_Delay
                0x0800d9a8       0x2c build/stm32f1xx_hal_rcc.o
 .text.HAL_RCC_OscConfig
                0x0800d9d4      0x410 build/stm32f1xx_hal_rcc.o
                0x0800d9d4                HAL_RCC_OscConfig
 .text.HAL_RCC_GetSysClockFreq
                0x0800dde4       0x54 build/stm32f1xx_hal_rcc.o
                0x0800dde4                HAL_RCC_GetSysClockFreq
 .text.HAL_RCC_ClockConfig
                0x0800de38      0x16c build/stm32f1xx_hal_rcc.o
                0x0800de38                HAL_RCC_ClockConfig
 .text.HAL_RCC_GetHCLKFreq
                0x0800dfa4        0xc build/stm32f1xx_hal_rcc.o
                0x0800dfa4                HAL_RCC_GetHCLKFreq
 .text.HAL_RCC_GetPCLK1Freq
                0x0800dfb0       0x20 build/stm32f1xx_hal_rcc.o
                0x0800dfb0                HAL_RCC_GetPCLK1Freq
 .text.HAL_RCC_GetPCLK2Freq
                0x0800dfd0       0x20 build/stm32f1xx_hal_rcc.o
                0x0800dfd0                HAL_RCC_GetPCLK2Freq
 .text.HAL_GPIO_Init
                0x0800dff0      0x21c build/stm32f1xx_hal_gpio.o
                0x0800dff0                HAL_GPIO_Init
 .text.HAL_GPIO_ReadPin
                0x0800e20c        0xe build/stm32f1xx_hal_gpio.o
                0x0800e20c                HAL_GPIO_ReadPin
 .text.HAL_GPIO_WritePin
                0x0800e21a        0xc build/stm32f1xx_hal_gpio.o
                0x0800e21a                HAL_GPIO_WritePin
 *fill*         0x0800e226        0x2 
 .text.TIM_OC1_SetConfig
                0x0800e228       0x54 build/stm32f1xx_hal_tim.o
 .text.TIM_OC3_SetConfig
                0x0800e27c       0x5c build/stm32f1xx_hal_tim.o
 .text.TIM_OC4_SetConfig
                0x0800e2d8       0x48 build/stm32f1xx_hal_tim.o
 .text.HAL_TIM_Base_Start_IT
                0x0800e320       0x68 build/stm32f1xx_hal_tim.o
                0x0800e320                HAL_TIM_Base_Start_IT
 .text.TIM_Base_SetConfig
                0x0800e388       0x84 build/stm32f1xx_hal_tim.o
                0x0800e388                TIM_Base_SetConfig
 .text.HAL_TIM_Base_Init
                0x0800e40c       0x58 build/stm32f1xx_hal_tim.o
                0x0800e40c                HAL_TIM_Base_Init
 .text.HAL_TIM_PWM_Init
                0x0800e464       0x58 build/stm32f1xx_hal_tim.o
                0x0800e464                HAL_TIM_PWM_Init
 .text.HAL_TIM_Encoder_Init
                0x0800e4bc       0xb6 build/stm32f1xx_hal_tim.o
                0x0800e4bc                HAL_TIM_Encoder_Init
 *fill*         0x0800e572        0x2 
 .text.TIM_OC2_SetConfig
                0x0800e574       0x5c build/stm32f1xx_hal_tim.o
                0x0800e574                TIM_OC2_SetConfig
 .text.HAL_TIM_PWM_ConfigChannel
                0x0800e5d0       0xdc build/stm32f1xx_hal_tim.o
                0x0800e5d0                HAL_TIM_PWM_ConfigChannel
 .text.TIM_CCxChannelCmd
                0x0800e6ac       0x1e build/stm32f1xx_hal_tim.o
                0x0800e6ac                TIM_CCxChannelCmd
 *fill*         0x0800e6ca        0x2 
 .text.HAL_TIM_PWM_Start
                0x0800e6cc       0xdc build/stm32f1xx_hal_tim.o
                0x0800e6cc                HAL_TIM_PWM_Start
 .text.HAL_TIM_Encoder_Start
                0x0800e7a8       0xcc build/stm32f1xx_hal_tim.o
                0x0800e7a8                HAL_TIM_Encoder_Start
 .text.HAL_TIMEx_MasterConfigSynchronization
                0x0800e874       0x6c build/stm32f1xx_hal_tim_ex.o
                0x0800e874                HAL_TIMEx_MasterConfigSynchronization
 .text.UART_EndRxTransfer
                0x0800e8e0       0x5c build/stm32f1xx_hal_uart.o
 .text.UART_Transmit_IT
                0x0800e93c       0x60 build/stm32f1xx_hal_uart.o
 .text.UART_SetConfig
                0x0800e99c       0x94 build/stm32f1xx_hal_uart.o
 .text.HAL_UART_MspInit
                0x0800ea30        0x2 build/stm32f1xx_hal_uart.o
                0x0800ea30                HAL_UART_MspInit
 .text.HAL_UART_Init
                0x0800ea32       0x60 build/stm32f1xx_hal_uart.o
                0x0800ea32                HAL_UART_Init
 .text.HAL_UART_Transmit_IT
                0x0800ea92       0x38 build/stm32f1xx_hal_uart.o
                0x0800ea92                HAL_UART_Transmit_IT
 .text.UART_EndTransmit_IT
                0x0800eaca       0x1a build/stm32f1xx_hal_uart.o
 .text.UART_DMAAbortOnError
                0x0800eae4       0x10 build/stm32f1xx_hal_uart.o
 .text.HAL_UARTEx_RxEventCallback
                0x0800eaf4        0x2 build/stm32f1xx_hal_uart.o
                0x0800eaf4                HAL_UARTEx_RxEventCallback
 .text.UART_Receive_IT
                0x0800eaf6       0xe6 build/stm32f1xx_hal_uart.o
 .text.HAL_UART_IRQHandler
                0x0800ebdc      0x284 build/stm32f1xx_hal_uart.o
                0x0800ebdc                HAL_UART_IRQHandler
 .text.UART_Start_Receive_IT
                0x0800ee60       0x36 build/stm32f1xx_hal_uart.o
                0x0800ee60                UART_Start_Receive_IT
 .text.HAL_UART_Receive_IT
                0x0800ee96       0x26 build/stm32f1xx_hal_uart.o
                0x0800ee96                HAL_UART_Receive_IT
 .text.HAL_DMA_Abort
                0x0800eebc       0x46 build/stm32f1xx_hal_dma.o
                0x0800eebc                HAL_DMA_Abort
 *fill*         0x0800ef02        0x2 
 .text.HAL_DMA_Abort_IT
                0x0800ef04       0x98 build/stm32f1xx_hal_dma.o
                0x0800ef04                HAL_DMA_Abort_IT
 .text.HAL_DMA_GetState
                0x0800ef9c        0x6 build/stm32f1xx_hal_dma.o
                0x0800ef9c                HAL_DMA_GetState
 *fill*         0x0800efa2        0x2 
 .text.__NVIC_SetPriority
                0x0800efa4       0x28 build/stm32f1xx_hal_cortex.o
 .text.NVIC_EncodePriority
                0x0800efcc       0x3e build/stm32f1xx_hal_cortex.o
 *fill*         0x0800f00a        0x2 
 .text.HAL_NVIC_SetPriorityGrouping
                0x0800f00c       0x24 build/stm32f1xx_hal_cortex.o
                0x0800f00c                HAL_NVIC_SetPriorityGrouping
 .text.HAL_NVIC_SetPriority
                0x0800f030       0x20 build/stm32f1xx_hal_cortex.o
                0x0800f030                HAL_NVIC_SetPriority
 .text.HAL_NVIC_EnableIRQ
                0x0800f050       0x1c build/stm32f1xx_hal_cortex.o
                0x0800f050                HAL_NVIC_EnableIRQ
 .text.HAL_SYSTICK_Config
                0x0800f06c       0x28 build/stm32f1xx_hal_cortex.o
                0x0800f06c                HAL_SYSTICK_Config
 .text.SystemInit
                0x0800f094        0x2 build/system_stm32f1xx.o
                0x0800f094                SystemInit
 *fill*         0x0800f096        0x2 
 .text._sbrk    0x0800f098       0x48 build/sysmem.o
                0x0800f098                _sbrk
 .text._getpid  0x0800f0e0        0x4 build/syscalls.o
                0x0800f0e0                _getpid
 .text._kill    0x0800f0e4       0x10 build/syscalls.o
                0x0800f0e4                _kill
 .text._exit    0x0800f0f4        0xc build/syscalls.o
                0x0800f0f4                _exit
 .text._read    0x0800f100       0x20 build/syscalls.o
                0x0800f100                _read
 .text._write   0x0800f120       0x1c build/syscalls.o
                0x0800f120                _write
 .text._close   0x0800f13c        0x6 build/syscalls.o
                0x0800f13c                _close
 .text._fstat   0x0800f142        0xa build/syscalls.o
                0x0800f142                _fstat
 .text._isatty  0x0800f14c        0x4 build/syscalls.o
                0x0800f14c                _isatty
 .text._lseek   0x0800f150        0x4 build/syscalls.o
                0x0800f150                _lseek
 .text.Reset_Handler
                0x0800f154       0x48 build/startup_stm32f103xb.o
                0x0800f154                Reset_Handler
 .text.Default_Handler
                0x0800f19c        0x2 build/startup_stm32f103xb.o
                0x0800f19c                RTC_Alarm_IRQHandler
                0x0800f19c                EXTI2_IRQHandler
                0x0800f19c                TIM1_CC_IRQHandler
                0x0800f19c                PVD_IRQHandler
                0x0800f19c                EXTI3_IRQHandler
                0x0800f19c                EXTI0_IRQHandler
                0x0800f19c                I2C2_EV_IRQHandler
                0x0800f19c                ADC1_2_IRQHandler
                0x0800f19c                SPI1_IRQHandler
                0x0800f19c                TAMPER_IRQHandler
                0x0800f19c                DMA1_Channel4_IRQHandler
                0x0800f19c                RTC_IRQHandler
                0x0800f19c                DMA1_Channel7_IRQHandler
                0x0800f19c                CAN1_RX1_IRQHandler
                0x0800f19c                DMA1_Channel6_IRQHandler
                0x0800f19c                TIM3_IRQHandler
                0x0800f19c                RCC_IRQHandler
                0x0800f19c                TIM1_TRG_COM_IRQHandler
                0x0800f19c                DMA1_Channel1_IRQHandler
                0x0800f19c                Default_Handler
                0x0800f19c                EXTI15_10_IRQHandler
                0x0800f19c                EXTI9_5_IRQHandler
                0x0800f19c                SPI2_IRQHandler
                0x0800f19c                DMA1_Channel5_IRQHandler
                0x0800f19c                EXTI4_IRQHandler
                0x0800f19c                USB_LP_CAN1_RX0_IRQHandler
                0x0800f19c                USB_HP_CAN1_TX_IRQHandler
                0x0800f19c                DMA1_Channel3_IRQHandler
                0x0800f19c                TIM1_UP_IRQHandler
                0x0800f19c                WWDG_IRQHandler
                0x0800f19c                TIM2_IRQHandler
                0x0800f19c                TIM1_BRK_IRQHandler
                0x0800f19c                EXTI1_IRQHandler
                0x0800f19c                USART2_IRQHandler
                0x0800f19c                I2C2_ER_IRQHandler
                0x0800f19c                DMA1_Channel2_IRQHandler
                0x0800f19c                CAN1_SCE_IRQHandler
                0x0800f19c                FLASH_IRQHandler
                0x0800f19c                USBWakeUp_IRQHandler
 .text.__fixdfdi
                0x0800f19e       0x2e F:/Msys2/mingw64/bin/../lib/gcc/arm-none-eabi/13.3.0/thumb/v7-m/nofp\libgcc.a(_fixdfdi.o)
                0x0800f19e                __fixdfdi
                0x0800f19e                __aeabi_d2lz
 .text.__fixunsdfdi
                0x0800f1cc       0x3c F:/Msys2/mingw64/bin/../lib/gcc/arm-none-eabi/13.3.0/thumb/v7-m/nofp\libgcc.a(_fixunsdfdi.o)
                0x0800f1cc                __fixunsdfdi
                0x0800f1cc                __aeabi_d2ulz
 *(.glue_7)
 .glue_7        0x0800f208        0x0 linker stubs
 *(.glue_7t)
 .glue_7t       0x0800f208        0x0 linker stubs
 *(.eh_frame)
 .eh_frame      0x0800f208        0x0 F:/Msys2/mingw64/bin/../lib/gcc/arm-none-eabi/13.3.0/thumb/v7-m/nofp/crtbegin.o
 *(.init)
 .init          0x0800f208        0x4 F:/Msys2/mingw64/bin/../lib/gcc/arm-none-eabi/13.3.0/thumb/v7-m/nofp/crti.o
                0x0800f208                _init
 .init          0x0800f20c        0x8 F:/Msys2/mingw64/bin/../lib/gcc/arm-none-eabi/13.3.0/thumb/v7-m/nofp/crtn.o
 *(.fini)
 .fini          0x0800f214        0x4 F:/Msys2/mingw64/bin/../lib/gcc/arm-none-eabi/13.3.0/thumb/v7-m/nofp/crti.o
                0x0800f214                _fini
 .fini          0x0800f218        0x8 F:/Msys2/mingw64/bin/../lib/gcc/arm-none-eabi/13.3.0/thumb/v7-m/nofp/crtn.o
                0x0800f220                        . = ALIGN (0x4)
                0x0800f220                        _etext = .

.vfp11_veneer   0x0800f220        0x0
 .vfp11_veneer  0x0800f220        0x0 linker stubs

.v4_bx          0x0800f220        0x0
 .v4_bx         0x0800f220        0x0 linker stubs

.iplt           0x0800f220        0x0
 .iplt          0x0800f220        0x0 F:/Msys2/mingw64/bin/../lib/gcc/arm-none-eabi/13.3.0/thumb/v7-m/nofp/crtbegin.o

.rodata         0x0800f220      0xacc
                0x0800f220                        . = ALIGN (0x4)
 *(.rodata)
 .rodata        0x0800f220       0x50 build/app_tasks.o
 .rodata        0x0800f270       0x50 F:/Msys2/mingw64/bin/../lib/gcc/arm-none-eabi/13.3.0/../../../../arm-none-eabi/lib/thumb/v7-m/nofp\libc_nano.a(libc_a-strtod.o)
 .rodata        0x0800f2c0      0x101 F:/Msys2/mingw64/bin/../lib/gcc/arm-none-eabi/13.3.0/../../../../arm-none-eabi/lib/thumb/v7-m/nofp\libc_nano.a(libc_a-ctype_.o)
                0x0800f2c0                _ctype_
 *fill*         0x0800f3c1        0x3 
 .rodata        0x0800f3c4      0x100 F:/Msys2/mingw64/bin/../lib/gcc/arm-none-eabi/13.3.0/../../../../arm-none-eabi/lib/thumb/v7-m/nofp\libc_nano.a(libc_a-gdtoa-gethex.o)
                0x0800f3c4                __hexdig
 *fill*         0x0800f4c4        0x4 
 .rodata        0x0800f4c8      0x128 F:/Msys2/mingw64/bin/../lib/gcc/arm-none-eabi/13.3.0/../../../../arm-none-eabi/lib/thumb/v7-m/nofp\libc_nano.a(libc_a-mprec.o)
                0x0800f4d8                __mprec_tens
                0x0800f5a0                __mprec_tinytens
                0x0800f5c8                __mprec_bigtens
 .rodata        0x0800f5f0       0x18 F:/Msys2/mingw64/bin/../lib/gcc/arm-none-eabi/13.3.0/../../../../arm-none-eabi/lib/thumb/v7-m/nofp\libm.a(libm_a-ef_atan2.o)
 .rodata        0x0800f608      0x398 F:/Msys2/mingw64/bin/../lib/gcc/arm-none-eabi/13.3.0/../../../../arm-none-eabi/lib/thumb/v7-m/nofp\libm.a(libm_a-ef_rem_pio2.o)
 .rodata        0x0800f9a0       0x20 F:/Msys2/mingw64/bin/../lib/gcc/arm-none-eabi/13.3.0/../../../../arm-none-eabi/lib/thumb/v7-m/nofp\libm.a(libm_a-sf_atan.o)
 .rodata        0x0800f9c0       0x38 F:/Msys2/mingw64/bin/../lib/gcc/arm-none-eabi/13.3.0/../../../../arm-none-eabi/lib/thumb/v7-m/nofp\libm.a(libm_a-kf_rem_pio2.o)
 *(.rodata*)
 .rodata.str1.4
                0x0800f9f8      0x2c7 build/app_tasks.o
                                 0x50 (size before relaxing)
 .rodata.RaspiLink_ProcessLine.str1.4
                0x0800fcbf        0x0 build/raspi_link.o
                                  0x3 (size before relaxing)
 .rodata.RaspiLink_FormatFixed4.str1.4
                0x0800fcbf        0x0 build/raspi_link.o
                                 0x14 (size before relaxing)
 .rodata.RaspiLink_SendOdometry.str1.4
                0x0800fcbf        0x0 build/raspi_link.o
                                 0x26 (size before relaxing)
 .rodata.RemoteControl_ProcessLine.str1.4
                0x0800fcbf        0x0 build/remote_control.o
                                 0x76 (size before relaxing)
 .rodata.RemoteControl_SendTelemetry.str1.4
                0x0800fcbf        0x0 build/remote_control.o
                                 0x54 (size before relaxing)
 .rodata.RemoteControl_SendDebugTelemetry.str1.4
                0x0800fcbf        0x0 build/remote_control.o
                                 0x30 (size before relaxing)
 .rodata.vTaskStartScheduler.str1.4
                0x0800fcbf        0x0 build/tasks.o
                                  0x5 (size before relaxing)
 *fill*         0x0800fcbf        0x1 
 .rodata.aPredivFactorTable.0
                0x0800fcc0        0x2 build/stm32f1xx_hal_rcc.o
 *fill*         0x0800fcc2        0x2 
 .rodata.aPLLMULFactorTable.1
                0x0800fcc4       0x10 build/stm32f1xx_hal_rcc.o
 .rodata.APBPrescTable
                0x0800fcd4        0x8 build/system_stm32f1xx.o
                0x0800fcd4                APBPrescTable
 .rodata.AHBPrescTable
                0x0800fcdc       0x10 build/system_stm32f1xx.o
                0x0800fcdc                AHBPrescTable
 .rodata.str1.4
                0x0800fcec        0x0 F:/Msys2/mingw64/bin/../lib/gcc/arm-none-eabi/13.3.0/../../../../arm-none-eabi/lib/thumb/v7-m/nofp\libc_nano.a(libc_a-strtod.o)
                                 0x15 (size before relaxing)
 .rodata.str1.4
                0x0800fcec        0x0 F:/Msys2/mingw64/bin/../lib/gcc/arm-none-eabi/13.3.0/../../../../arm-none-eabi/lib/thumb/v7-m/nofp\libc_nano.a(libc_a-locale.o)
                                 0x12 (size before relaxing)
 .rodata.str1.4
                0x0800fcec        0x0 F:/Msys2/mingw64/bin/../lib/gcc/arm-none-eabi/13.3.0/../../../../arm-none-eabi/lib/thumb/v7-m/nofp\libc_nano.a(libc_a-gdtoa-gethex.o)
                                 0x5b (size before relaxing)
 .rodata.str1.4
                0x0800fcec        0x0 F:/Msys2/mingw64/bin/../lib/gcc/arm-none-eabi/13.3.0/../../../../arm-none-eabi/lib/thumb/v7-m/nofp\libc_nano.a(libc_a-mprec.o)
                                 0x65 (size before relaxing)
 .rodata.str1.4
                0x0800fcec        0x0 F:/Msys2/mingw64/bin/../lib/gcc/arm-none-eabi/13.3.0/../../../../arm-none-eabi/lib/thumb/v7-m/nofp\libc_nano.a(libc_a-nano-svfprintf.o)
                                 0x13 (size before relaxing)
 .rodata.str1.4
                0x0800fcec        0x0 F:/Msys2/mingw64/bin/../lib/gcc/arm-none-eabi/13.3.0/../../../../arm-none-eabi/lib/thumb/v7-m/nofp\libc_nano.a(libc_a-nano-vfprintf_i.o)
                                 0x25 (size before relaxing)
 .rodata.str1.4
                0x0800fcec        0x0 F:/Msys2/mingw64/bin/../lib/gcc/arm-none-eabi/13.3.0/../../../../arm-none-eabi/lib/thumb/v7-m/nofp\libc_nano.a(libc_a-assert.o)
                                 0x43 (size before relaxing)
 .rodata.str1.4
                0x0800fcec        0x0 F:/Msys2/mingw64/bin/../lib/gcc/arm-none-eabi/13.3.0/../../../../arm-none-eabi/lib/thumb/v7-m/nofp\libc_nano.a(libc_a-nano-vfprintf.o)
                                 0x13 (size before relaxing)
                0x0800fcec                        . = ALIGN (0x4)

.ARM.extab      0x0800fcec        0x0
                0x0800fcec                        . = ALIGN (0x4)
 *(.ARM.extab* .gnu.linkonce.armextab.*)
                0x0800fcec                        . = ALIGN (0x4)

.ARM            0x0800fcec        0x8
                0x0800fcec                        . = ALIGN (0x4)
                0x0800fcec                        __exidx_start = .
 *(.ARM.exidx*)
 .ARM.exidx     0x0800fcec        0x8 F:/Msys2/mingw64/bin/../lib/gcc/arm-none-eabi/13.3.0/../../../../arm-none-eabi/lib/thumb/v7-m/nofp\libc_nano.a(libc_a-strcmp.o)
 .ARM.exidx     0x0800fcf4        0x0 F:/Msys2/mingw64/bin/../lib/gcc/arm-none-eabi/13.3.0/../../../../arm-none-eabi/lib/thumb/v7-m/nofp\libc_nano.a(libc_a-memcpy.o)
                                  0x8 (size before relaxing)
                0x0800fcf4                        __exidx_end = .
                0x0800fcf4                        . = ALIGN (0x4)

.preinit_array  0x0800fcf4        0x0
                0x0800fcf4                        . = ALIGN (0x4)
                0x0800fcf4                        PROVIDE (__preinit_array_start = .)
 *(.preinit_array*)
                0x0800fcf4                        PROVIDE (__preinit_array_end = .)
                0x0800fcf4                        . = ALIGN (0x4)

.init_array     0x0800fcf4        0x4
                0x0800fcf4                        . = ALIGN (0x4)
                0x0800fcf4                        PROVIDE (__init_array_start = .)
 *(SORT_BY_NAME(.init_array.*))
 *(.init_array*)
 .init_array    0x0800fcf4        0x4 F:/Msys2/mingw64/bin/../lib/gcc/arm-none-eabi/13.3.0/thumb/v7-m/nofp/crtbegin.o
                0x0800fcf8                        PROVIDE (__init_array_end = .)
                0x0800fcf8                        . = ALIGN (0x4)

.fini_array     0x0800fcf8        0x4
                0x0800fcf8                        . = ALIGN (0x4)
                0x0800fcf8                        PROVIDE (__fini_array_start = .)
 *(SORT_BY_NAME(.fini_array.*))
 *(.fini_array*)
 .fini_array    0x0800fcf8        0x4 F:/Msys2/mingw64/bin/../lib/gcc/arm-none-eabi/13.3.0/thumb/v7-m/nofp/crtbegin.o
                0x0800fcfc                        PROVIDE (__fini_array_end = .)
                0x0800fcfc                        . = ALIGN (0x4)
                0x0800fcfc                        _sidata = LOADADDR (.data)

.rel.dyn        0x0800fcfc        0x0
 .rel.iplt      0x0800fcfc        0x0 F:/Msys2/mingw64/bin/../lib/gcc/arm-none-eabi/13.3.0/thumb/v7-m/nofp/crtbegin.o

.data           0x20000000      0x304 load address 0x0800fcfc
                0x20000000                        . = ALIGN (0x4)
                0x20000000                        _sdata = .
 *(.data)
 .data          0x20000000        0xc F:/Msys2/mingw64/bin/../lib/gcc/arm-none-eabi/13.3.0/../../../../arm-none-eabi/lib/thumb/v7-m/nofp\libc_nano.a(libc_a-findfp.o)
                0x20000000                __sglue
 .data          0x2000000c      0x16c F:/Msys2/mingw64/bin/../lib/gcc/arm-none-eabi/13.3.0/../../../../arm-none-eabi/lib/thumb/v7-m/nofp\libc_nano.a(libc_a-locale.o)
                0x2000000c                __global_locale
 .data          0x20000178       0x50 F:/Msys2/mingw64/bin/../lib/gcc/arm-none-eabi/13.3.0/../../../../arm-none-eabi/lib/thumb/v7-m/nofp\libc_nano.a(libc_a-impure.o)
                0x20000178                _impure_ptr
                0x2000017c                _impure_data
 *(.data*)
 .data.g_turn_pid
                0x200001c8       0x3c build/balance_control.o
                0x200001c8                g_turn_pid
 .data.g_speed_pid
                0x20000204       0x3c build/balance_control.o
                0x20000204                g_speed_pid
 .data.g_angle_pid
                0x20000240       0x3c build/balance_control.o
                0x20000240                g_angle_pid
 .data.g_balance_debug
                0x2000027c       0x20 build/balance_control.o
                0x2000027c                g_balance_debug
 .data.g_sensor_state
                0x2000029c       0x28 build/app_sensors.o
                0x2000029c                g_sensor_state
 .data.g_raspi_link_debug
                0x200002c4       0x20 build/raspi_link.o
                0x200002c4                g_raspi_link_debug
 .data.g_remote_debug
                0x200002e4       0x10 build/remote_control.o
                0x200002e4                g_remote_debug
 .data.uxCriticalNesting
                0x200002f4        0x4 build/port.o
 .data.uwTickFreq
                0x200002f8        0x1 build/stm32f1xx_hal.o
                0x200002f8                uwTickFreq
 *fill*         0x200002f9        0x3 
 .data.uwTickPrio
                0x200002fc        0x4 build/stm32f1xx_hal.o
                0x200002fc                uwTickPrio
 .data.SystemCoreClock
                0x20000300        0x4 build/system_stm32f1xx.o
                0x20000300                SystemCoreClock
 *(.RamFunc)
 *(.RamFunc*)
                0x20000304                        . = ALIGN (0x4)
                0x20000304                        _edata = .

.igot.plt       0x20000304        0x0 load address 0x08010000
 .igot.plt      0x20000304        0x0 F:/Msys2/mingw64/bin/../lib/gcc/arm-none-eabi/13.3.0/thumb/v7-m/nofp/crtbegin.o
                0x20000304                        . = ALIGN (0x4)

.bss            0x20000304     0x3a98 load address 0x08010000
                0x20000304                        _sbss = .
                0x20000304                        __bss_start__ = _sbss
 *(.bss)
 .bss           0x20000304      0x13c F:/Msys2/mingw64/bin/../lib/gcc/arm-none-eabi/13.3.0/../../../../arm-none-eabi/lib/thumb/v7-m/nofp\libc_nano.a(libc_a-findfp.o)
                0x20000304                __sf
                0x2000043c                __stdio_exit_handler
 .bss           0x20000440        0x4 F:/Msys2/mingw64/bin/../lib/gcc/arm-none-eabi/13.3.0/../../../../arm-none-eabi/lib/thumb/v7-m/nofp\libc_nano.a(libc_a-reent.o)
                0x20000440                errno
 .bss           0x20000444       0x1d F:/Msys2/mingw64/bin/../lib/gcc/arm-none-eabi/13.3.0/../../../../arm-none-eabi/lib/thumb/v7-m/nofp\libc_nano.a(libc_a-lock.o)
                0x20000444                __lock___arc4random_mutex
                0x20000448                __lock___dd_hash_mutex
                0x2000044c                __lock___tz_mutex
                0x20000450                __lock___env_recursive_mutex
                0x20000454                __lock___malloc_recursive_mutex
                0x20000458                __lock___at_quick_exit_mutex
                0x2000045c                __lock___atexit_recursive_mutex
                0x20000460                __lock___sfp_recursive_mutex
 *fill*         0x20000461        0x3 
 .bss           0x20000464        0x8 F:/Msys2/mingw64/bin/../lib/gcc/arm-none-eabi/13.3.0/../../../../arm-none-eabi/lib/thumb/v7-m/nofp\libc_nano.a(libc_a-mallocr.o)
                0x20000464                __malloc_sbrk_start
                0x20000468                __malloc_free_list
 *(.bss*)
 .bss.completed.1
                0x2000046c        0x1 F:/Msys2/mingw64/bin/../lib/gcc/arm-none-eabi/13.3.0/thumb/v7-m/nofp/crtbegin.o
 *fill*         0x2000046d        0x3 
 .bss.object.0  0x20000470       0x18 F:/Msys2/mingw64/bin/../lib/gcc/arm-none-eabi/13.3.0/thumb/v7-m/nofp/crtbegin.o
 .bss.count_angle.0
                0x20000488        0x1 build/balance_control.o
 .bss.speed_divider.1
                0x20000489        0x1 build/balance_control.o
 *fill*         0x2000048a        0x2 
 .bss.s_dif_pwm
                0x2000048c        0x4 build/balance_control.o
 .bss.s_angle   0x20000490        0x4 build/balance_control.o
 .bss.s_last_run_enable
                0x20000494        0x1 build/balance_control.o
 .bss.s_angle_tick_pending
                0x20000495        0x1 build/balance_control.o
 *fill*         0x20000496        0x2 
 .bss.s_htim4   0x20000498       0x48 build/balance_control.o
 .bss.g_balance_state
                0x200004e0       0x48 build/balance_control.o
                0x200004e0                g_balance_state
 .bss.s_hx711_zero_captured
                0x20000528        0x1 build/app_sensors.o
 .bss.s_dht_waiting
                0x20000529        0x1 build/app_sensors.o
 *fill*         0x2000052a        0x2 
 .bss.s_dht_start_ms
                0x2000052c        0x4 build/app_sensors.o
 .bss.s_next_dht_ms
                0x20000530        0x4 build/app_sensors.o
 .bss.s_next_hx711_ms
                0x20000534        0x4 build/app_sensors.o
 .bss.s_pid_snapshot
                0x20000538       0xb4 build/app_tasks.o
 .bss.s_sensor_snapshot
                0x200005ec       0x28 build/app_tasks.o
 .bss.s_balance_snapshot
                0x20000614       0x48 build/app_tasks.o
 .bss.g_app_task_monitor
                0x2000065c       0x24 build/app_tasks.o
                0x2000065c                g_app_task_monitor
 .bss.Queue_RaspberryRxLine
                0x20000680        0x4 build/app_tasks.o
                0x20000680                Queue_RaspberryRxLine
 .bss.Queue_BluetoothRxLine
                0x20000684        0x4 build/app_tasks.o
                0x20000684                Queue_BluetoothRxLine
 .bss.Queue_PidUpdate
                0x20000688        0x4 build/app_tasks.o
                0x20000688                Queue_PidUpdate
 .bss.Queue_ControlCommand
                0x2000068c        0x4 build/app_tasks.o
                0x2000068c                Queue_ControlCommand
 .bss.Sem_BluetoothRxReady
                0x20000690        0x4 build/app_tasks.o
                0x20000690                Sem_BluetoothRxReady
 .bss.Sem_RaspberryTxMutex
                0x20000694        0x4 build/app_tasks.o
                0x20000694                Sem_RaspberryTxMutex
 .bss.Sem_BluetoothTxMutex
                0x20000698        0x4 build/app_tasks.o
                0x20000698                Sem_BluetoothTxMutex
 .bss.Sem_SensorStateMutex
                0x2000069c        0x4 build/app_tasks.o
                0x2000069c                Sem_SensorStateMutex
 .bss.Sem_BalanceStateMutex
                0x200006a0        0x4 build/app_tasks.o
                0x200006a0                Sem_BalanceStateMutex
 .bss.Sem_BalanceControl
                0x200006a4        0x4 build/app_tasks.o
                0x200006a4                Sem_BalanceControl
 .bss.s_fail_step
                0x200006a8        0x1 build/dht11.o
 .bss.s_dwt_ready
                0x200006a9        0x1 build/dht11.o
 *fill*         0x200006aa        0x2 
 .bss.s_htim2   0x200006ac       0x48 build/encoder_hal.o
 .bss.s_htim1   0x200006f4       0x48 build/encoder_hal.o
 .bss.s_dwt_ready
                0x2000073c        0x1 build/hx711.o
 .bss.s_i2c1_initialized
                0x2000073d        0x1 build/i2c_bus.o
 *fill*         0x2000073e        0x2 
 .bss.s_hi2c1   0x20000740       0x54 build/i2c_bus.o
 .bss.s_htim3   0x20000794       0x48 build/motor_tb6612.o
 .bss.s_last_raw
                0x200007dc        0xc build/mpu6050_hal.o
 .bss.s_async_data
                0x200007e8        0xe build/mpu6050_hal.o
 *fill*         0x200007f6        0x2 
 .bss.s_rx_error_count
                0x200007f8        0x4 build/mpu6050_hal.o
 .bss.s_rx_complete_count
                0x200007fc        0x4 build/mpu6050_hal.o
 .bss.s_async_timeout_count
                0x20000800        0x4 build/mpu6050_hal.o
 .bss.s_last_sample_tick
                0x20000804        0x4 build/mpu6050_hal.o
 .bss.s_async_start_tick
                0x20000808        0x4 build/mpu6050_hal.o
 .bss.s_sample_valid
                0x2000080c        0x1 build/mpu6050_hal.o
 .bss.s_async_busy
                0x2000080d        0x1 build/mpu6050_hal.o
 .bss.s_last_id
                0x2000080e        0x1 build/mpu6050_hal.o
 *fill*         0x2000080f        0x1 
 .bss.s_last_odom_update_ms
                0x20000810        0x4 build/raspi_link.o
 .bss.s_next_odom_tx_ms
                0x20000814        0x4 build/raspi_link.o
 .bss.s_rx_line_start_ms
                0x20000818        0x4 build/raspi_link.o
 .bss.s_line_queued
                0x2000081c        0x1 build/raspi_link.o
 *fill*         0x2000081d        0x3 
 .bss.s_tx_line
                0x20000820       0x60 build/raspi_link.o
 .bss.s_pending_line
                0x20000880       0x50 build/raspi_link.o
 .bss.s_parse_line
                0x200008d0       0x50 build/raspi_link.o
 .bss.s_line_ready
                0x20000920        0x1 build/raspi_link.o
 .bss.s_rx_index
                0x20000921        0x1 build/raspi_link.o
 *fill*         0x20000922        0x2 
 .bss.s_rx_line
                0x20000924       0x50 build/raspi_link.o
 .bss.s_rx_byte
                0x20000974        0x1 build/raspi_link.o
 *fill*         0x20000975        0x3 
 .bss.s_huart_raspi
                0x20000978       0x48 build/raspi_link.o
 .bss.g_raspi_link_state
                0x200009c0      0x118 build/raspi_link.o
                0x200009c0                g_raspi_link_state
 .bss.s_next_debug_ms
                0x20000ad8        0x4 build/remote_control.o
 .bss.s_next_telemetry_ms
                0x20000adc        0x4 build/remote_control.o
 .bss.s_rx_line_start_ms
                0x20000ae0        0x4 build/remote_control.o
 .bss.s_line_queued
                0x20000ae4        0x1 build/remote_control.o
 .bss.s_tx_busy
                0x20000ae5        0x1 build/remote_control.o
 *fill*         0x20000ae6        0x2 
 .bss.s_tx_line
                0x20000ae8       0x60 build/remote_control.o
 .bss.s_pending_line
                0x20000b48       0x20 build/remote_control.o
 .bss.s_parse_line
                0x20000b68       0x20 build/remote_control.o
 .bss.s_line_ready
                0x20000b88        0x1 build/remote_control.o
 .bss.s_rx_index
                0x20000b89        0x1 build/remote_control.o
 *fill*         0x20000b8a        0x2 
 .bss.s_rx_line
                0x20000b8c       0x20 build/remote_control.o
 .bss.s_rx_byte
                0x20000bac        0x1 build/remote_control.o
 *fill*         0x20000bad        0x3 
 .bss.s_huart_remote
                0x20000bb0       0x48 build/remote_control.o
 .bss.g_remote_state
                0x20000bf8       0x48 build/remote_control.o
                0x20000bf8                g_remote_state
 .bss.uxSchedulerSuspended
                0x20000c40        0x4 build/tasks.o
 .bss.xIdleTaskHandle
                0x20000c44        0x4 build/tasks.o
 .bss.xNextTaskUnblockTime
                0x20000c48        0x4 build/tasks.o
 .bss.uxTaskNumber
                0x20000c4c        0x4 build/tasks.o
 .bss.xNumOfOverflows
                0x20000c50        0x4 build/tasks.o
 .bss.xYieldPending
                0x20000c54        0x4 build/tasks.o
 .bss.xPendedTicks
                0x20000c58        0x4 build/tasks.o
 .bss.xSchedulerRunning
                0x20000c5c        0x4 build/tasks.o
 .bss.uxTopReadyPriority
                0x20000c60        0x4 build/tasks.o
 .bss.xTickCount
                0x20000c64        0x4 build/tasks.o
 .bss.uxCurrentNumberOfTasks
                0x20000c68        0x4 build/tasks.o
 .bss.xSuspendedTaskList
                0x20000c6c       0x14 build/tasks.o
 .bss.uxDeletedTasksWaitingCleanUp
                0x20000c80        0x4 build/tasks.o
 .bss.xTasksWaitingTermination
                0x20000c84       0x14 build/tasks.o
 .bss.xPendingReadyList
                0x20000c98       0x14 build/tasks.o
 .bss.pxOverflowDelayedTaskList
                0x20000cac        0x4 build/tasks.o
 .bss.pxDelayedTaskList
                0x20000cb0        0x4 build/tasks.o
 .bss.xDelayedTaskList2
                0x20000cb4       0x14 build/tasks.o
 .bss.xDelayedTaskList1
                0x20000cc8       0x14 build/tasks.o
 .bss.pxReadyTasksLists
                0x20000cdc       0x8c build/tasks.o
 .bss.pxCurrentTCB
                0x20000d68        0x4 build/tasks.o
                0x20000d68                pxCurrentTCB
 .bss.ulMaxPRIGROUPValue
                0x20000d6c        0x4 build/port.o
 .bss.ucMaxSysCallPriority
                0x20000d70        0x1 build/port.o
 *fill*         0x20000d71        0x3 
 .bss.xBlockAllocatedBit
                0x20000d74        0x4 build/heap_4.o
 .bss.xNumberOfSuccessfulFrees
                0x20000d78        0x4 build/heap_4.o
 .bss.xNumberOfSuccessfulAllocations
                0x20000d7c        0x4 build/heap_4.o
 .bss.xMinimumEverFreeBytesRemaining
                0x20000d80        0x4 build/heap_4.o
 .bss.xFreeBytesRemaining
                0x20000d84        0x4 build/heap_4.o
 .bss.pxEnd     0x20000d88        0x4 build/heap_4.o
 .bss.xStart    0x20000d8c        0x8 build/heap_4.o
 .bss.ucHeap    0x20000d94     0x3000 build/heap_4.o
 .bss.uwTick    0x20003d94        0x4 build/stm32f1xx_hal.o
                0x20003d94                uwTick
 .bss.__sbrk_heap_end
                0x20003d98        0x4 build/sysmem.o
 *(COMMON)
                0x20003d9c                        . = ALIGN (0x4)
                0x20003d9c                        _ebss = .
                0x20003d9c                        __bss_end__ = _ebss

._user_heap_stack
                0x20003d9c      0x604 load address 0x08010000
                0x20003da0                        . = ALIGN (0x8)
 *fill*         0x20003d9c        0x4 
                [!provide]                        PROVIDE (end = .)
                0x20003da0                        PROVIDE (_end = .)
                0x20003fa0                        . = (. + _Min_Heap_Size)
 *fill*         0x20003da0      0x200 
                0x200043a0                        . = (. + _Min_Stack_Size)
 *fill*         0x20003fa0      0x400 
                0x200043a0                        . = ALIGN (0x8)

/DISCARD/
 libc.a(*)
 libm.a(*)
 libgcc.a(*)
OUTPUT(build/balance_car.elf elf32-littlearm)
LOAD linker stubs
LOAD F:/Msys2/mingw64/bin/../lib/gcc/arm-none-eabi/13.3.0/../../../../arm-none-eabi/lib/thumb/v7-m/nofp\libc.a
LOAD F:/Msys2/mingw64/bin/../lib/gcc/arm-none-eabi/13.3.0/../../../../arm-none-eabi/lib/thumb/v7-m/nofp\libm.a
LOAD F:/Msys2/mingw64/bin/../lib/gcc/arm-none-eabi/13.3.0/thumb/v7-m/nofp\libgcc.a

.ARM.attributes
                0x00000000       0x29
 .ARM.attributes
                0x00000000       0x1d F:/Msys2/mingw64/bin/../lib/gcc/arm-none-eabi/13.3.0/thumb/v7-m/nofp/crti.o
 .ARM.attributes