Archive member included to satisfy reference by file (symbol)

F:/Msys2/mingw64/bin/../lib/gcc/arm-none-eabi/13.3.0/../../../../arm-none-eabi/lib/thumb/v7-m/nofp\libc_nano.a(libc_a-atexit.o)
                              F:/Msys2/mingw64/bin/../lib/gcc/arm-none-eabi/13.3.0/../../../../arm-none-eabi/lib/thumb/v7-m/nofp/crt0.o (atexit)
F:/Msys2/mingw64/bin/../lib/gcc/arm-none-eabi/13.3.0/../../../../arm-none-eabi/lib/thumb/v7-m/nofp\libc_nano.a(libc_a-exit.o)
                              F:/Msys2/mingw64/bin/../lib/gcc/arm-none-eabi/13.3.0/../../../../arm-none-eabi/lib/thumb/v7-m/nofp/crt0.o (exit)
F:/Msys2/mingw64/bin/../lib/gcc/arm-none-eabi/13.3.0/../../../../arm-none-eabi/lib/thumb/v7-m/nofp\libc_nano.a(libc_a-strtod.o)
                              build/raspi_link.o (strtof)
F:/Msys2/mingw64/bin/../lib/gcc/arm-none-eabi/13.3.0/../../../../arm-none-eabi/lib/thumb/v7-m/nofp\libc_nano.a(libc_a-strtoul.o)
                              build/raspi_link.o (strtoul)
F:/Msys2/mingw64/bin/../lib/gcc/arm-none-eabi/13.3.0/../../../../arm-none-eabi/lib/thumb/v7-m/nofp\libc_nano.a(libc_a-ctype_.o)
                              F:/Msys2/mingw64/bin/../lib/gcc/arm-none-eabi/13.3.0/../../../../arm-none-eabi/lib/thumb/v7-m/nofp\libc_nano.a(libc_a-strtoul.o) (_ctype_)
F:/Msys2/mingw64/bin/../lib/gcc/arm-none-eabi/13.3.0/../../../../arm-none-eabi/lib/thumb/v7-m/nofp\libc_nano.a(libc_a-findfp.o)
                              F:/Msys2/mingw64/bin/../lib/gcc/arm-none-eabi/13.3.0/../../../../arm-none-eabi/lib/thumb/v7-m/nofp\libc_nano.a(libc_a-exit.o) (__stdio_exit_handler)
F:/Msys2/mingw64/bin/../lib/gcc/arm-none-eabi/13.3.0/../../../../arm-none-eabi/lib/thumb/v7-m/nofp\libc_nano.a(libc_a-fwalk.o)
                              F:/Msys2/mingw64/bin/../lib/gcc/arm-none-eabi/13.3.0/../../../../arm-none-eabi/lib/thumb/v7-m/nofp\libc_nano.a(libc_a-findfp.o) (_fwalk_sglue)
F:/Msys2/mingw64/bin/../lib/gcc/arm-none-eabi/13.3.0/../../../../arm-none-eabi/lib/thumb/v7-m/nofp\libc_nano.a(libc_a-snprintf.o)
                              build/raspi_link.o (snprintf)
F:/Msys2/mingw64/bin/../lib/gcc/arm-none-eabi/13.3.0/../../../../arm-none-eabi/lib/thumb/v7-m/nofp\libc_nano.a(libc_a-stdio.o)
                              F:/Msys2/mingw64/bin/../lib/gcc/arm-none-eabi/13.3.0/../../../../arm-none-eabi/lib/thumb/v7-m/nofp\libc_nano.a(libc_a-findfp.o) (__sread)
F:/Msys2/mingw64/bin/../lib/gcc/arm-none-eabi/13.3.0/../../../../arm-none-eabi/lib/thumb/v7-m/nofp\libc_nano.a(libc_a-memset.o)
                              F:/Msys2/mingw64/bin/../lib/gcc/arm-none-eabi/13.3.0/../../../../arm-none-eabi/lib/thumb/v7-m/nofp/crt0.o (memset)
F:/Msys2/mingw64/bin/../lib/gcc/arm-none-eabi/13.3.0/../../../../arm-none-eabi/lib/thumb/v7-m/nofp\libc_nano.a(libc_a-strchr.o)
                              build/raspi_link.o (strchr)
F:/Msys2/mingw64/bin/../lib/gcc/arm-none-eabi/13.3.0/../../../../arm-none-eabi/lib/thumb/v7-m/nofp\libc_nano.a(libc_a-strncmp.o)
                              build/remote_control.o (strncmp)
F:/Msys2/mingw64/bin/../lib/gcc/arm-none-eabi/13.3.0/../../../../arm-none-eabi/lib/thumb/v7-m/nofp\libc_nano.a(libc_a-strncpy.o)
                              build/raspi_link.o (strncpy)
F:/Msys2/mingw64/bin/../lib/gcc/arm-none-eabi/13.3.0/../../../../arm-none-eabi/lib/thumb/v7-m/nofp\libc_nano.a(libc_a-locale.o)
                              F:/Msys2/mingw64/bin/../lib/gcc/arm-none-eabi/13.3.0/../../../../arm-none-eabi/lib/thumb/v7-m/nofp\libc_nano.a(libc_a-strtod.o) (__global_locale)
F:/Msys2/mingw64/bin/../lib/gcc/arm-none-eabi/13.3.0/../../../../arm-none-eabi/lib/thumb/v7-m/nofp\libc_nano.a(libc_a-closer.o)
                              F:/Msys2/mingw64/bin/../lib/gcc/arm-none-eabi/13.3.0/../../../../arm-none-eabi/lib/thumb/v7-m/nofp\libc_nano.a(libc_a-stdio.o) (_close_r)
F:/Msys2/mingw64/bin/../lib/gcc/arm-none-eabi/13.3.0/../../../../arm-none-eabi/lib/thumb/v7-m/nofp\libc_nano.a(libc_a-reent.o)
                              F:/Msys2/mingw64/bin/../lib/gcc/arm-none-eabi/13.3.0/../../../../arm-none-eabi/lib/thumb/v7-m/nofp\libc_nano.a(libc_a-closer.o) (errno)
F:/Msys2/mingw64/bin/../lib/gcc/arm-none-eabi/13.3.0/../../../../arm-none-eabi/lib/thumb/v7-m/nofp\libc_nano.a(libc_a-impure.o)
                              F:/Msys2/mingw64/bin/../lib/gcc/arm-none-eabi/13.3.0/../../../../arm-none-eabi/lib/thumb/v7-m/nofp\libc_nano.a(libc_a-strtod.o) (_impure_ptr)
F:/Msys2/mingw64/bin/../lib/gcc/arm-none-eabi/13.3.0/../../../../arm-none-eabi/lib/thumb/v7-m/nofp\libc_nano.a(libc_a-lseekr.o)
                              F:/Msys2/mingw64/bin/../lib/gcc/arm-none-eabi/13.3.0/../../../../arm-none-eabi/lib/thumb/v7-m/nofp\libc_nano.a(libc_a-stdio.o) (_lseek_r)
F:/Msys2/mingw64/bin/../lib/gcc/arm-none-eabi/13.3.0/../../../../arm-none-eabi/lib/thumb/v7-m/nofp\libc_nano.a(libc_a-readr.o)
                              F:/Msys2/mingw64/bin/../lib/gcc/arm-none-eabi/13.3.0/../../../../arm-none-eabi/lib/thumb/v7-m/nofp\libc_nano.a(libc_a-stdio.o) (_read_r)
[...]
Memory Configuration

Name             Origin             Length             Attributes
RAM              0x20000000         0x00005000         xrw
FLASH            0x08000000         0x00010000         xr
*default*        0x00000000         0xffffffff

Linker script and memory map

LOAD F:/Msys2/mingw64/bin/../lib/gcc/arm-none-eabi/13.3.0/thumb/v7-m/nofp/crti.o
LOAD F:/Msys2/mingw64/bin/../lib/gcc/arm-none-eabi/13.3.0/thumb/v7-m/nofp/crtbegin.o
LOAD F:/Msys2/mingw64/bin/../lib/gcc/arm-none-eabi/13.3.0/../../../../arm-none-eabi/lib/thumb/v7-m/nofp/crt0.o
LOAD build/main.o
LOAD build/balance_control.o
LOAD build/app_sensors.o
LOAD build/dht11.o
LOAD build/encoder_hal.o
LOAD build/hx711.o
LOAD build/i2c_bus.o
LOAD build/motor_tb6612.o
LOAD build/mpu6050_hal.o
LOAD build/pid.o
LOAD build/raspi_link.o
LOAD build/remote_control.o
LOAD build/uart_dispatch.o
LOAD build/stm32f1xx_it.o
LOAD build/stm32f1xx_hal_msp.o
LOAD build/stm32f1xx_hal_gpio_ex.o
LOAD build/stm32f1xx_hal.o
LOAD build/stm32f1xx_hal_i2c.o
LOAD build/stm32f1xx_hal_rcc.o
LOAD build/stm32f1xx_hal_rcc_ex.o
LOAD build/stm32f1xx_hal_gpio.o
LOAD build/stm32f1xx_hal_tim.o
LOAD build/stm32f1xx_hal_tim_ex.o
LOAD build/stm32f1xx_hal_uart.o
LOAD build/stm32f1xx_hal_dma.o
LOAD build/stm32f1xx_hal_cortex.o
LOAD build/stm32f1xx_hal_pwr.o
LOAD build/stm32f1xx_hal_flash.o
LOAD build/stm32f1xx_hal_flash_ex.o
LOAD build/stm32f1xx_hal_exti.o
LOAD build/stm32f1xx_hal_adc.o
LOAD build/stm32f1xx_hal_adc_ex.o
LOAD build/system_stm32f1xx.o
LOAD build/sysmem.o
LOAD build/syscalls.o
LOAD build/startup_stm32f103xb.o
LOAD F:/Msys2/mingw64/bin/../lib/gcc/arm-none-eabi/13.3.0/../../../../arm-none-eabi/lib/thumb/v7-m/nofp\libc_nano.a
LOAD F:/Msys2/mingw64/bin/../lib/gcc/arm-none-eabi/13.3.0/../../../../arm-none-eabi/lib/thumb/v7-m/nofp\libm.a
LOAD F:/Msys2/mingw64/bin/../lib/gcc/arm-none-eabi/13.3.0/../../../../arm-none-eabi/lib/thumb/v7-m/nofp\libnosys.a
START GROUP
LOAD F:/Msys2/mingw64/bin/../lib/gcc/arm-none-eabi/13.3.0/thumb/v7-m/nofp\libgcc.a
LOAD F:/Msys2/mingw64/bin/../lib/gcc/arm-none-eabi/13.3.0/../../../../arm-none-eabi/lib/thumb/v7-m/nofp\libc_nano.a
END GROUP
START GROUP
LOAD F:/Msys2/mingw64/bin/../lib/gcc/arm-none-eabi/13.3.0/thumb/v7-m/nofp\libgcc.a
LOAD F:/Msys2/mingw64/bin/../lib/gcc/arm-none-eabi/13.3.0/../../../../arm-none-eabi/lib/thumb/v7-m/nofp\libc_nano.a
END GROUP
LOAD F:/Msys2/mingw64/bin/../lib/gcc/arm-none-eabi/13.3.0/thumb/v7-m/nofp/crtend.o
LOAD F:/Msys2/mingw64/bin/../lib/gcc/arm-none-eabi/13.3.0/thumb/v7-m/nofp/crtn.o
                0x20005000                        _estack = (ORIGIN (RAM) + LENGTH (RAM))
                0x00000200                        _Min_Heap_Size = 0x200
                0x00000400                        _Min_Stack_Size = 0x400

.isr_vector     0x08000000      0x10c
                0x08000000                        . = ALIGN (0x4)
 *(.isr_vector)
 .isr_vector    0x08000000      0x10c build/startup_stm32f103xb.o
                0x08000000                g_pfnVectors
                0x0800010c                        . = ALIGN (0x4)

.text           0x08000110     0xb838
                0x08000110                        . = ALIGN (0x4)
 *(.text)
 .text          0x08000110     0x1134 F:/Msys2/mingw64/bin/../lib/gcc/arm-none-eabi/13.3.0/../../../../arm-none-eabi/lib/thumb/v7-m/nofp\libc_nano.a(libc_a-strtod.o)
                0x08000110                _strtod_l
                0x080010a0                _strtod_r
                0x080010ac                strtod_l
                0x080010c8                strtod
                0x080010e0                strtof_l
                0x08001184                strtof
 .text          0x08001244      0x170 F:/Msys2/mingw64/bin/../lib/gcc/arm-none-eabi/13.3.0/../../../../arm-none-eabi/lib/thumb/v7-m/nofp\libc_nano.a(libc_a-strtoul.o)
                0x08001378                _strtoul_r
                0x0800137c                strtoul_l
                0x08001398                strtoul
 .text          0x080013b4      0x2dc F:/Msys2/mingw64/bin/../lib/gcc/arm-none-eabi/13.3.0/../../../../arm-none-eabi/lib/thumb/v7-m/nofp\libc_nano.a(libc_a-findfp.o)
                0x08001530                __sfp
                0x080015f0                __sinit
                0x08001630                __sfp_lock_acquire
                0x0800163c                __sfp_lock_release
                0x08001648                __fp_lock_all
                0x0800166c                __fp_unlock_all
 .text          0x08001690       0x44 F:/Msys2/mingw64/bin/../lib/gcc/arm-none-eabi/13.3.0/../../../../arm-none-eabi/lib/thumb/v7-m/nofp\libc_nano.a(libc_a-fwalk.o)
                0x08001690                _fwalk_sglue
 .text          0x080016d4      0x10c F:/Msys2/mingw64/bin/../lib/gcc/arm-none-eabi/13.3.0/../../../../arm-none-eabi/lib/thumb/v7-m/nofp\libc_nano.a(libc_a-snprintf.o)
                0x080016d4                _sniprintf_r
                0x080016d4                _snprintf_r
                0x08001754                sniprintf
                0x08001754                snprintf
 .text          0x080017e0       0x94 F:/Msys2/mingw64/bin/../lib/gcc/arm-none-eabi/13.3.0/../../../../arm-none-eabi/lib/thumb/v7-m/nofp\libc_nano.a(libc_a-stdio.o)
                0x080017e0                __sread
                0x08001804                __seofread
                0x08001808                __swrite
                0x08001848                __sseek
                0x0800186c                __sclose
 .text          0x08001874       0xa0 F:/Msys2/mingw64/bin/../lib/gcc/arm-none-eabi/13.3.0/../../../../arm-none-eabi/lib/thumb/v7-m/nofp\libc_nano.a(libc_a-memset.o)
                0x08001874                memset
 .text          0x08001914       0xd0 F:/Msys2/mingw64/bin/../lib/gcc/arm-none-eabi/13.3.0/../../../../arm-none-eabi/lib/thumb/v7-m/nofp\libc_nano.a(libc_a-strchr.o)
                0x08001914                strchr
 .text          0x080019e4       0x8c F:/Msys2/mingw64/bin/../lib/gcc/arm-none-eabi/13.3.0/../../../../arm-none-eabi/lib/thumb/v7-m/nofp\libc_nano.a(libc_a-strncmp.o)
                0x080019e4                strncmp
 .text          0x08001a70       0x6c F:/Msys2/mingw64/bin/../lib/gcc/arm-none-eabi/13.3.0/../../../../arm-none-eabi/lib/thumb/v7-m/nofp\libc_nano.a(libc_a-strncpy.o)
                0x08001a70                strncpy
 .text          0x08001adc       0x24 F:/Msys2/mingw64/bin/../lib/gcc/arm-none-eabi/13.3.0/../../../../arm-none-eabi/lib/thumb/v7-m/nofp\libc_nano.a(libc_a-closer.o)
                0x08001adc                _close_r
 .text          0x08001b00       0x2c F:/Msys2/mingw64/bin/../lib/gcc/arm-none-eabi/13.3.0/../../../../arm-none-eabi/lib/thumb/v7-m/nofp\libc_nano.a(libc_a-lseekr.o)
                0x08001b00                _lseek_r
 .text          0x08001b2c       0x2c F:/Msys2/mingw64/bin/../lib/gcc/arm-none-eabi/13.3.0/../../../../arm-none-eabi/lib/thumb/v7-m/nofp\libc_nano.a(libc_a-readr.o)
                0x08001b2c                _read_r
 .text          0x08001b58       0x2c F:/Msys2/mingw64/bin/../lib/gcc/arm-none-eabi/13.3.0/../../../../arm-none-eabi/lib/thumb/v7-m/nofp\libc_nano.a(libc_a-writer.o)
                0x08001b58                _write_r
 .text          0x08001b84        0xc F:/Msys2/mingw64/bin/../lib/gcc/arm-none-eabi/13.3.0/../../../../arm-none-eabi/lib/thumb/v7-m/nofp\libc_nano.a(libc_a-errno.o)
                0x08001b84                __errno
 .text          0x08001b90       0x50 F:/Msys2/mingw64/bin/../lib/gcc/arm-none-eabi/13.3.0/../../../../arm-none-eabi/lib/thumb/v7-m/nofp\libc_nano.a(libc_a-init.o)
                0x08001b90                __libc_init_array
 .text          0x08001be0       0x28 F:/Msys2/mingw64/bin/../lib/gcc/arm-none-eabi/13.3.0/../../../../arm-none-eabi/lib/thumb/v7-m/nofp\libc_nano.a(libc_a-lock.o)
                0x08001be0                __retarget_lock_init
                0x08001be4                __retarget_lock_init_recursive
                0x08001be8                __retarget_lock_close
                0x08001bec                __retarget_lock_close_recursive
                0x08001bf0                __retarget_lock_acquire
                0x08001bf4                __retarget_lock_acquire_recursive
                0x08001bf8                __retarget_lock_try_acquire
                0x08001bfc                __retarget_lock_try_acquire_recursive
                0x08001c00                __retarget_lock_release
                0x08001c04                __retarget_lock_release_recursive
 .text          0x08001c08      0x1bc F:/Msys2/mingw64/bin/../lib/gcc/arm-none-eabi/13.3.0/../../../../arm-none-eabi/lib/thumb/v7-m/nofp\libc_nano.a(libc_a-strcmp.o)
                0x08001c08                strcmp
 .text          0x08001dc4       0xec F:/Msys2/mingw64/bin/../lib/gcc/arm-none-eabi/13.3.0/../../../../arm-none-eabi/lib/thumb/v7-m/nofp\libc_nano.a(libc_a-memcpy.o)
                0x08001dc4                memcpy
 .text          0x08001eb0        0xc F:/Msys2/mingw64/bin/../lib/gcc/arm-none-eabi/13.3.0/../../../../arm-none-eabi/lib/thumb/v7-m/nofp\libc_nano.a(libm_a-s_nan.o)
                0x08001eb0                nan
 .text          0x08001ebc        0x8 F:/Msys2/mingw64/bin/../lib/gcc/arm-none-eabi/13.3.0/../../../../arm-none-eabi/lib/thumb/v7-m/nofp\libc_nano.a(libm_a-sf_nan.o)
                0x08001ebc                nanf
 .text          0x08001ec4       0xbc F:/Msys2/mingw64/bin/../lib/gcc/arm-none-eabi/13.3.0/../../../../arm-none-eabi/lib/thumb/v7-m/nofp\libc_nano.a(libc_a-freer.o)
                0x08001ec4                _free_r
 .text          0x08001f80      0x64c F:/Msys2/mingw64/bin/../lib/gcc/arm-none-eabi/13.3.0/../../../../arm-none-eabi/lib/thumb/v7-m/nofp\libc_nano.a(libc_a-gdtoa-gethex.o)
                0x08002024                __gethex
 .text          0x080025cc      0x204 F:/Msys2/mingw64/bin/../lib/gcc/arm-none-eabi/13.3.0/../../../../arm-none-eabi/lib/thumb/v7-m/nofp\libc_nano.a(libc_a-gdtoa-hexnan.o)
                0x080025cc                __match
                0x08002600                __hexnan
 .text          0x080027d0      0x14c F:/Msys2/mingw64/bin/../lib/gcc/arm-none-eabi/13.3.0/../../../../arm-none-eabi/lib/thumb/v7-m/nofp\libc_nano.a(libc_a-mallocr.o)
                0x0800281c                _malloc_r
 .text          0x0800291c       0x40 F:/Msys2/mingw64/bin/../lib/gcc/arm-none-eabi/13.3.0/../../../../arm-none-eabi/lib/thumb/v7-m/nofp\libc_nano.a(libc_a-mbtowc_r.o)
                0x0800291c                _mbtowc_r
                0x08002930                __ascii_mbtowc
 .text          0x0800295c       0x18 F:/Msys2/mingw64/bin/../lib/gcc/arm-none-eabi/13.3.0/../../../../arm-none-eabi/lib/thumb/v7-m/nofp\libc_nano.a(libc_a-mlock.o)
                0x0800295c                __malloc_lock
                0x08002968                __malloc_unlock
 .text          0x08002974      0xad0 F:/Msys2/mingw64/bin/../lib/gcc/arm-none-eabi/13.3.0/../../../../arm-none-eabi/lib/thumb/v7-m/nofp\libc_nano.a(libc_a-mprec.o)
                0x08002974                _Balloc
                0x080029f4                _Bfree
                0x08002a3c                __multadd
                0x08002ad8                __s2b
                0x08002b88                __hi0bits
                0x08002bcc                __lo0bits
                0x08002c28                __i2b
                0x08002c54                __multiply
                0x08002db8                __pow5mult
                0x08002e98                __lshift
                0x08002f80                __mcmp
                0x08002fc0                __mdiff
                0x08003138                __ulp
                0x08003188                __b2d
                0x0800323c                __d2b
                0x080032f8                __ratio
                0x08003354                _mprec_log10
                0x0800338c                __copybits
                0x080033ec                __any_on
 .text          0x08003444       0x30 F:/Msys2/mingw64/bin/../lib/gcc/arm-none-eabi/13.3.0/../../../../arm-none-eabi/lib/thumb/v7-m/nofp\libc_nano.a(libc_a-wctomb_r.o)
                0x08003444                _wctomb_r
                0x08003458                __ascii_wctomb
 .text          0x08003474      0x400 F:/Msys2/mingw64/bin/../lib/gcc/arm-none-eabi/13.3.0/../../../../arm-none-eabi/lib/thumb/v7-m/nofp\libc_nano.a(libc_a-nano-svfprintf.o)
                0x08003474                __ssputs_r
                0x08003534                __ssprint_r
                0x08003644                _svfiprintf_r
                0x08003644                _svfprintf_r
 .text          0x08003874      0x3a8 F:/Msys2/mingw64/bin/../lib/gcc/arm-none-eabi/13.3.0/../../../../arm-none-eabi/lib/thumb/v7-m/nofp\libc_nano.a(libc_a-nano-vfprintf_i.o)
                0x08003874                _printf_common
                0x08003998                _printf_i
 .text          0x08003c1c      0x194 F:/Msys2/mingw64/bin/../lib/gcc/arm-none-eabi/13.3.0/../../../../arm-none-eabi/lib/thumb/v7-m/nofp\libc_nano.a(libc_a-fflush.o)
                0x08003c1c                __sflush_r
                0x08003d30                _fflush_r
                0x08003d88                fflush
 .text          0x08003db0       0xfc F:/Msys2/mingw64/bin/../lib/gcc/arm-none-eabi/13.3.0/../../../../arm-none-eabi/lib/thumb/v7-m/nofp\libc_nano.a(libc_a-memmove.o)
                0x08003db0                memmove
 .text          0x08003eac       0x24 F:/Msys2/mingw64/bin/../lib/gcc/arm-none-eabi/13.3.0/../../../../arm-none-eabi/lib/thumb/v7-m/nofp\libc_nano.a(libc_a-sbrkr.o)
                0x08003eac                _sbrk_r
 .text          0x08003ed0       0x98 F:/Msys2/mingw64/bin/../lib/gcc/arm-none-eabi/13.3.0/../../../../arm-none-eabi/lib/thumb/v7-m/nofp\libc_nano.a(libc_a-memchr-stub.o)
                0x08003ed0                memchr
 .text          0x08003f68       0x4c F:/Msys2/mingw64/bin/../lib/gcc/arm-none-eabi/13.3.0/../../../../arm-none-eabi/lib/thumb/v7-m/nofp\libc_nano.a(libc_a-assert.o)
                0x08003f68                __assert_func
                0x08003fa8                __assert
 .text          0x08003fb4       0x28 F:/Msys2/mingw64/bin/../lib/gcc/arm-none-eabi/13.3.0/../../../../arm-none-eabi/lib/thumb/v7-m/nofp\libc_nano.a(libc_a-callocr.o)
                0x08003fb4                _calloc_r
 .text          0x08003fdc       0x20 F:/Msys2/mingw64/bin/../lib/gcc/arm-none-eabi/13.3.0/../../../../arm-none-eabi/lib/thumb/v7-m/nofp\libc_nano.a(libc_a-malloc.o)
                0x08003fdc                malloc
                0x08003fec                free
 .text          0x08003ffc       0x64 F:/Msys2/mingw64/bin/../lib/gcc/arm-none-eabi/13.3.0/../../../../arm-none-eabi/lib/thumb/v7-m/nofp\libc_nano.a(libc_a-reallocr.o)
                0x08003ffc                _realloc_r
 .text          0x08004060       0x44 F:/Msys2/mingw64/bin/../lib/gcc/arm-none-eabi/13.3.0/../../../../arm-none-eabi/lib/thumb/v7-m/nofp\libc_nano.a(libc_a-fprintf.o)
                0x08004060                _fprintf_r
                0x08004060                _fiprintf_r
                0x0800407c                fiprintf
                0x0800407c                fprintf
 .text          0x080040a4       0x10 F:/Msys2/mingw64/bin/../lib/gcc/arm-none-eabi/13.3.0/../../../../arm-none-eabi/lib/thumb/v7-m/nofp\libc_nano.a(libc_a-abort.o)
                0x080040a4                abort
 .text          0x080040b4       0x10 F:/Msys2/mingw64/bin/../lib/gcc/arm-none-eabi/13.3.0/../../../../arm-none-eabi/lib/thumb/v7-m/nofp\libc_nano.a(libc_a-msizer.o)
                0x080040b4                _malloc_usable_size_r
 .text          0x080040c4      0x348 F:/Msys2/mingw64/bin/../lib/gcc/arm-none-eabi/13.3.0/../../../../arm-none-eabi/lib/thumb/v7-m/nofp\libc_nano.a(libc_a-nano-vfprintf.o)
                0x080040ec                __sfputs_r
                0x0800411c                __sprint_r
                0x0800413c                _vfiprintf_r
                0x0800413c                _vfprintf_r
                0x080043f0                vfprintf
                0x080043f0                vfiprintf
 .text          0x0800440c      0x2ec F:/Msys2/mingw64/bin/../lib/gcc/arm-none-eabi/13.3.0/../../../../arm-none-eabi/lib/thumb/v7-m/nofp\libc_nano.a(libc_a-fvwrite.o)
                0x0800440c                __sfvwrite_r
 .text          0x080046f8       0x9c F:/Msys2/mingw64/bin/../lib/gcc/arm-none-eabi/13.3.0/../../../../arm-none-eabi/lib/thumb/v7-m/nofp\libc_nano.a(libc_a-wbuf.o)
                0x080046f8                __swbuf_r
                0x08004780                __swbuf
 .text          0x08004794       0xc4 F:/Msys2/mingw64/bin/../lib/gcc/arm-none-eabi/13.3.0/../../../../arm-none-eabi/lib/thumb/v7-m/nofp\libc_nano.a(libc_a-wsetup.o)
                0x08004794                __swsetup_r
 .text          0x08004858      0x264 F:/Msys2/mingw64/bin/../lib/gcc/arm-none-eabi/13.3.0/../../../../arm-none-eabi/lib/thumb/v7-m/nofp\libc_nano.a(libc_a-signal.o)
                0x08004858                _init_signal_r
                0x08004884                _signal_r
                0x080048d0                _raise_r
                0x08004920                __sigtramp_r
                0x08004984                raise
                0x080049d8                signal
                0x08004a24                _init_signal
                0x08004a58                __sigtramp
 .text          0x08004abc       0x2c F:/Msys2/mingw64/bin/../lib/gcc/arm-none-eabi/13.3.0/../../../../arm-none-eabi/lib/thumb/v7-m/nofp\libc_nano.a(libc_a-signalr.o)
                0x08004abc                _kill_r
                0x08004ae4                _getpid_r
 .text          0x08004ae8      0x110 F:/Msys2/mingw64/bin/../lib/gcc/arm-none-eabi/13.3.0/../../../../arm-none-eabi/lib/thumb/v7-m/nofp\libc_nano.a(libc_a-makebuf.o)
                0x08004ae8                __smakebuf_r
                0x08004bac                __swhatbuf_r
 .text          0x08004bf8       0x28 F:/Msys2/mingw64/bin/../lib/gcc/arm-none-eabi/13.3.0/../../../../arm-none-eabi/lib/thumb/v7-m/nofp\libc_nano.a(libc_a-fstatr.o)
                0x08004bf8                _fstat_r
 .text          0x08004c20       0x24 F:/Msys2/mingw64/bin/../lib/gcc/arm-none-eabi/13.3.0/../../../../arm-none-eabi/lib/thumb/v7-m/nofp\libc_nano.a(libc_a-isattyr.o)
                0x08004c20                _isatty_r
 .text          0x08004c44        0x4 F:/Msys2/mingw64/bin/../lib/gcc/arm-none-eabi/13.3.0/../../../../arm-none-eabi/lib/thumb/v7-m/nofp\libm.a(libm_a-wf_atan2.o)
                0x08004c44                atan2f
 .text          0x08004c48       0x70 F:/Msys2/mingw64/bin/../lib/gcc/arm-none-eabi/13.3.0/../../../../arm-none-eabi/lib/thumb/v7-m/nofp\libm.a(libm_a-sf_cos.o)
                0x08004c48                cosf
 .text          0x08004cb8       0x74 F:/Msys2/mingw64/bin/../lib/gcc/arm-none-eabi/13.3.0/../../../../arm-none-eabi/lib/thumb/v7-m/nofp\libm.a(libm_a-sf_sin.o)
                0x08004cb8                sinf
 .text          0x08004d2c      0x190 F:/Msys2/mingw64/bin/../lib/gcc/arm-none-eabi/13.3.0/../../../../arm-none-eabi/lib/thumb/v7-m/nofp\libm.a(libm_a-kf_cos.o)
                0x08004d2c                __kernel_cosf
 .text          0x08004ebc       0xec F:/Msys2/mingw64/bin/../lib/gcc/arm-none-eabi/13.3.0/../../../../arm-none-eabi/lib/thumb/v7-m/nofp\libm.a(libm_a-kf_sin.o)
                0x08004ebc                __kernel_sinf
 .text          0x08004fa8      0x110 F:/Msys2/mingw64/bin/../lib/gcc/arm-none-eabi/13.3.0/../../../../arm-none-eabi/lib/thumb/v7-m/nofp\libm.a(libm_a-ef_atan2.o)
                0x08004fa8                __ieee754_atan2f
 .text          0x080050b8      0x2d4 F:/Msys2/mingw64/bin/../lib/gcc/arm-none-eabi/13.3.0/../../../../arm-none-eabi/lib/thumb/v7-m/nofp\libm.a(libm_a-ef_rem_pio2.o)
                0x080050b8                __ieee754_rem_pio2f
 .text          0x0800538c      0x228 F:/Msys2/mingw64/bin/../lib/gcc/arm-none-eabi/13.3.0/../../../../arm-none-eabi/lib/thumb/v7-m/nofp\libm.a(libm_a-sf_atan.o)
                0x0800538c                atanf
 .text          0x080055b4        0x8 F:/Msys2/mingw64/bin/../lib/gcc/arm-none-eabi/13.3.0/../../../../arm-none-eabi/lib/thumb/v7-m/nofp\libm.a(libm_a-sf_fabs.o)
                0x080055b4                fabsf
 .text          0x080055bc      0x73c F:/Msys2/mingw64/bin/../lib/gcc/arm-none-eabi/13.3.0/../../../../arm-none-eabi/lib/thumb/v7-m/nofp\libm.a(libm_a-kf_rem_pio2.o)
                0x080055bc                __kernel_rem_pio2f
 .text          0x08005cf8       0xb0 F:/Msys2/mingw64/bin/../lib/gcc/arm-none-eabi/13.3.0/../../../../arm-none-eabi/lib/thumb/v7-m/nofp\libm.a(libm_a-sf_scalbn.o)
                0x08005cf8                scalbnf
 .text          0x08005da8       0x88 F:/Msys2/mingw64/bin/../lib/gcc/arm-none-eabi/13.3.0/../../../../arm-none-eabi/lib/thumb/v7-m/nofp\libm.a(libm_a-sf_floor.o)
                0x08005da8                floorf
 .text          0x08005e30      0x378 F:/Msys2/mingw64/bin/../lib/gcc/arm-none-eabi/13.3.0/thumb/v7-m/nofp\libgcc.a(_arm_addsubdf3.o)
                0x08005e30                __aeabi_drsub
                0x08005e38                __aeabi_dsub
                0x08005e38                __subdf3
                0x08005e3c                __aeabi_dadd
                0x08005e3c                __adddf3
                0x080060b4                __floatunsidf
                0x080060b4                __aeabi_ui2d
                0x080060d4                __floatsidf
                0x080060d4                __aeabi_i2d
                0x080060f8                __aeabi_f2d
                0x080060f8                __extendsfdf2
                0x0800613c                __floatundidf
                0x0800613c                __aeabi_ul2d
                0x0800614c                __floatdidf
                0x0800614c                __aeabi_l2d
 .text          0x080061a8      0x424 F:/Msys2/mingw64/bin/../lib/gcc/arm-none-eabi/13.3.0/thumb/v7-m/nofp\libgcc.a(_arm_muldivdf3.o)
                0x080061a8                __aeabi_dmul
                0x080061a8                __muldf3
                0x080063fc                __divdf3
                0x080063fc                __aeabi_ddiv
 .text          0x080065cc      0x110 F:/Msys2/mingw64/bin/../lib/gcc/arm-none-eabi/13.3.0/thumb/v7-m/nofp\libgcc.a(_arm_cmpdf2.o)
                0x080065cc                __gtdf2
                0x080065cc                __gedf2
                0x080065d4                __ltdf2
                0x080065d4                __ledf2
                0x080065dc                __nedf2
                0x080065dc                __eqdf2
                0x080065dc                __cmpdf2
                0x08006658                __aeabi_cdrcmple
                0x08006668                __aeabi_cdcmpeq
                0x08006668                __aeabi_cdcmple
                0x08006678                __aeabi_dcmpeq
                0x0800668c                __aeabi_dcmplt
                0x080066a0                __aeabi_dcmple
                0x080066b4                __aeabi_dcmpge
                0x080066c8                __aeabi_dcmpgt
 .text          0x080066dc       0x2c F:/Msys2/mingw64/bin/../lib/gcc/arm-none-eabi/13.3.0/thumb/v7-m/nofp\libgcc.a(_arm_unorddf2.o)
                0x080066dc                __unorddf2
                0x080066dc                __aeabi_dcmpun
 .text          0x08006708       0x40 F:/Msys2/mingw64/bin/../lib/gcc/arm-none-eabi/13.3.0/thumb/v7-m/nofp\libgcc.a(_arm_fixunsdfsi.o)
                0x08006708                __aeabi_d2uiz
                0x08006708                __fixunsdfsi
 .text          0x08006748       0xa0 F:/Msys2/mingw64/bin/../lib/gcc/arm-none-eabi/13.3.0/thumb/v7-m/nofp\libgcc.a(_arm_truncdfsf2.o)
                0x08006748                __truncdfsf2
                0x08006748                __aeabi_d2f
 .text          0x080067e8      0x21c F:/Msys2/mingw64/bin/../lib/gcc/arm-none-eabi/13.3.0/thumb/v7-m/nofp\libgcc.a(_arm_addsubsf3.o)
                0x080067e8                __aeabi_frsub
                0x080067f0                __subsf3
                0x080067f0                __aeabi_fsub
                0x080067f4                __aeabi_fadd
                0x080067f4                __addsf3
                0x08006954                __aeabi_ui2f
                0x08006954                __floatunsisf
                0x0800695c                __aeabi_i2f
                0x0800695c                __floatsisf
                0x08006978                __aeabi_ul2f
                0x08006978                __floatundisf
                0x08006988                __aeabi_l2f
                0x08006988                __floatdisf
 .text          0x08006a04      0x2a0 F:/Msys2/mingw64/bin/../lib/gcc/arm-none-eabi/13.3.0/thumb/v7-m/nofp\libgcc.a(_arm_muldivsf3.o)
                0x08006a04                __mulsf3
                0x08006a04                __aeabi_fmul
                0x08006b6c                __aeabi_fdiv
                0x08006b6c                __divsf3
 .text          0x08006ca4       0xec F:/Msys2/mingw64/bin/../lib/gcc/arm-none-eabi/13.3.0/thumb/v7-m/nofp\libgcc.a(_arm_cmpsf2.o)
                0x08006ca4                __gesf2
                0x08006ca4                __gtsf2
                0x08006cac                __lesf2
                0x08006cac                __ltsf2
                0x08006cb4                __nesf2
                0x08006cb4                __eqsf2
                0x08006cb4                __cmpsf2
                0x08006d14                __aeabi_cfrcmple
                0x08006d1c                __aeabi_cfcmpeq
                0x08006d1c                __aeabi_cfcmple
                0x08006d2c                __aeabi_fcmpeq
                0x08006d40                __aeabi_fcmplt
                0x08006d54                __aeabi_fcmple
                0x08006d68                __aeabi_fcmpge
                0x08006d7c                __aeabi_fcmpgt
 .text          0x08006d90       0x2c F:/Msys2/mingw64/bin/../lib/gcc/arm-none-eabi/13.3.0/thumb/v7-m/nofp\libgcc.a(_arm_unordsf2.o)
                0x08006d90                __unordsf2
                0x08006d90                __aeabi_fcmpun
 .text          0x08006dbc       0x4c F:/Msys2/mingw64/bin/../lib/gcc/arm-none-eabi/13.3.0/thumb/v7-m/nofp\libgcc.a(_arm_fixsfsi.o)
                0x08006dbc                __aeabi_f2iz
                0x08006dbc                __fixsfsi
 *(.text*)
 .text.__do_global_dtors_aux
                0x08006e08       0x24 F:/Msys2/mingw64/bin/../lib/gcc/arm-none-eabi/13.3.0/thumb/v7-m/nofp/crtbegin.o
 .text.frame_dummy
                0x08006e2c       0x1c F:/Msys2/mingw64/bin/../lib/gcc/arm-none-eabi/13.3.0/thumb/v7-m/nofp/crtbegin.o
 .text.Error_Handler
                0x08006e48        0x4 build/main.o
                0x08006e48                Error_Handler
 .text.SystemClock_Config
                0x08006e4c       0x60 build/main.o
                0x08006e4c                SystemClock_Config
 .text.main     0x08006eac       0x14 build/main.o
                0x08006eac                main
 .text.BalanceCar_SetFault
                0x08006ec0       0x10 build/balance_control.o
 .text.BalanceCar_ClearRuntimeFaults
                0x08006ed0       0x14 build/balance_control.o
 .text.BalanceCar_ClampPwm
                0x08006ee4       0x34 build/balance_control.o
 .text.BalanceCar_RunLedInit
                0x08006f18       0x38 build/balance_control.o
 .text.BalanceCar_ButtonInit
                0x08006f50       0x34 build/balance_control.o
 .text.BalanceCar_RunLedApply
                0x08006f84       0x20 build/balance_control.o
 .text.BalanceCar_ButtonTick1ms
                0x08006fa4        0x8 build/balance_control.o
 .text.BalanceCar_ResetPidAndOutputs
                0x08006fac       0x44 build/balance_control.o
 .text.BalanceCar_Stop
                0x08006ff0       0x24 build/balance_control.o
 .text.BalanceCar_RunAngleLoop
                0x08007014      0x1ac build/balance_control.o
 .text.BalanceCar_RunSpeedLoop
                0x080071c0       0xdc build/balance_control.o
 .text.BalanceCar_Init
                0x0800729c       0xa0 build/balance_control.o
                0x0800729c                BalanceCar_Init
 .text.BalanceCar_Background
                0x0800733c       0xb4 build/balance_control.o
                0x0800733c                BalanceCar_Background
 .text.BalanceCar_TimerTick1ms
                0x080073f0       0x90 build/balance_control.o
                0x080073f0                BalanceCar_TimerTick1ms
 .text.HAL_TIM_Base_MspInit
                0x08007480       0x40 build/balance_control.o
                0x08007480                HAL_TIM_Base_MspInit
 .text.TIM4_IRQHandler
                0x080074c0       0x28 build/balance_control.o
                0x080074c0                TIM4_IRQHandler
 .text.AppSensors_SetFault
                0x080074e8       0x10 build/app_sensors.o
                0x080074e8                AppSensors_SetFault
 .text.AppSensors_ClearFault
                0x080074f8       0x10 build/app_sensors.o
                0x080074f8                AppSensors_ClearFault
 .text.AppSensors_ServiceDht
                0x08007508       0xa8 build/app_sensors.o
 .text.AppSensors_ReadHx711
                0x080075b0       0x74 build/app_sensors.o
 .text.AppSensors_Init
                0x08007624       0x44 build/app_sensors.o
                0x08007624                AppSensors_Init
 .text.AppSensors_Background
                0x08007668       0x48 build/app_sensors.o
                0x08007668                AppSensors_Background
 .text.Dht11_DwtInit
                0x080076b0       0x38 build/dht11.o
 .text.Dht11_SetInput
                0x080076e8       0x30 build/dht11.o
 .text.Dht11_SetOutput
                0x08007718       0x34 build/dht11.o
 .text.Dht11_Micros
                0x0800774c       0x20 build/dht11.o
 .text.Dht11_WaitForState
                0x0800776c       0x30 build/dht11.o
 .text.Dht11_Init
                0x0800779c       0x2c build/dht11.o
                0x0800779c                Dht11_Init
 .text.Dht11_StartRead
                0x080077c8       0x24 build/dht11.o
                0x080077c8                Dht11_StartRead
 .text.Dht11_FinishRead
                0x080077ec      0x144 build/dht11.o
                0x080077ec                Dht11_FinishRead
 .text.Dht11_GetFailStep
                0x08007930        0xc build/dht11.o
                0x08007930                Dht11_GetFailStep
 .text.Encoder_InitTimer
                0x0800793c       0x6e build/encoder_hal.o
 *fill*         0x080079aa        0x2 
 .text.Encoder_Init
                0x080079ac       0x3c build/encoder_hal.o
                0x080079ac                Encoder_Init
 .text.Encoder_GetLeftDelta
                0x080079e8       0x14 build/encoder_hal.o
                0x080079e8                Encoder_GetLeftDelta
 .text.Encoder_GetRightDelta
                0x080079fc       0x14 build/encoder_hal.o
                0x080079fc                Encoder_GetRightDelta
 .text.HAL_TIM_Encoder_MspInit
                0x08007a10       0x90 build/encoder_hal.o
                0x08007a10                HAL_TIM_Encoder_MspInit
 .text.Hx711_DwtInit
                0x08007aa0       0x38 build/hx711.o
 .text.Hx711_DelayUs
                0x08007ad8       0x30 build/hx711.o
 .text.Hx711_Init
                0x08007b08       0x78 build/hx711.o
                0x08007b08                Hx711_Init
 .text.Hx711_ReadRaw
                0x08007b80       0xa4 build/hx711.o
                0x08007b80                Hx711_ReadRaw
 .text.BalanceI2C1_Init
                0x08007c24       0x4c build/i2c_bus.o
                0x08007c24                BalanceI2C1_Init
 .text.BalanceI2C1_GetHandle
                0x08007c70        0x8 build/i2c_bus.o
                0x08007c70                BalanceI2C1_GetHandle
 .text.HAL_I2C_MspInit
                0x08007c78       0x90 build/i2c_bus.o
                0x08007c78                HAL_I2C_MspInit
 .text.Motor_Clamp
                0x08007d08       0x16 build/motor_tb6612.o
 *fill*         0x08007d1e        0x2 
 .text.Motor_ToCompare
                0x08007d20       0x20 build/motor_tb6612.o
 .text.TB6612_SetMotors
                0x08007d40       0xa4 build/motor_tb6612.o
                0x08007d40                TB6612_SetMotors
 .text.TB6612_Stop
                0x08007de4       0x50 build/motor_tb6612.o
                0x08007de4                TB6612_Stop
 .text.TB6612_Init
                0x08007e34       0xe4 build/motor_tb6612.o
                0x08007e34                TB6612_Init
 .text.HAL_TIM_PWM_MspInit
                0x08007f18       0x64 build/motor_tb6612.o
                0x08007f18                HAL_TIM_PWM_MspInit
 .text.Mpu6050_ReadReg
                0x08007f7c       0x22 build/mpu6050_hal.o
 .text.Mpu6050_WriteReg
                0x08007f9e       0x28 build/mpu6050_hal.o
 *fill*         0x08007fc6        0x2 
 .text.Mpu6050_Init
                0x08007fc8       0x80 build/mpu6050_hal.o
                0x08007fc8                Mpu6050_Init
 .text.Mpu6050_ReadRaw
                0x08008048       0x7e build/mpu6050_hal.o
                0x08008048                Mpu6050_ReadRaw
 *fill*         0x080080c6        0x2 
 .text.Mpu6050_GetLastId
                0x080080c8        0xc build/mpu6050_hal.o
                0x080080c8                Mpu6050_GetLastId
 .text.PID_Init
                0x080080d4       0x12 build/pid.o
                0x080080d4                PID_Init
 .text.PID_Update
                0x080080e6       0xdc build/pid.o
                0x080080e6                PID_Update
 *fill*         0x080081c2        0x2 
 .text.RaspiLink_SetFault
                0x080081c4       0x10 build/raspi_link.o
 .text.RaspiLink_Clamp
                0x080081d4       0x34 build/raspi_link.o
 .text.RaspiLink_StopMotion
                0x08008208       0x20 build/raspi_link.o
 .text.RaspiLink_ChecksumAscii
                0x08008228       0x12 build/raspi_link.o
 .text.RaspiLink_HexValue
                0x0800823a       0x38 build/raspi_link.o
 .text.RaspiLink_ParseChecksum
                0x08008272       0x58 build/raspi_link.o
 .text.RaspiLink_ParseFlag
                0x080082ca       0x30 build/raspi_link.o
 *fill*         0x080082fa        0x2 
 .text.RaspiLink_MarkInvalid
                0x080082fc       0x18 build/raspi_link.o
 .text.RaspiLink_NormalizeYaw
                0x08008314       0x4c build/raspi_link.o
 .text.RaspiLink_CheckTimeout
                0x08008360       0x44 build/raspi_link.o
 .text.RaspiLink_UartInit
                0x080083a4       0xd4 build/raspi_link.o
 .text.RaspiLink_StartReceive
                0x08008478       0x20 build/raspi_link.o
 .text.RaspiLink_ParseUint32
                0x08008498       0x3e build/raspi_link.o
 .text.RaspiLink_ParseFloat
                0x080084d6       0x3c build/raspi_link.o
 *fill*         0x08008512        0x2 
 .text.RaspiLink_ProcessLine
                0x08008514      0x1b4 build/raspi_link.o
 .text.RaspiLink_UpdateOdometry
                0x080086c8      0x110 build/raspi_link.o
 .text.RaspiLink_FormatFixed4
                0x080087d8       0x74 build/raspi_link.o
 .text.RaspiLink_SendOdometry
                0x0800884c      0x140 build/raspi_link.o
 .text.RaspiLink_Init
                0x0800898c       0x58 build/raspi_link.o
                0x0800898c                RaspiLink_Init
 .text.RaspiLink_Background
                0x080089e4       0x70 build/raspi_link.o
                0x080089e4                RaspiLink_Background
 .text.RaspiLink_IRQHandler
                0x08008a54       0x10 build/raspi_link.o
                0x08008a54                RaspiLink_IRQHandler
 .text.RaspiLink_RxCpltCallback
                0x08008a64       0x98 build/raspi_link.o
                0x08008a64                RaspiLink_RxCpltCallback
 .text.RaspiLink_TxCpltCallback
                0x08008afc       0x20 build/raspi_link.o
                0x08008afc                RaspiLink_TxCpltCallback
 .text.RaspiLink_ErrorCallback
                0x08008b1c       0x24 build/raspi_link.o
                0x08008b1c                RaspiLink_ErrorCallback
 .text.RemoteControl_Clamp
                0x08008b40       0x34 build/remote_control.o
 .text.RemoteControl_SetFault
                0x08008b74       0x10 build/remote_control.o
 .text.RemoteControl_ApplyPid
                0x08008b84        0x8 build/remote_control.o
 .text.RemoteControl_CheckTimeout
                0x08008b8c       0x48 build/remote_control.o
 .text.RemoteControl_UartInit
                0x08008bd4       0xb4 build/remote_control.o
 .text.RemoteControl_StartReceive
                0x08008c88       0x20 build/remote_control.o
 .text.RemoteControl_MarkValid
                0x08008ca8       0x30 build/remote_control.o
 .text.RemoteControl_MarkInvalid
                0x08008cd8       0x30 build/remote_control.o
 .text.RemoteControl_ParseFloat
                0x08008d08       0x3e build/remote_control.o
 .text.RemoteControl_ParsePidValues
                0x08008d46       0xa4 build/remote_control.o
 *fill*         0x08008dea        0x2 
 .text.RemoteControl_ProcessLine
                0x08008dec      0x290 build/remote_control.o
 .text.RemoteControl_SendLine
                0x0800907c       0x58 build/remote_control.o
 .text.RemoteControl_SendTelemetry
                0x080090d4       0xec build/remote_control.o
 .text.RemoteControl_SendDebugTelemetry
                0x080091c0       0x84 build/remote_control.o
 .text.RemoteControl_Init
                0x08009244       0x5c build/remote_control.o
                0x08009244                RemoteControl_Init
 .text.RemoteControl_Background
                0x080092a0       0x80 build/remote_control.o
                0x080092a0                RemoteControl_Background
 .text.RemoteControl_IRQHandler
                0x08009320       0x10 build/remote_control.o
                0x08009320                RemoteControl_IRQHandler
 .text.RemoteControl_RxCpltCallback
                0x08009330       0x98 build/remote_control.o
                0x08009330                RemoteControl_RxCpltCallback
 .text.RemoteControl_TxCpltCallback
                0x080093c8       0x20 build/remote_control.o
                0x080093c8                RemoteControl_TxCpltCallback
 .text.RemoteControl_ErrorCallback
                0x080093e8       0x24 build/remote_control.o
                0x080093e8                RemoteControl_ErrorCallback
 .text.HAL_UART_RxCpltCallback
                0x0800940c       0x14 build/uart_dispatch.o
                0x0800940c                HAL_UART_RxCpltCallback
 .text.HAL_UART_TxCpltCallback
                0x08009420       0x14 build/uart_dispatch.o
                0x08009420                HAL_UART_TxCpltCallback
 .text.HAL_UART_ErrorCallback
                0x08009434       0x14 build/uart_dispatch.o
                0x08009434                HAL_UART_ErrorCallback
 .text.NMI_Handler
                0x08009448        0x2 build/stm32f1xx_it.o
                0x08009448                NMI_Handler
 .text.HardFault_Handler
                0x0800944a        0x2 build/stm32f1xx_it.o
                0x0800944a                HardFault_Handler
 .text.MemManage_Handler
                0x0800944c        0x2 build/stm32f1xx_it.o
                0x0800944c                MemManage_Handler
 .text.BusFault_Handler
                0x0800944e        0x2 build/stm32f1xx_it.o
                0x0800944e                BusFault_Handler
 .text.UsageFault_Handler
                0x08009450        0x2 build/stm32f1xx_it.o
                0x08009450                UsageFault_Handler
 .text.SVC_Handler
                0x08009452        0x2 build/stm32f1xx_it.o
                0x08009452                SVC_Handler
 .text.DebugMon_Handler
                0x08009454        0x2 build/stm32f1xx_it.o
                0x08009454                DebugMon_Handler
 .text.PendSV_Handler
                0x08009456        0x2 build/stm32f1xx_it.o
                0x08009456                PendSV_Handler
 .text.SysTick_Handler
                0x08009458        0x8 build/stm32f1xx_it.o
                0x08009458                SysTick_Handler
 .text.USART1_IRQHandler
                0x08009460        0x8 build/stm32f1xx_it.o
                0x08009460                USART1_IRQHandler
 .text.USART3_IRQHandler
                0x08009468        0x8 build/stm32f1xx_it.o
                0x08009468                USART3_IRQHandler
 .text.HAL_MspInit
                0x08009470       0x44 build/stm32f1xx_hal_msp.o
                0x08009470                HAL_MspInit
 .text.HAL_InitTick
                0x080094b4       0x4c build/stm32f1xx_hal.o
                0x080094b4                HAL_InitTick
 .text.HAL_Init
                0x08009500       0x24 build/stm32f1xx_hal.o
                0x08009500                HAL_Init
 .text.HAL_IncTick
                0x08009524       0x18 build/stm32f1xx_hal.o
                0x08009524                HAL_IncTick
 .text.HAL_GetTick
                0x0800953c        0xc build/stm32f1xx_hal.o
                0x0800953c                HAL_GetTick
 .text.I2C_IsAcknowledgeFailed
                0x08009548       0x32 build/stm32f1xx_hal_i2c.o
 .text.I2C_WaitOnFlagUntilTimeout
                0x0800957a       0xaa build/stm32f1xx_hal_i2c.o
 .text.I2C_WaitOnMasterAddressFlagUntilTimeout
                0x08009624       0xd6 build/stm32f1xx_hal_i2c.o
 .text.I2C_WaitOnTXEFlagUntilTimeout
                0x080096fa       0x5e build/stm32f1xx_hal_i2c.o
 .text.I2C_RequestMemoryWrite
                0x08009758       0xd8 build/stm32f1xx_hal_i2c.o
 .text.I2C_RequestMemoryRead
                0x08009830      0x154 build/stm32f1xx_hal_i2c.o
 .text.I2C_WaitOnBTFFlagUntilTimeout
                0x08009984       0x5e build/stm32f1xx_hal_i2c.o
 .text.I2C_WaitOnRXNEFlagUntilTimeout
                0x080099e2       0x78 build/stm32f1xx_hal_i2c.o
 *fill*         0x08009a5a        0x2 
 .text.HAL_I2C_Init
                0x08009a5c      0x1bc build/stm32f1xx_hal_i2c.o
                0x08009a5c                HAL_I2C_Init
 .text.HAL_I2C_Mem_Write
                0x08009c18      0x164 build/stm32f1xx_hal_i2c.o
                0x08009c18                HAL_I2C_Mem_Write
 .text.HAL_I2C_Mem_Read
                0x08009d7c      0x35c build/stm32f1xx_hal_i2c.o
                0x08009d7c                HAL_I2C_Mem_Read
 .text.RCC_Delay
                0x0800a0d8       0x2c build/stm32f1xx_hal_rcc.o
 .text.HAL_RCC_OscConfig
                0x0800a104      0x410 build/stm32f1xx_hal_rcc.o
                0x0800a104                HAL_RCC_OscConfig
 .text.HAL_RCC_GetSysClockFreq
                0x0800a514       0x54 build/stm32f1xx_hal_rcc.o
                0x0800a514                HAL_RCC_GetSysClockFreq
 .text.HAL_RCC_ClockConfig
                0x0800a568      0x16c build/stm32f1xx_hal_rcc.o
                0x0800a568                HAL_RCC_ClockConfig
 .text.HAL_RCC_GetHCLKFreq
                0x0800a6d4        0xc build/stm32f1xx_hal_rcc.o
                0x0800a6d4                HAL_RCC_GetHCLKFreq
 .text.HAL_RCC_GetPCLK1Freq
                0x0800a6e0       0x20 build/stm32f1xx_hal_rcc.o
                0x0800a6e0                HAL_RCC_GetPCLK1Freq
 .text.HAL_RCC_GetPCLK2Freq
                0x0800a700       0x20 build/stm32f1xx_hal_rcc.o
                0x0800a700                HAL_RCC_GetPCLK2Freq
 .text.HAL_GPIO_Init
                0x0800a720      0x21c build/stm32f1xx_hal_gpio.o
                0x0800a720                HAL_GPIO_Init
 .text.HAL_GPIO_ReadPin
                0x0800a93c        0xe build/stm32f1xx_hal_gpio.o
                0x0800a93c                HAL_GPIO_ReadPin
 .text.HAL_GPIO_WritePin
                0x0800a94a        0xc build/stm32f1xx_hal_gpio.o
                0x0800a94a                HAL_GPIO_WritePin
 *fill*         0x0800a956        0x2 
 .text.TIM_OC1_SetConfig
                0x0800a958       0x54 build/stm32f1xx_hal_tim.o
 .text.TIM_OC3_SetConfig
                0x0800a9ac       0x5c build/stm32f1xx_hal_tim.o
 .text.TIM_OC4_SetConfig
                0x0800aa08       0x48 build/stm32f1xx_hal_tim.o
 .text.HAL_TIM_Base_Start_IT
                0x0800aa50       0x68 build/stm32f1xx_hal_tim.o
                0x0800aa50                HAL_TIM_Base_Start_IT
 .text.TIM_Base_SetConfig
                0x0800aab8       0x84 build/stm32f1xx_hal_tim.o
                0x0800aab8                TIM_Base_SetConfig
 .text.HAL_TIM_Base_Init
                0x0800ab3c       0x58 build/stm32f1xx_hal_tim.o
                0x0800ab3c                HAL_TIM_Base_Init
 .text.HAL_TIM_PWM_Init
                0x0800ab94       0x58 build/stm32f1xx_hal_tim.o
                0x0800ab94                HAL_TIM_PWM_Init
 .text.HAL_TIM_Encoder_Init
                0x0800abec       0xb6 build/stm32f1xx_hal_tim.o
                0x0800abec                HAL_TIM_Encoder_Init
 *fill*         0x0800aca2        0x2 
 .text.TIM_OC2_SetConfig
                0x0800aca4       0x5c build/stm32f1xx_hal_tim.o
                0x0800aca4                TIM_OC2_SetConfig
 .text.HAL_TIM_PWM_ConfigChannel
                0x0800ad00       0xdc build/stm32f1xx_hal_tim.o
                0x0800ad00                HAL_TIM_PWM_ConfigChannel
 .text.TIM_CCxChannelCmd
                0x0800addc       0x1e build/stm32f1xx_hal_tim.o
                0x0800addc                TIM_CCxChannelCmd
 *fill*         0x0800adfa        0x2 
 .text.HAL_TIM_PWM_Start
                0x0800adfc       0xdc build/stm32f1xx_hal_tim.o
                0x0800adfc                HAL_TIM_PWM_Start
 .text.HAL_TIM_Encoder_Start
                0x0800aed8       0xcc build/stm32f1xx_hal_tim.o
                0x0800aed8                HAL_TIM_Encoder_Start
 .text.HAL_TIMEx_MasterConfigSynchronization
                0x0800afa4       0x6c build/stm32f1xx_hal_tim_ex.o
                0x0800afa4                HAL_TIMEx_MasterConfigSynchronization
 .text.UART_EndRxTransfer
                0x0800b010       0x5c build/stm32f1xx_hal_uart.o
 .text.UART_Transmit_IT
                0x0800b06c       0x60 build/stm32f1xx_hal_uart.o
 .text.UART_SetConfig
                0x0800b0cc       0x94 build/stm32f1xx_hal_uart.o
 .text.HAL_UART_MspInit
                0x0800b160        0x2 build/stm32f1xx_hal_uart.o
                0x0800b160                HAL_UART_MspInit
 .text.HAL_UART_Init
                0x0800b162       0x60 build/stm32f1xx_hal_uart.o
                0x0800b162                HAL_UART_Init
 .text.HAL_UART_Transmit_IT
                0x0800b1c2       0x38 build/stm32f1xx_hal_uart.o
                0x0800b1c2                HAL_UART_Transmit_IT
 .text.UART_EndTransmit_IT
                0x0800b1fa       0x1a build/stm32f1xx_hal_uart.o
 .text.UART_DMAAbortOnError
                0x0800b214       0x10 build/stm32f1xx_hal_uart.o
 .text.HAL_UARTEx_RxEventCallback
                0x0800b224        0x2 build/stm32f1xx_hal_uart.o
                0x0800b224                HAL_UARTEx_RxEventCallback
 .text.UART_Receive_IT
                0x0800b226       0xe6 build/stm32f1xx_hal_uart.o
 .text.HAL_UART_IRQHandler
                0x0800b30c      0x284 build/stm32f1xx_hal_uart.o
                0x0800b30c                HAL_UART_IRQHandler
 .text.UART_Start_Receive_IT
                0x0800b590       0x36 build/stm32f1xx_hal_uart.o
                0x0800b590                UART_Start_Receive_IT
 .text.HAL_UART_Receive_IT
                0x0800b5c6       0x26 build/stm32f1xx_hal_uart.o
                0x0800b5c6                HAL_UART_Receive_IT
 .text.HAL_DMA_Abort
                0x0800b5ec       0x46 build/stm32f1xx_hal_dma.o
                0x0800b5ec                HAL_DMA_Abort
 *fill*         0x0800b632        0x2 
 .text.HAL_DMA_Abort_IT
                0x0800b634       0x98 build/stm32f1xx_hal_dma.o
                0x0800b634                HAL_DMA_Abort_IT
 .text.__NVIC_SetPriority
                0x0800b6cc       0x28 build/stm32f1xx_hal_cortex.o
 .text.NVIC_EncodePriority
                0x0800b6f4       0x3e build/stm32f1xx_hal_cortex.o
 *fill*         0x0800b732        0x2 
 .text.HAL_NVIC_SetPriorityGrouping
                0x0800b734       0x24 build/stm32f1xx_hal_cortex.o
                0x0800b734                HAL_NVIC_SetPriorityGrouping
 .text.HAL_NVIC_SetPriority
                0x0800b758       0x20 build/stm32f1xx_hal_cortex.o
                0x0800b758                HAL_NVIC_SetPriority
 .text.HAL_NVIC_EnableIRQ
                0x0800b778       0x1c build/stm32f1xx_hal_cortex.o
                0x0800b778                HAL_NVIC_EnableIRQ
 .text.HAL_SYSTICK_Config
                0x0800b794       0x28 build/stm32f1xx_hal_cortex.o
                0x0800b794                HAL_SYSTICK_Config
 .text.SystemInit
                0x0800b7bc        0x2 build/system_stm32f1xx.o
                0x0800b7bc                SystemInit
 *fill*         0x0800b7be        0x2 
 .text._sbrk    0x0800b7c0       0x48 build/sysmem.o
                0x0800b7c0                _sbrk
 .text._getpid  0x0800b808        0x4 build/syscalls.o
                0x0800b808                _getpid
 .text._kill    0x0800b80c       0x10 build/syscalls.o
                0x0800b80c                _kill
 .text._exit    0x0800b81c        0xc build/syscalls.o
                0x0800b81c                _exit
 .text._read    0x0800b828       0x20 build/syscalls.o
                0x0800b828                _read
 .text._write   0x0800b848       0x1c build/syscalls.o
                0x0800b848                _write
 .text._close   0x0800b864        0x6 build/syscalls.o
                0x0800b864                _close
 .text._fstat   0x0800b86a        0xa build/syscalls.o
                0x0800b86a                _fstat
 .text._isatty  0x0800b874        0x4 build/syscalls.o
                0x0800b874                _isatty
 .text._lseek   0x0800b878        0x4 build/syscalls.o
                0x0800b878                _lseek
 .text.Reset_Handler
                0x0800b87c       0x48 build/startup_stm32f103xb.o
                0x0800b87c                Reset_Handler
 .text.Default_Handler
                0x0800b8c4        0x2 build/startup_stm32f103xb.o
                0x0800b8c4                RTC_Alarm_IRQHandler
                0x0800b8c4                EXTI2_IRQHandler
                0x0800b8c4                TIM1_CC_IRQHandler
                0x0800b8c4                PVD_IRQHandler
                0x0800b8c4                EXTI3_IRQHandler
                0x0800b8c4                EXTI0_IRQHandler
                0x0800b8c4                I2C2_EV_IRQHandler
                0x0800b8c4                ADC1_2_IRQHandler
                0x0800b8c4                SPI1_IRQHandler
                0x0800b8c4                TAMPER_IRQHandler
                0x0800b8c4                DMA1_Channel4_IRQHandler
                0x0800b8c4                RTC_IRQHandler
                0x0800b8c4                DMA1_Channel7_IRQHandler
                0x0800b8c4                CAN1_RX1_IRQHandler
                0x0800b8c4                I2C1_EV_IRQHandler
                0x0800b8c4                DMA1_Channel6_IRQHandler
                0x0800b8c4                TIM3_IRQHandler
                0x0800b8c4                RCC_IRQHandler
                0x0800b8c4                TIM1_TRG_COM_IRQHandler
                0x0800b8c4                DMA1_Channel1_IRQHandler
                0x0800b8c4                Default_Handler
                0x0800b8c4                EXTI15_10_IRQHandler
                0x0800b8c4                EXTI9_5_IRQHandler
                0x0800b8c4                SPI2_IRQHandler
                0x0800b8c4                DMA1_Channel5_IRQHandler
                0x0800b8c4                EXTI4_IRQHandler
                0x0800b8c4                USB_LP_CAN1_RX0_IRQHandler
                0x0800b8c4                USB_HP_CAN1_TX_IRQHandler
                0x0800b8c4                DMA1_Channel3_IRQHandler
                0x0800b8c4                TIM1_UP_IRQHandler
                0x0800b8c4                WWDG_IRQHandler
                0x0800b8c4                TIM2_IRQHandler
                0x0800b8c4                TIM1_BRK_IRQHandler
                0x0800b8c4                EXTI1_IRQHandler
                0x0800b8c4                USART2_IRQHandler
                0x0800b8c4                I2C2_ER_IRQHandler
                0x0800b8c4                DMA1_Channel2_IRQHandler
                0x0800b8c4                CAN1_SCE_IRQHandler
                0x0800b8c4                FLASH_IRQHandler
                0x0800b8c4                I2C1_ER_IRQHandler
                0x0800b8c4                USBWakeUp_IRQHandler
 .text.__fixdfdi
                0x0800b8c6       0x2e F:/Msys2/mingw64/bin/../lib/gcc/arm-none-eabi/13.3.0/thumb/v7-m/nofp\libgcc.a(_fixdfdi.o)
                0x0800b8c6                __fixdfdi
                0x0800b8c6                __aeabi_d2lz
 .text.__fixunsdfdi
                0x0800b8f4       0x3c F:/Msys2/mingw64/bin/../lib/gcc/arm-none-eabi/13.3.0/thumb/v7-m/nofp\libgcc.a(_fixunsdfdi.o)
                0x0800b8f4                __fixunsdfdi
                0x0800b8f4                __aeabi_d2ulz
 *(.glue_7)
 .glue_7        0x0800b930        0x0 linker stubs
 *(.glue_7t)
 .glue_7t       0x0800b930        0x0 linker stubs
 *(.eh_frame)
 .eh_frame      0x0800b930        0x0 F:/Msys2/mingw64/bin/../lib/gcc/arm-none-eabi/13.3.0/thumb/v7-m/nofp/crtbegin.o
 *(.init)
 .init          0x0800b930        0x4 F:/Msys2/mingw64/bin/../lib/gcc/arm-none-eabi/13.3.0/thumb/v7-m/nofp/crti.o
                0x0800b930                _init
 .init          0x0800b934        0x8 F:/Msys2/mingw64/bin/../lib/gcc/arm-none-eabi/13.3.0/thumb/v7-m/nofp/crtn.o
 *(.fini)
 .fini          0x0800b93c        0x4 F:/Msys2/mingw64/bin/../lib/gcc/arm-none-eabi/13.3.0/thumb/v7-m/nofp/crti.o
                0x0800b93c                _fini
 .fini          0x0800b940        0x8 F:/Msys2/mingw64/bin/../lib/gcc/arm-none-eabi/13.3.0/thumb/v7-m/nofp/crtn.o
                0x0800b948                        . = ALIGN (0x4)
                0x0800b948                        _etext = .

.vfp11_veneer   0x0800b948        0x0
 .vfp11_veneer  0x0800b948        0x0 linker stubs

.v4_bx          0x0800b948        0x0
 .v4_bx         0x0800b948        0x0 linker stubs

.iplt           0x0800b948        0x0
 .iplt          0x0800b948        0x0 F:/Msys2/mingw64/bin/../lib/gcc/arm-none-eabi/13.3.0/thumb/v7-m/nofp/crtbegin.o

.rodata         0x0800b948      0xa24
                0x0800b948                        . = ALIGN (0x4)
 *(.rodata)
 .rodata        0x0800b948       0x50 F:/Msys2/mingw64/bin/../lib/gcc/arm-none-eabi/13.3.0/../../../../arm-none-eabi/lib/thumb/v7-m/nofp\libc_nano.a(libc_a-strtod.o)
 .rodata        0x0800b998      0x101 F:/Msys2/mingw64/bin/../lib/gcc/arm-none-eabi/13.3.0/../../../../arm-none-eabi/lib/thumb/v7-m/nofp\libc_nano.a(libc_a-ctype_.o)
                0x0800b998                _ctype_
 *fill*         0x0800ba99        0x3 
 .rodata        0x0800ba9c      0x100 F:/Msys2/mingw64/bin/../lib/gcc/arm-none-eabi/13.3.0/../../../../arm-none-eabi/lib/thumb/v7-m/nofp\libc_nano.a(libc_a-gdtoa-gethex.o)
                0x0800ba9c                __hexdig
 *fill*         0x0800bb9c        0x4 
 .rodata        0x0800bba0      0x128 F:/Msys2/mingw64/bin/../lib/gcc/arm-none-eabi/13.3.0/../../../../arm-none-eabi/lib/thumb/v7-m/nofp\libc_nano.a(libc_a-mprec.o)
                0x0800bbb0                __mprec_tens
                0x0800bc78                __mprec_tinytens
                0x0800bca0                __mprec_bigtens
 .rodata        0x0800bcc8       0x18 F:/Msys2/mingw64/bin/../lib/gcc/arm-none-eabi/13.3.0/../../../../arm-none-eabi/lib/thumb/v7-m/nofp\libm.a(libm_a-ef_atan2.o)
 .rodata        0x0800bce0      0x398 F:/Msys2/mingw64/bin/../lib/gcc/arm-none-eabi/13.3.0/../../../../arm-none-eabi/lib/thumb/v7-m/nofp\libm.a(libm_a-ef_rem_pio2.o)
 .rodata        0x0800c078       0x20 F:/Msys2/mingw64/bin/../lib/gcc/arm-none-eabi/13.3.0/../../../../arm-none-eabi/lib/thumb/v7-m/nofp\libm.a(libm_a-sf_atan.o)
 .rodata        0x0800c098       0x38 F:/Msys2/mingw64/bin/../lib/gcc/arm-none-eabi/13.3.0/../../../../arm-none-eabi/lib/thumb/v7-m/nofp\libm.a(libm_a-kf_rem_pio2.o)
 *(.rodata*)
 .rodata.RaspiLink_ProcessLine.str1.4
                0x0800c0d0      0x26f build/raspi_link.o
                                  0x3 (size before relaxing)
 .rodata.RaspiLink_FormatFixed4.str1.4
                0x0800c33f        0x0 build/raspi_link.o
                                 0x14 (size before relaxing)
 .rodata.RaspiLink_SendOdometry.str1.4
                0x0800c33f        0x0 build/raspi_link.o
                                 0x26 (size before relaxing)
 .rodata.RemoteControl_ProcessLine.str1.4
                0x0800c33f        0x0 build/remote_control.o
                                 0x76 (size before relaxing)
 .rodata.RemoteControl_SendTelemetry.str1.4
                0x0800c33f        0x0 build/remote_control.o
                                 0x54 (size before relaxing)
 .rodata.RemoteControl_SendDebugTelemetry.str1.4
                0x0800c33f        0x0 build/remote_control.o
                                 0x30 (size before relaxing)
 *fill*         0x0800c33f        0x1 
 .rodata.aPredivFactorTable.0
                0x0800c340        0x2 build/stm32f1xx_hal_rcc.o
 *fill*         0x0800c342        0x2 
 .rodata.aPLLMULFactorTable.1
                0x0800c344       0x10 build/stm32f1xx_hal_rcc.o
 .rodata.APBPrescTable
                0x0800c354        0x8 build/system_stm32f1xx.o
                0x0800c354                APBPrescTable
 .rodata.AHBPrescTable
                0x0800c35c       0x10 build/system_stm32f1xx.o
                0x0800c35c                AHBPrescTable
 .rodata.str1.4
                0x0800c36c        0x0 F:/Msys2/mingw64/bin/../lib/gcc/arm-none-eabi/13.3.0/../../../../arm-none-eabi/lib/thumb/v7-m/nofp\libc_nano.a(libc_a-strtod.o)
                                 0x15 (size before relaxing)
 .rodata.str1.4
                0x0800c36c        0x0 F:/Msys2/mingw64/bin/../lib/gcc/arm-none-eabi/13.3.0/../../../../arm-none-eabi/lib/thumb/v7-m/nofp\libc_nano.a(libc_a-locale.o)
                                 0x12 (size before relaxing)
 .rodata.str1.4
                0x0800c36c        0x0 F:/Msys2/mingw64/bin/../lib/gcc/arm-none-eabi/13.3.0/../../../../arm-none-eabi/lib/thumb/v7-m/nofp\libc_nano.a(libc_a-gdtoa-gethex.o)
                                 0x5b (size before relaxing)
 .rodata.str1.4
                0x0800c36c        0x0 F:/Msys2/mingw64/bin/../lib/gcc/arm-none-eabi/13.3.0/../../../../arm-none-eabi/lib/thumb/v7-m/nofp\libc_nano.a(libc_a-mprec.o)
                                 0x65 (size before relaxing)
 .rodata.str1.4
                0x0800c36c        0x0 F:/Msys2/mingw64/bin/../lib/gcc/arm-none-eabi/13.3.0/../../../../arm-none-eabi/lib/thumb/v7-m/nofp\libc_nano.a(libc_a-nano-svfprintf.o)
                                 0x13 (size before relaxing)
 .rodata.str1.4
                0x0800c36c        0x0 F:/Msys2/mingw64/bin/../lib/gcc/arm-none-eabi/13.3.0/../../../../arm-none-eabi/lib/thumb/v7-m/nofp\libc_nano.a(libc_a-nano-vfprintf_i.o)
                                 0x25 (size before relaxing)
 .rodata.str1.4
                0x0800c36c        0x0 F:/Msys2/mingw64/bin/../lib/gcc/arm-none-eabi/13.3.0/../../../../arm-none-eabi/lib/thumb/v7-m/nofp\libc_nano.a(libc_a-assert.o)
                                 0x43 (size before relaxing)
 .rodata.str1.4
                0x0800c36c        0x0 F:/Msys2/mingw64/bin/../lib/gcc/arm-none-eabi/13.3.0/../../../../arm-none-eabi/lib/thumb/v7-m/nofp\libc_nano.a(libc_a-nano-vfprintf.o)
                                 0x13 (size before relaxing)
                0x0800c36c                        . = ALIGN (0x4)

.ARM.extab      0x0800c36c        0x0
                0x0800c36c                        . = ALIGN (0x4)
 *(.ARM.extab* .gnu.linkonce.armextab.*)
                0x0800c36c                        . = ALIGN (0x4)

.ARM            0x0800c36c        0x8
                0x0800c36c                        . = ALIGN (0x4)
                0x0800c36c                        __exidx_start = .
 *(.ARM.exidx*)
 .ARM.exidx     0x0800c36c        0x8 F:/Msys2/mingw64/bin/../lib/gcc/arm-none-eabi/13.3.0/../../../../arm-none-eabi/lib/thumb/v7-m/nofp\libc_nano.a(libc_a-strcmp.o)
 .ARM.exidx     0x0800c374        0x0 F:/Msys2/mingw64/bin/../lib/gcc/arm-none-eabi/13.3.0/../../../../arm-none-eabi/lib/thumb/v7-m/nofp\libc_nano.a(libc_a-memcpy.o)
                                  0x8 (size before relaxing)
                0x0800c374                        __exidx_end = .
                0x0800c374                        . = ALIGN (0x4)

.preinit_array  0x0800c374        0x0
                0x0800c374                        . = ALIGN (0x4)
                0x0800c374                        PROVIDE (__preinit_array_start = .)
 *(.preinit_array*)
                0x0800c374                        PROVIDE (__preinit_array_end = .)
                0x0800c374                        . = ALIGN (0x4)

.init_array     0x0800c374        0x4
                0x0800c374                        . = ALIGN (0x4)
                0x0800c374                        PROVIDE (__init_array_start = .)
 *(SORT_BY_NAME(.init_array.*))
 *(.init_array*)
 .init_array    0x0800c374        0x4 F:/Msys2/mingw64/bin/../lib/gcc/arm-none-eabi/13.3.0/thumb/v7-m/nofp/crtbegin.o
                0x0800c378                        PROVIDE (__init_array_end = .)
                0x0800c378                        . = ALIGN (0x4)

.fini_array     0x0800c378        0x4
                0x0800c378                        . = ALIGN (0x4)
                0x0800c378                        PROVIDE (__fini_array_start = .)
 *(SORT_BY_NAME(.fini_array.*))
 *(.fini_array*)
 .fini_array    0x0800c378        0x4 F:/Msys2/mingw64/bin/../lib/gcc/arm-none-eabi/13.3.0/thumb/v7-m/nofp/crtbegin.o
                0x0800c37c                        PROVIDE (__fini_array_end = .)
                0x0800c37c                        . = ALIGN (0x4)
                0x0800c37c                        _sidata = LOADADDR (.data)

.rel.dyn        0x0800c37c        0x0
 .rel.iplt      0x0800c37c        0x0 F:/Msys2/mingw64/bin/../lib/gcc/arm-none-eabi/13.3.0/thumb/v7-m/nofp/crtbegin.o

.data           0x20000000      0x300 load address 0x0800c37c
                0x20000000                        . = ALIGN (0x4)
                0x20000000                        _sdata = .
 *(.data)
 .data          0x20000000        0xc F:/Msys2/mingw64/bin/../lib/gcc/arm-none-eabi/13.3.0/../../../../arm-none-eabi/lib/thumb/v7-m/nofp\libc_nano.a(libc_a-findfp.o)
                0x20000000                __sglue
 .data          0x2000000c      0x16c F:/Msys2/mingw64/bin/../lib/gcc/arm-none-eabi/13.3.0/../../../../arm-none-eabi/lib/thumb/v7-m/nofp\libc_nano.a(libc_a-locale.o)
                0x2000000c                __global_locale
 .data          0x20000178       0x50 F:/Msys2/mingw64/bin/../lib/gcc/arm-none-eabi/13.3.0/../../../../arm-none-eabi/lib/thumb/v7-m/nofp\libc_nano.a(libc_a-impure.o)
                0x20000178                _impure_ptr
                0x2000017c                _impure_data
 *(.data*)
 .data.g_turn_pid
                0x200001c8       0x3c build/balance_control.o
                0x200001c8                g_turn_pid
 .data.g_speed_pid
                0x20000204       0x3c build/balance_control.o
                0x20000204                g_speed_pid
 .data.g_angle_pid
                0x20000240       0x3c build/balance_control.o
                0x20000240                g_angle_pid
 .data.g_balance_debug
                0x2000027c       0x20 build/balance_control.o
                0x2000027c                g_balance_debug
 .data.g_sensor_state
                0x2000029c       0x28 build/app_sensors.o
                0x2000029c                g_sensor_state
 .data.g_raspi_link_debug
                0x200002c4       0x20 build/raspi_link.o
                0x200002c4                g_raspi_link_debug
 .data.g_remote_debug
                0x200002e4       0x10 build/remote_control.o
                0x200002e4                g_remote_debug
 .data.uwTickFreq
                0x200002f4        0x1 build/stm32f1xx_hal.o
                0x200002f4                uwTickFreq
 *fill*         0x200002f5        0x3 
 .data.uwTickPrio
                0x200002f8        0x4 build/stm32f1xx_hal.o
                0x200002f8                uwTickPrio
 .data.SystemCoreClock
                0x200002fc        0x4 build/system_stm32f1xx.o
                0x200002fc                SystemCoreClock
 *(.RamFunc)
 *(.RamFunc*)
                0x20000300                        . = ALIGN (0x4)
                0x20000300                        _edata = .

.igot.plt       0x20000300        0x0 load address 0x0800c67c
 .igot.plt      0x20000300        0x0 F:/Msys2/mingw64/bin/../lib/gcc/arm-none-eabi/13.3.0/thumb/v7-m/nofp/crtbegin.o
                0x20000300                        . = ALIGN (0x4)

.bss            0x20000300      0x720 load address 0x0800c67c
                0x20000300                        _sbss = .
                0x20000300                        __bss_start__ = _sbss
 *(.bss)
 .bss           0x20000300      0x13c F:/Msys2/mingw64/bin/../lib/gcc/arm-none-eabi/13.3.0/../../../../arm-none-eabi/lib/thumb/v7-m/nofp\libc_nano.a(libc_a-findfp.o)
                0x20000300                __sf
                0x20000438                __stdio_exit_handler
 .bss           0x2000043c        0x4 F:/Msys2/mingw64/bin/../lib/gcc/arm-none-eabi/13.3.0/../../../../arm-none-eabi/lib/thumb/v7-m/nofp\libc_nano.a(libc_a-reent.o)
                0x2000043c                errno
 .bss           0x20000440       0x1d F:/Msys2/mingw64/bin/../lib/gcc/arm-none-eabi/13.3.0/../../../../arm-none-eabi/lib/thumb/v7-m/nofp\libc_nano.a(libc_a-lock.o)
                0x20000440                __lock___arc4random_mutex
                0x20000444                __lock___dd_hash_mutex
                0x20000448                __lock___tz_mutex
                0x2000044c                __lock___env_recursive_mutex
                0x20000450                __lock___malloc_recursive_mutex
                0x20000454                __lock___at_quick_exit_mutex
                0x20000458                __lock___atexit_recursive_mutex
                0x2000045c                __lock___sfp_recursive_mutex
 *fill*         0x2000045d        0x3 
 .bss           0x20000460        0x8 F:/Msys2/mingw64/bin/../lib/gcc/arm-none-eabi/13.3.0/../../../../arm-none-eabi/lib/thumb/v7-m/nofp\libc_nano.a(libc_a-mallocr.o)
                0x20000460                __malloc_sbrk_start
                0x20000464                __malloc_free_list
 *(.bss*)
 .bss.completed.1
                0x20000468        0x1 F:/Msys2/mingw64/bin/../lib/gcc/arm-none-eabi/13.3.0/thumb/v7-m/nofp/crtbegin.o
 *fill*         0x20000469        0x3 
 .bss.object.0  0x2000046c       0x18 F:/Msys2/mingw64/bin/../lib/gcc/arm-none-eabi/13.3.0/thumb/v7-m/nofp/crtbegin.o
 .bss.count_speed.0
                0x20000484        0x1 build/balance_control.o
 .bss.count_angle.1
                0x20000485        0x1 build/balance_control.o
 *fill*         0x20000486        0x2 
 .bss.s_dif_pwm
                0x20000488        0x4 build/balance_control.o
 .bss.s_angle   0x2000048c        0x4 build/balance_control.o
 .bss.s_last_run_enable
                0x20000490        0x1 build/balance_control.o
 .bss.s_speed_tick_pending
                0x20000491        0x1 build/balance_control.o
 .bss.s_angle_tick_pending
                0x20000492        0x1 build/balance_control.o
 *fill*         0x20000493        0x1 
 .bss.s_htim4   0x20000494       0x48 build/balance_control.o
 .bss.g_balance_state
                0x200004dc       0x48 build/balance_control.o
                0x200004dc                g_balance_state
 .bss.s_hx711_zero_captured
                0x20000524        0x1 build/app_sensors.o
 .bss.s_dht_waiting
                0x20000525        0x1 build/app_sensors.o
 *fill*         0x20000526        0x2 
 .bss.s_dht_start_ms
                0x20000528        0x4 build/app_sensors.o
 .bss.s_next_dht_ms
                0x2000052c        0x4 build/app_sensors.o
 .bss.s_next_hx711_ms
                0x20000530        0x4 build/app_sensors.o
 .bss.s_fail_step
                0x20000534        0x1 build/dht11.o
 .bss.s_dwt_ready
                0x20000535        0x1 build/dht11.o
 *fill*         0x20000536        0x2 
 .bss.s_htim2   0x20000538       0x48 build/encoder_hal.o
 .bss.s_htim1   0x20000580       0x48 build/encoder_hal.o
 .bss.s_dwt_ready
                0x200005c8        0x1 build/hx711.o
 .bss.s_i2c1_initialized
                0x200005c9        0x1 build/i2c_bus.o
 *fill*         0x200005ca        0x2 
 .bss.s_hi2c1   0x200005cc       0x54 build/i2c_bus.o
 .bss.s_htim3   0x20000620       0x48 build/motor_tb6612.o
 .bss.s_last_id
                0x20000668        0x1 build/mpu6050_hal.o
 *fill*         0x20000669        0x3 
 .bss.s_last_odom_update_ms
                0x2000066c        0x4 build/raspi_link.o
 .bss.s_next_odom_tx_ms
                0x20000670        0x4 build/raspi_link.o
 .bss.s_tx_line
                0x20000674       0x60 build/raspi_link.o
 .bss.s_parse_line
                0x200006d4       0x50 build/raspi_link.o
 .bss.s_line_ready
                0x20000724        0x1 build/raspi_link.o
 .bss.s_rx_index
                0x20000725        0x1 build/raspi_link.o
 *fill*         0x20000726        0x2 
 .bss.s_rx_line
                0x20000728       0x50 build/raspi_link.o
 .bss.s_rx_byte
                0x20000778        0x1 build/raspi_link.o
 *fill*         0x20000779        0x3 
 .bss.s_huart_raspi
                0x2000077c       0x48 build/raspi_link.o
 .bss.g_raspi_link_state
                0x200007c4      0x114 build/raspi_link.o
                0x200007c4                g_raspi_link_state
 .bss.s_next_debug_ms
                0x200008d8        0x4 build/remote_control.o
 .bss.s_next_telemetry_ms
                0x200008dc        0x4 build/remote_control.o
 .bss.s_tx_busy
                0x200008e0        0x1 build/remote_control.o
 *fill*         0x200008e1        0x3 
 .bss.s_tx_line
                0x200008e4       0x60 build/remote_control.o
 .bss.s_parse_line
                0x20000944       0x20 build/remote_control.o
 .bss.s_line_ready
                0x20000964        0x1 build/remote_control.o
 .bss.s_rx_index
                0x20000965        0x1 build/remote_control.o
 *fill*         0x20000966        0x2 
 .bss.s_rx_line
                0x20000968       0x20 build/remote_control.o
 .bss.s_rx_byte
                0x20000988        0x1 build/remote_control.o
 *fill*         0x20000989        0x3 
 .bss.s_huart_remote
                0x2000098c       0x48 build/remote_control.o
 .bss.g_remote_state
                0x200009d4       0x44 build/remote_control.o
                0x200009d4                g_remote_state
 .bss.uwTick    0x20000a18        0x4 build/stm32f1xx_hal.o
                0x20000a18                uwTick
 .bss.__sbrk_heap_end
                0x20000a1c        0x4 build/sysmem.o
 *(COMMON)
                0x20000a20                        . = ALIGN (0x4)
                0x20000a20                        _ebss = .
                0x20000a20                        __bss_end__ = _ebss

._user_heap_stack
                0x20000a20      0x600 load address 0x0800c67c
                0x20000a20                        . = ALIGN (0x8)
                [!provide]                        PROVIDE (end = .)
                0x20000a20                        PROVIDE (_end = .)
                0x20000c20                        . = (. + _Min_Heap_Size)
 *fill*         0x20000a20      0x200 
                0x20001020                        . = (. + _Min_Stack_Size)
 *fill*         0x20000c20      0x400 
                0x20001020                        . = ALIGN (0x8)

/DISCARD/
 libc.a(*)
 libm.a(*)
 libgcc.a(*)
OUTPUT(build/balance_car.elf elf32-littlearm)
LOAD linker stubs
LOAD F:/Msys2/mingw64/bin/../lib/gcc/arm-none-eabi/13.3.0/../../../../arm-none-eabi/lib/thumb/v7-m/nofp\libc.a
LOAD F:/Msys2/mingw64/bin/../lib/gcc/arm-none-eabi/13.3.0/../../../../arm-none-eabi/lib/thumb/v7-m/nofp\libm.a
LOAD F:/Msys2/mingw64/bin/../lib/gcc/arm-none-eabi/13.3.0/thumb/v7-m/nofp\libgcc.a

.ARM.attributes
                0x00000000       0x29
 .ARM.attributes
                0x00000000       0x1d F:/Msys2/mingw64/bin/../lib/gcc/arm-none-eabi/13.3.0/thumb/v7-m/nofp/crti.o
 .ARM.attributes
                0x0000001d       0x2d F:/Msys2/mingw64/bin/../lib/gcc/arm-none-eabi/13.3.0/thumb/v7-m/nofp/crtbegin.o
 .ARM.attributes
                0x0000004a       0x2d build/main.o
 .ARM.attributes
                0x00000077       0x2d build/balance_control.o
 .ARM.attributes
                0x000000a4       0x2d build/app_sensors.o
 .ARM.attributes
                0x000000d1       0x2d build/dht11.o
 .ARM.attributes
                0x000000fe       0x2d build/encoder_hal.o
 .ARM.attributes
                0x0000012b       0x2d build/hx711.o
 .ARM.attributes
                0x00000158       0x2d build/i2c_bus.o
 .ARM.attributes
                0x00000185       0x2d build/motor_tb6612.o
 .ARM.attributes
                0x000001b2       0x2d build/mpu6050_hal.o
 .ARM.attributes
                0x000001df       0x2d build/pid.o
 .ARM.attributes
                0x0000020c       0x2d build/raspi_link.o
 .ARM.attributes
                0x00000239       0x2d build/remote_control.o
 .ARM.attributes
                0x00000266       0x2d build/uart_dispatch.o
 .ARM.attributes
                0x00000293       0x2d build/stm32f1xx_it.o
 .ARM.attributes
                0x000002c0       0x2d build/stm32f1xx_hal_msp.o
 .ARM.attributes
                0x000002ed       0x2d build/stm32f1xx_hal.o
 .ARM.attributes
                0x0000031a       0x2d build/stm32f1xx_hal_i2c.o
 .ARM.attributes
                0x00000347       0x2d build/stm32f1xx_hal_rcc.o
 .ARM.attributes
                0x00000374       0x2d build/stm32f1xx_hal_gpio.o
 .ARM.attributes
                0x000003a1       0x2d build/stm32f1xx_hal_tim.o
 .ARM.attributes
                0x000003ce       0x2d build/stm32f1xx_hal_tim_ex.o
 .ARM.attributes
                0x000003fb       0x2d build/stm32f1xx_hal_uart.o
 .ARM.attributes
                0x00000428       0x2d build/stm32f1xx_hal_dma.o
 .ARM.attributes
                0x00000455       0x2d build/stm32f1xx_hal_cortex.o
 .ARM.attributes
                0x00000482       0x2d build/system_stm32f1xx.o
 .ARM.attributes
                0x000004af       0x2d build/sysmem.o
 .ARM.attributes
                0x000004dc       0x2d build/syscalls.o
 .ARM.attributes
                0x00000509       0x21 build/startup_stm32f103xb.o
 .ARM.attributes
                0x0000052a       0x2d F:/Msys2/mingw64/bin/../lib/gcc/arm-none-eabi/13.3.0/../../../../arm-none-eabi/lib/thumb/v7-m/nofp\libc_nano.a(libc_a-strtod.o)
 .ARM.attributes
                0x00000557       0x2d F:/Msys2/mingw64/bin/../lib/gcc/arm-none-eabi/13.3.0/../../../../arm-none-eabi/lib/thumb/v7-m/nofp\libc_nano.a(libc_a-strtoul.o)
 .ARM.attributes
                0x00000584       0x2d F:/Msys2/mingw64/bin/../lib/gcc/arm-none-eabi/13.3.0/../../../../arm-none-eabi/lib/thumb/v7-m/nofp\libc_nano.a(libc_a-ctype_.o)
 .ARM.attributes
                0x000005b1       0x2d F:/Msys2/mingw64/bin/../lib/gcc/arm-none-eabi/13.3.0/../../../../arm-none-eabi/lib/thumb/v7-m/nofp\libc_nano.a(libc_a-findfp.o)
 .ARM.attributes
                0x000005de       0x2d F:/Msys2/mingw64/bin/../lib/gcc/arm-none-eabi/13.3.0/../../../../arm-none-eabi/lib/thumb/v7-m/nofp\libc_nano.a(libc_a-fwalk.o)
 .ARM.attributes
                0x0000060b       0x2d F:/Msys2/mingw64/bin/../lib/gcc/arm-none-eabi/13.3.0/../../../../arm-none-eabi/lib/thumb/v7-m/nofp\libc_nano.a(libc_a-snprintf.o)
 .ARM.attributes
                0x00000638       0x2d F:/Msys2/mingw64/bin/../lib/gcc/arm-none-eabi/13.3.0/../../../../arm-none-eabi/lib/thumb/v7-m/nofp\libc_nano.a(libc_a-stdio.o)
 .ARM.attributes
                0x00000665       0x2d F:/Msys2/mingw64/bin/../lib/gcc/arm-none-eabi/13.3.0/../../../../arm-none-eabi/lib/thumb/v7-m/nofp\libc_nano.a(libc_a-memset.o)
 .ARM.attributes
                0x00000692       0x2d F:/Msys2/mingw64/bin/../lib/gcc/arm-none-eabi/13.3.0/../../../../arm-none-eabi/lib/thumb/v7-m/nofp\libc_nano.a(libc_a-strchr.o)
 .ARM.attributes
                0x000006bf       0x2d F:/Msys2/mingw64/bin/../lib/gcc/arm-none-eabi/13.3.0/../../../../arm-none-eabi/lib/thumb/v7-m/nofp\libc_nano.a(libc_a-strncmp.o)
 .ARM.attributes
                0x000006ec       0x2d F:/Msys2/mingw64/bin/../lib/gcc/arm-none-eabi/13.3.0/../../../../arm-none-eabi/lib/thumb/v7-m/nofp\libc_nano.a(libc_a-strncpy.o)
 .ARM.attributes
                0x00000719       0x2d F:/Msys2/mingw64/bin/../lib/gcc/arm-none-eabi/13.3.0/../../../../arm-none-eabi/lib/thumb/v7-m/nofp\libc_nano.a(libc_a-locale.o)
 .ARM.attributes
                0x00000746       0x2d F:/Msys2/mingw64/bin/../lib/gcc/arm-none-eabi/13.3.0/../../../../arm-none-eabi/lib/thumb/v7-m/nofp\libc_nano.a(libc_a-closer.o)
 .ARM.attributes
                0x00000773       0x2d F:/Msys2/mingw64/bin/../lib/gcc/arm-none-eabi/13.3.0/../../../../arm-none-eabi/lib/thumb/v7-m/nofp\libc_nano.a(libc_a-reent.o)
 .ARM.attributes
                0x000007a0       0x2d F:/Msys2/mingw64/bin/../lib/gcc/arm-none-eabi/13.3.0/../../../../arm-none-eabi/lib/thumb/v7-m/nofp\libc_nano.a(libc_a-impure.o)
 .ARM.attributes
                0x000007cd       0x2d F:/Msys2/mingw64/bin/../lib/gcc/arm-none-eabi/13.3.0/../../../../arm-none-eabi/lib/thumb/v7-m/nofp\libc_nano.a(libc_a-lseekr.o)
 .ARM.attributes
                0x000007fa       0x2d F:/Msys2/mingw64/bin/../lib/gcc/arm-none-eabi/13.3.0/../../../../arm-none-eabi/lib/thumb/v7-m/nofp\libc_nano.a(libc_a-readr.o)
 .ARM.attributes
                0x00000827       0x2d F:/Msys2/mingw64/bin/../lib/gcc/arm-none-eabi/13.3.0/../../../../arm-none-eabi/lib/thumb/v7-m/nofp\libc_nano.a(libc_a-writer.o)
 .ARM.attributes
                0x00000854       0x2d F:/Msys2/mingw64/bin/../lib/gcc/arm-none-eabi/13.3.0/../../../../arm-none-eabi/lib/thumb/v7-m/nofp\libc_nano.a(libc_a-errno.o)
 .ARM.attributes
                0x00000881       0x2d F:/Msys2/mingw64/bin/../lib/gcc/arm-none-eabi/13.3.0/../../../../arm-none-eabi/lib/thumb/v7-m/nofp\libc_nano.a(libc_a-init.o)
 .ARM.attributes
                0x000008ae       0x2d F:/Msys2/mingw64/bin/../lib/gcc/arm-none-eabi/13.3.0/../../../../arm-none-eabi/lib/thumb/v7-m/nofp\libc_nano.a(libc_a-lock.o)
 .ARM.attributes
                0x000008db       0x1b F:/Msys2/mingw64/bin/../lib/gcc/arm-none-eabi/13.3.0/../../../../arm-none-eabi/lib/thumb/v7-m/nofp\libc_nano.a(libc_a-strcmp.o)
 .ARM.attributes
                0x000008f6       0x1b F:/Msys2/mingw64/bin/../lib/gcc/arm-none-eabi/13.3.0/../../../../arm-none-eabi/lib/thumb/v7-m/nofp\libc_nano.a(libc_a-memcpy.o)
 .ARM.attributes
                0x00000911       0x2d F:/Msys2/mingw64/bin/../lib/gcc/arm-none-eabi/13.3.0/../../../../arm-none-eabi/lib/thumb/v7-m/nofp\libc_nano.a(libm_a-s_nan.o)
 .ARM.attributes
                0x0000093e       0x2d F:/Msys2/mingw64/bin/../lib/gcc/arm-none-eabi/13.3.0/../../../../arm-none-eabi/lib/thumb/v7-m/nofp\libc_nano.a(libm_a-sf_nan.o)
 .ARM.attributes
                0x0000096b       0x2d F:/Msys2/mingw64/bin/../lib/gcc/arm-none-eabi/13.3.0/../../../../arm-none-eabi/lib/thumb/v7-m/nofp\libc_nano.a(libc_a-freer.o)
 .ARM.attributes
                0x00000998       0x2d F:/Msys2/mingw64/bin/../lib/gcc/arm-none-eabi/13.3.0/../../../../arm-none-eabi/lib/thumb/v7-m/nofp\libc_nano.a(libc_a-gdtoa-gethex.o)
 .ARM.attributes
                0x000009c5       0x2d F:/Msys2/mingw64/bin/../lib/gcc/arm-none-eabi/13.3.0/../../../../arm-none-eabi/lib/thumb/v7-m/nofp\libc_nano.a(libc_a-gdtoa-hexnan.o)
 .ARM.attributes
                0x000009f2       0x2d F:/Msys2/mingw64/bin/../lib/gcc/arm-none-eabi/13.3.0/../../../../arm-none-eabi/lib/thumb/v7-m/nofp\libc_nano.a(libc_a-mallocr.o)
 .ARM.attributes
                0x00000a1f       0x2d F:/Msys2/mingw64/bin/../lib/gcc/arm-none-eabi/13.3.0/../../../../arm-none-eabi/lib/thumb/v7-m/nofp\libc_nano.a(libc_a-mbtowc_r.o)
 .ARM.attributes
                0x00000a4c       0x2d F:/Msys2/mingw64/bin/../lib/gcc/arm-none-eabi/13.3.0/../../../../arm-none-eabi/lib/thumb/v7-m/nofp\libc_nano.a(libc_a-mlock.o)
 .ARM.attributes
                0x00000a79       0x2d F:/Msys2/mingw64/bin/../lib/gcc/arm-none-eabi/13.3.0/../../../../arm-none-eabi/lib/thumb/v7-m/nofp\libc_nano.a(libc_a-mprec.o)
 .ARM.attributes
                0x00000aa6       0x2d F:/Msys2/mingw64/bin/../lib/gcc/arm-none-eabi/13.3.0/../../../../arm-none-eabi/lib/thumb/v7-m/nofp\libc_nano.a(libc_a-wctomb_r.o)
 .ARM.attributes
                0x00000ad3       0x2d F:/Msys2/mingw64/bin/../lib/gcc/arm-none-eabi/13.3.0/../../../../arm-none-eabi/lib/thumb/v7-m/nofp\libc_nano.a(libc_a-nano-svfprintf.o)
 .ARM.attributes
                0x00000b00       0x2d F:/Msys2/mingw64/bin/../lib/gcc/arm-none-eabi/13.3.0/../../../../arm-none-eabi/lib/thumb/v7-m/nofp\libc_nano.a(libc_a-nano-vfprintf_i.o)
 .ARM.attributes
                0x00000b2d       0x2d F:/Msys2/mingw64/bin/../lib/gcc/arm-none-eabi/13.3.0/../../../../arm-none-eabi/lib/thumb/v7-m/nofp\libc_nano.a(libc_a-fflush.o)
 .ARM.attributes
                0x00000b5a       0x2d F:/Msys2/mingw64/bin/../lib/gcc/arm-none-eabi/13.3.0/../../../../arm-none-eabi/lib/thumb/v7-m/nofp\libc_nano.a(libc_a-memmove.o)
 .ARM.attributes
                0x00000b87       0x2d F:/Msys2/mingw64/bin/../lib/gcc/arm-none-eabi/13.3.0/../../../../arm-none-eabi/lib/thumb/v7-m/nofp\libc_nano.a(libc_a-sbrkr.o)
 .ARM.attributes
                0x00000bb4       0x2d F:/Msys2/mingw64/bin/../lib/gcc/arm-none-eabi/13.3.0/../../../../arm-none-eabi/lib/thumb/v7-m/nofp\libc_nano.a(libc_a-memchr-stub.o)
 .ARM.attributes
                0x00000be1       0x2d F:/Msys2/mingw64/bin/../lib/gcc/arm-none-eabi/13.3.0/../../../../arm-none-eabi/lib/thumb/v7-m/nofp\libc_nano.a(libc_a-assert.o)
 .ARM.attributes
                0x00000c0e       0x2d F:/Msys2/mingw64/bin/../lib/gcc/arm-none-eabi/13.3.0/../../../../arm-none-eabi/lib/thumb/v7-m/nofp\libc_nano.a(libc_a-callocr.o)
 .ARM.attributes
                0x00000c3b       0x2d F:/Msys2/mingw64/bin/../lib/gcc/arm-none-eabi/13.3.0/../../../../arm-none-eabi/lib/thumb/v7-m/nofp\libc_nano.a(libc_a-malloc.o)
 .ARM.attributes
                0x00000c68       0x2d F:/Msys2/mingw64/bin/../lib/gcc/arm-none-eabi/13.3.0/../../../../arm-none-eabi/lib/thumb/v7-m/nofp\libc_nano.a(libc_a-reallocr.o)
 .ARM.attributes
                0x00000c95       0x2d F:/Msys2/mingw64/bin/../lib/gcc/arm-none-eabi/13.3.0/../../../../arm-none-eabi/lib/thumb/v7-m/nofp\libc_nano.a(libc_a-fprintf.o)
 .ARM.attributes
                0x00000cc2       0x2d F:/Msys2/mingw64/bin/../lib/gcc/arm-none-eabi/13.3.0/../../../../arm-none-eabi/lib/thumb/v7-m/nofp\libc_nano.a(libc_a-abort.o)
 .ARM.attributes
                0x00000cef       0x2d F:/Msys2/mingw64/bin/../lib/gcc/arm-none-eabi/13.3.0/../../../../arm-none-eabi/lib/thumb/v7-m/nofp\libc_nano.a(libc_a-msizer.o)
 .ARM.attributes
                0x00000d1c       0x2d F:/Msys2/mingw64/bin/../lib/gcc/arm-none-eabi/13.3.0/../../../../arm-none-eabi/lib/thumb/v7-m/nofp\libc_nano.a(libc_a-nano-vfprintf.o)
 .ARM.attributes
                0x00000d49       0x2d F:/Msys2/mingw64/bin/../lib/gcc/arm-none-eabi/13.3.0/../../../../arm-none-eabi/lib/thumb/v7-m/nofp\libc_nano.a(libc_a-fvwrite.o)
 .ARM.attributes
                0x00000d76       0x2d F:/Msys2/mingw64/bin/../lib/gcc/arm-none-eabi/13.3.0/../../../../arm-none-eabi/lib/thumb/v7-m/nofp\libc_nano.a(libc_a-wbuf.o)
 .ARM.attributes
                0x00000da3       0x2d F:/Msys2/mingw64/bin/../lib/gcc/arm-none-eabi/13.3.0/../../../../arm-none-eabi/lib/thumb/v7-m/nofp\libc_nano.a(libc_a-wsetup.o)
 .ARM.attributes
                0x00000dd0       0x2d F:/Msys2/mingw64/bin/../lib/gcc/arm-none-eabi/13.3.0/../../../../arm-none-eabi/lib/thumb/v7-m/nofp\libc_nano.a(libc_a-signal.o)
 .ARM.attributes
                0x00000dfd       0x2d F:/Msys2/mingw64/bin/../lib/gcc/arm-none-eabi/13.3.0/../../../../arm-none-eabi/lib/thumb/v7-m/nofp\libc_nano.a(libc_a-signalr.o)
 .ARM.attributes
                0x00000e2a       0x2d F:/Msys2/mingw64/bin/../lib/gcc/arm-none-eabi/13.3.0/../../../../arm-none-eabi/lib/thumb/v7-m/nofp\libc_nano.a(libc_a-makebuf.o)
 .ARM.attributes
                0x00000e57       0x2d F:/Msys2/mingw64/bin/../lib/gcc/arm-none-eabi/13.3.0/../../../../arm-none-eabi/lib/thumb/v7-m/nofp\libc_nano.a(libc_a-fstatr.o)
 .ARM.attributes
                0x00000e84       0x2d F:/Msys2/mingw64/bin/../lib/gcc/arm-none-eabi/13.3.0/../../../../arm-none-eabi/lib/thumb/v7-m/nofp\libc_nano.a(libc_a-isattyr.o)
 .ARM.attributes
                0x00000eb1       0x2d F:/Msys2/mingw64/bin/../lib/gcc/arm-none-eabi/13.3.0/../../../../arm-none-eabi/lib/thumb/v7-m/nofp\libm.a(libm_a-wf_atan2.o)
 .ARM.attributes
                0x00000ede       0x2d F:/Msys2/mingw64/bin/../lib/gcc/arm-none-eabi/13.3.0/../../../../arm-none-eabi/lib/thumb/v7-m/nofp\libm.a(libm_a-sf_cos.o)
 .ARM.attributes
                0x00000f0b       0x2d F:/Msys2/mingw64/bin/../lib/gcc/arm-none-eabi/13.3.0/../../../../arm-none-eabi/lib/thumb/v7-m/nofp\libm.a(libm_a-sf_sin.o)
 .ARM.attributes
                0x00000f38       0x2d F:/Msys2/mingw64/bin/../lib/gcc/arm-none-eabi/13.3.0/../../../../arm-none-eabi/lib/thumb/v7-m/nofp\libm.a(libm_a-kf_cos.o)
 .ARM.attributes
                0x00000f65       0x2d F:/Msys2/mingw64/bin/../lib/gcc/arm-none-eabi/13.3.0/../../../../arm-none-eabi/lib/thumb/v7-m/nofp\libm.a(libm_a-kf_sin.o)
 .ARM.attributes
                0x00000f92       0x2d F:/Msys2/mingw64/bin/../lib/gcc/arm-none-eabi/13.3.0/../../../../arm-none-eabi/lib/thumb/v7-m/nofp\libm.a(libm_a-ef_atan2.o)
 .ARM.attributes
                0x00000fbf       0x2d F:/Msys2/mingw64/bin/../lib/gcc/arm-none-eabi/13.3.0/../../../../arm-none-eabi/lib/thumb/v7-m/nofp\libm.a(libm_a-ef_rem_pio2.o)
 .ARM.attributes
                0x00000fec       0x2d F:/Msys2/mingw64/bin/../lib/gcc/arm-none-eabi/13.3.0/../../../../arm-none-eabi/lib/thumb/v7-m/nofp\libm.a(libm_a-sf_atan.o)
 .ARM.attributes
                0x00001019       0x2d F:/Msys2/mingw64/bin/../lib/gcc/arm-none-eabi/13.3.0/../../../../arm-none-eabi/lib/thumb/v7-m/nofp\libm.a(libm_a-sf_fabs.o)
 .ARM.attributes
                0x00001046       0x2d F:/Msys2/mingw64/bin/../lib/gcc/arm-none-eabi/13.3.0/../../../../arm-none-eabi/lib/thumb/v7-m/nofp\libm.a(libm_a-kf_rem_pio2.o)
 .ARM.attributes
                0x00001073       0x2d F:/Msys2/mingw64/bin/../lib/gcc/arm-none-eabi/13.3.0/../../../../arm-none-eabi/lib/thumb/v7-m/nofp\libm.a(libm_a-sf_scalbn.o)
 .ARM.attributes
                0x000010a0       0x2d F:/Msys2/mingw64/bin/../lib/gcc/arm-none-eabi/13.3.0/../../../../arm-none-eabi/lib/thumb/v7-m/nofp\libm.a(libm_a-sf_floor.o)
 .ARM.attributes
                0x000010cd       0x1d F:/Msys2/mingw64/bin/../lib/gcc/arm-none-eabi/13.3.0/thumb/v7-m/nofp\libgcc.a(_arm_addsubdf3.o)
 .ARM.attributes
                0x000010ea       0x1d F:/Msys2/mingw64/bin/../lib/gcc/arm-none-eabi/13.3.0/thumb/v7-m/nofp\libgcc.a(_arm_muldivdf3.o)
 .ARM.attributes
                0x00001107       0x1d F:/Msys2/mingw64/bin/../lib/gcc/arm-none-eabi/13.3.0/thumb/v7-m/nofp\libgcc.a(_arm_cmpdf2.o)
 .ARM.attributes
                0x00001124       0x1d F:/Msys2/mingw64/bin/../lib/gcc/arm-none-eabi/13.3.0/thumb/v7-m/nofp\libgcc.a(_arm_unorddf2.o)
 .ARM.attributes
                0x00001141       0x1d F:/Msys2/mingw64/bin/../lib/gcc/arm-none-eabi/13.3.0/thumb/v7-m/nofp\libgcc.a(_arm_fixunsdfsi.o)
 .ARM.attributes
                0x0000115e       0x1d F:/Msys2/mingw64/bin/../lib/gcc/arm-none-eabi/13.3.0/thumb/v7-m/nofp\libgcc.a(_arm_truncdfsf2.o)
 .ARM.attributes
                0x0000117b       0x1d F:/Msys2/mingw64/bin/../lib/gcc/arm-none-eabi/13.3.0/thumb/v7-m/nofp\libgcc.a(_arm_addsubsf3.o)
 .ARM.attributes
                0x00001198       0x1d F:/Msys2/mingw64/bin/../lib/gcc/arm-none-eabi/13.3.0/thumb/v7-m/nofp\libgcc.a(_arm_muldivsf3.o)
 .ARM.attributes
                0x000011b5       0x1d F:/Msys2/mingw64/bin/../lib/gcc/arm-none-eabi/13.3.0/thumb/v7-m/nofp\libgcc.a(_arm_cmpsf2.o)
 .ARM.attributes
                0x000011d2       0x1d F:/Msys2/mingw64/bin/../lib/gcc/arm-none-eabi/13.3.0/thumb/v7-m/nofp\libgcc.a(_arm_unordsf2.o)
 .ARM.attributes
                0x000011ef       0x1d F:/Msys2/mingw64/bin/../lib/gcc/arm-none-eabi/13.3.0/thumb/v7-m/nofp\libgcc.a(_arm_fixsfsi.o)
 .ARM.attributes
                0x0000120c       0x2d F:/Msys2/mingw64/bin/../lib/gcc/arm-none-eabi/13.3.0/thumb/v7-m/nofp\libgcc.a(_fixdfdi.o)
 .ARM.attributes
                0x00001239       0x2d F:/Msys2/mingw64/bin/../lib/gcc/arm-none-eabi/13.3.0/thumb/v7-m/nofp\libgcc.a(_fixunsdfdi.o)
 .ARM.attributes
                0x00001266       0x1d F:/Msys2/mingw64/bin/../lib/gcc/arm-none-eabi/13.3.0/thumb/v7-m/nofp/crtn.o

.comment        0x00000000       0x12
 .comment       0x00000000       0x12 build/main.o
                                 0x13 (size before relaxing)
 .comment       0x00000012        0x0 build/balance_control.o
                                 0x13 (size before relaxing)
 .comment       0x00000012        0x0 build/app_sensors.o
                                 0x13 (size before relaxing)
 .comment       0x00000012        0x0 build/dht11.o
                                 0x13 (size before relaxing)
 .comment       0x00000012        0x0 build/encoder_hal.o
                                 0x13 (size before relaxing)
 .comment       0x00000012        0x0 build/hx711.o
                                 0x13 (size before relaxing)
 .comment       0x00000012        0x0 build/i2c_bus.o
                                 0x13 (size before relaxing)
 .comment       0x00000012        0x0 build/motor_tb6612.o
                                 0x13 (size before relaxing)
 .comment       0x00000012        0x0 build/mpu6050_hal.o
                                 0x13 (size before relaxing)
 .comment       0x00000012        0x0 build/pid.o
                                 0x13 (size before relaxing)
 .comment       0x00000012        0x0 build/raspi_link.o
                                 0x13 (size before relaxing)
 .comment       0x00000012        0x0 build/remote_control.o
                                 0x13 (size before relaxing)
 .comment       0x00000012        0x0 build/uart_dispatch.o
                                 0x13 (size before relaxing)
 .comment       0x00000012        0x0 build/stm32f1xx_it.o
                                 0x13 (size before relaxing)
 .comment       0x00000012        0x0 build/stm32f1xx_hal_msp.o
                                 0x13 (size before relaxing)
 .comment       0x00000012        0x0 build/stm32f1xx_hal.o
                                 0x13 (size before relaxing)
 .comment       0x00000012        0x0 build/stm32f1xx_hal_i2c.o
                                 0x13 (size before relaxing)
 .comment       0x00000012        0x0 build/stm32f1xx_hal_rcc.o
                                 0x13 (size before relaxing)
 .comment       0x00000012        0x0 build/stm32f1xx_hal_gpio.o
                                 0x13 (size before relaxing)
 .comment       0x00000012        0x0 build/stm32f1xx_hal_tim.o
                                 0x13 (size before relaxing)
 .comment       0x00000012        0x0 build/stm32f1xx_hal_tim_ex.o
                                 0x13 (size before relaxing)
 .comment       0x00000012        0x0 build/stm32f1xx_hal_uart.o
                                 0x13 (size before relaxing)
 .comment       0x00000012        0x0 build/stm32f1xx_hal_dma.o
                                 0x13 (size before relaxing)
 .comment       0x00000012        0x0 build/stm32f1xx_hal_cortex.o
                                 0x13 (size before relaxing)
 .comment       0x00000012        0x0 build/system_stm32f1xx.o
                                 0x13 (size before relaxing)
 .comment       0x00000012        0x0 build/sysmem.o
                                 0x13 (size before relaxing)
 .comment       0x00000012        0x0 build/syscalls.o
                                 0x13 (size before relaxing)
 .comment       0x00000012        0x0 F:/Msys2/mingw64/bin/../lib/gcc/arm-none-eabi/13.3.0/../../../../arm-none-eabi/lib/thumb/v7-m/nofp\libc_nano.a(libc_a-strtod.o)
                                 0x13 (size before relaxing)
 .comment       0x00000012        0x0 F:/Msys2/mingw64/bin/../lib/gcc/arm-none-eabi/13.3.0/../../../../arm-none-eabi/lib/thumb/v7-m/nofp\libc_nano.a(libc_a-strtoul.o)
                                 0x13 (size before relaxing)
 .comment       0x00000012        0x0 F:/Msys2/mingw64/bin/../lib/gcc/arm-none-eabi/13.3.0/../../../../arm-none-eabi/lib/thumb/v7-m/nofp\libc_nano.a(libc_a-ctype_.o)
                                 0x13 (size before relaxing)
 .comment       0x00000012        0x0 F:/Msys2/mingw64/bin/../lib/gcc/arm-none-eabi/13.3.0/../../../../arm-none-eabi/lib/thumb/v7-m/nofp\libc_nano.a(libc_a-findfp.o)
                                 0x13 (size before relaxing)
 .comment       0x00000012        0x0 F:/Msys2/mingw64/bin/../lib/gcc/arm-none-eabi/13.3.0/../../../../arm-none-eabi/lib/thumb/v7-m/nofp\libc_nano.a(libc_a-fwalk.o)
                                 0x13 (size before relaxing)
 .comment       0x00000012        0x0 F:/Msys2/mingw64/bin/../lib/gcc/arm-none-eabi/13.3.0/../../../../arm-none-eabi/lib/thumb/v7-m/nofp\libc_nano.a(libc_a-snprintf.o)
                                 0x13 (size before relaxing)
 .comment       0x00000012        0x0 F:/Msys2/mingw64/bin/../lib/gcc/arm-none-eabi/13.3.0/../../../../arm-none-eabi/lib/thumb/v7-m/nofp\libc_nano.a(libc_a-stdio.o)
                                 0x13 (size before relaxing)
 .comment       0x00000012        0x0 F:/Msys2/mingw64/bin/../lib/gcc/arm-none-eabi/13.3.0/../../../../arm-none-eabi/lib/thumb/v7-m/nofp\libc_nano.a(libc_a-memset.o)
                                 0x13 (size before relaxing)
 .comment       0x00000012        0x0 F:/Msys2/mingw64/bin/../lib/gcc/arm-none-eabi/13.3.0/../../../../arm-none-eabi/lib/thumb/v7-m/nofp\libc_nano.a(libc_a-strchr.o)