ARM GAS  C:\Users\future\AppData\Local\Temp\ccIqNpKp.s 			page 1


   1              		.cpu cortex-m3
   2              		.arch armv7-m
   3              		.fpu softvfp
   4              		.eabi_attribute 20, 1
   5              		.eabi_attribute 21, 1
   6              		.eabi_attribute 23, 3
   7              		.eabi_attribute 24, 1
   8              		.eabi_attribute 25, 1
   9              		.eabi_attribute 26, 1
  10              		.eabi_attribute 30, 1
  11              		.eabi_attribute 34, 1
  12              		.eabi_attribute 18, 4
  13              		.file	"display_ui.c"
  14              		.text
  15              	.Ltext0:
  16              		.cfi_sections	.debug_frame
  17              		.file 1 "Core/Src/balance_car/display_ui.c"
  18              		.global	__aeabi_fmul
  19              		.global	__aeabi_f2iz
  20              		.global	__aeabi_fadd
  21              		.section	.rodata.DisplayUi_UpdateText.str1.4,"aMS",%progbits,1
  22              		.align	2
  23              	.LC0:
  24 0000 54656D70 		.ascii	"Temp: %d.%d C\000"
  24      3A202564 
  24      2E256420 
  24      4300
  25 000e 0000     		.align	2
  26              	.LC1:
  27 0010 48756D69 		.ascii	"Humi: %d %%\000"
  27      3A202564 
  27      20252500 
  28              		.align	2
  29              	.LC2:
  30 001c 57656967 		.ascii	"Weight: %d g\000"
  30      68743A20 
  30      25642067 
  30      00
  31 0029 000000   		.align	2
  32              	.LC3:
  33 002c 48583A20 		.ascii	"HX: %ld\000"
  33      256C6400 
  34              		.section	.text.DisplayUi_UpdateText,"ax",%progbits
  35              		.align	1
  36              		.syntax unified
  37              		.thumb
  38              		.thumb_func
  40              	DisplayUi_UpdateText:
  41              	.LFB69:
   1:Core/Src/balance_car/display_ui.c **** #include "balance_car/display_ui.h"
   2:Core/Src/balance_car/display_ui.c **** 
   3:Core/Src/balance_car/display_ui.c **** #include "balance_car/app_sensors.h"
   4:Core/Src/balance_car/display_ui.c **** #include "balance_car/oled_ssd1306.h"
   5:Core/Src/balance_car/display_ui.c **** #include <stdio.h>
   6:Core/Src/balance_car/display_ui.c **** 
   7:Core/Src/balance_car/display_ui.c **** #define DISPLAY_TEXT_PERIOD_MS     500U
   8:Core/Src/balance_car/display_ui.c **** #define DISPLAY_PAGE_PERIOD_MS     20U
ARM GAS  C:\Users\future\AppData\Local\Temp\ccIqNpKp.s 			page 2


   9:Core/Src/balance_car/display_ui.c **** 
  10:Core/Src/balance_car/display_ui.c **** static uint32_t s_next_text_ms;
  11:Core/Src/balance_car/display_ui.c **** static uint32_t s_next_page_ms;
  12:Core/Src/balance_car/display_ui.c **** 
  13:Core/Src/balance_car/display_ui.c **** HAL_StatusTypeDef DisplayUi_Init(void)
  14:Core/Src/balance_car/display_ui.c **** {
  15:Core/Src/balance_car/display_ui.c ****     HAL_StatusTypeDef status = Oled_Init();
  16:Core/Src/balance_car/display_ui.c **** 
  17:Core/Src/balance_car/display_ui.c ****     if (status != HAL_OK) {
  18:Core/Src/balance_car/display_ui.c ****         AppSensors_SetFault(SENSOR_FAULT_OLED_INIT);
  19:Core/Src/balance_car/display_ui.c ****         g_sensor_state.oled_ready = 0U;
  20:Core/Src/balance_car/display_ui.c ****         g_sensor_state.oled_addr_7bit = Oled_GetAddress7Bit();
  21:Core/Src/balance_car/display_ui.c ****         g_sensor_state.oled_probe_mask = Oled_GetProbeMask();
  22:Core/Src/balance_car/display_ui.c ****         g_sensor_state.oled_fail_step = Oled_GetFailStep();
  23:Core/Src/balance_car/display_ui.c ****         return status;
  24:Core/Src/balance_car/display_ui.c ****     }
  25:Core/Src/balance_car/display_ui.c **** 
  26:Core/Src/balance_car/display_ui.c ****     AppSensors_ClearFault(SENSOR_FAULT_OLED_INIT);
  27:Core/Src/balance_car/display_ui.c ****     g_sensor_state.oled_ready = 1U;
  28:Core/Src/balance_car/display_ui.c ****     g_sensor_state.oled_addr_7bit = Oled_GetAddress7Bit();
  29:Core/Src/balance_car/display_ui.c ****     g_sensor_state.oled_probe_mask = Oled_GetProbeMask();
  30:Core/Src/balance_car/display_ui.c ****     g_sensor_state.oled_fail_step = Oled_GetFailStep();
  31:Core/Src/balance_car/display_ui.c ****     s_next_text_ms = HAL_GetTick();
  32:Core/Src/balance_car/display_ui.c ****     s_next_page_ms = HAL_GetTick();
  33:Core/Src/balance_car/display_ui.c ****     return HAL_OK;
  34:Core/Src/balance_car/display_ui.c **** }
  35:Core/Src/balance_car/display_ui.c **** 
  36:Core/Src/balance_car/display_ui.c **** static void DisplayUi_UpdateText(void)
  37:Core/Src/balance_car/display_ui.c **** {
  42              		.loc 1 37 1 view -0
  43              		.cfi_startproc
  44              		@ args = 0, pretend = 0, frame = 24
  45              		@ frame_needed = 0, uses_anonymous_args = 0
  46 0000 30B5     		push	{r4, r5, lr}
  47              	.LCFI0:
  48              		.cfi_def_cfa_offset 12
  49              		.cfi_offset 4, -12
  50              		.cfi_offset 5, -8
  51              		.cfi_offset 14, -4
  52 0002 89B0     		sub	sp, sp, #36
  53              	.LCFI1:
  54              		.cfi_def_cfa_offset 48
  38:Core/Src/balance_car/display_ui.c ****     char line[22];
  55              		.loc 1 38 5 view .LVU1
  39:Core/Src/balance_car/display_ui.c ****     int temp10 = (int)(g_sensor_state.temperature_c * 10.0f);
  56              		.loc 1 39 5 view .LVU2
  57              		.loc 1 39 38 is_stmt 0 view .LVU3
  58 0004 2F4D     		ldr	r5, .L6
  59 0006 2868     		ldr	r0, [r5]	@ float
  60              		.loc 1 39 53 view .LVU4
  61 0008 2F49     		ldr	r1, .L6+4
  62 000a FFF7FEFF 		bl	__aeabi_fmul
  63              	.LVL0:
  64              		.loc 1 39 9 view .LVU5
  65 000e FFF7FEFF 		bl	__aeabi_f2iz
  66              	.LVL1:
  67 0012 0446     		mov	r4, r0
ARM GAS  C:\Users\future\AppData\Local\Temp\ccIqNpKp.s 			page 3


  68              	.LVL2:
  40:Core/Src/balance_car/display_ui.c ****     int weight = (int)(g_sensor_state.weight_g + 0.5f);
  69              		.loc 1 40 5 is_stmt 1 view .LVU6
  70              		.loc 1 40 38 is_stmt 0 view .LVU7
  71 0014 E868     		ldr	r0, [r5, #12]	@ float
  72              	.LVL3:
  73              		.loc 1 40 48 view .LVU8
  74 0016 4FF07C51 		mov	r1, #1056964608
  75 001a FFF7FEFF 		bl	__aeabi_fadd
  76              	.LVL4:
  77              		.loc 1 40 9 view .LVU9
  78 001e FFF7FEFF 		bl	__aeabi_f2iz
  79              	.LVL5:
  80 0022 0546     		mov	r5, r0
  81              	.LVL6:
  41:Core/Src/balance_car/display_ui.c **** 
  42:Core/Src/balance_car/display_ui.c ****     Oled_Clear();
  82              		.loc 1 42 5 is_stmt 1 view .LVU10
  83 0024 FFF7FEFF 		bl	Oled_Clear
  84              	.LVL7:
  43:Core/Src/balance_car/display_ui.c **** 
  44:Core/Src/balance_car/display_ui.c ****     (void)snprintf(line, sizeof(line), "Temp: %d.%d C", temp10 / 10, temp10 < 0 ? -(temp10 % 10) : 
  85              		.loc 1 44 5 view .LVU11
  86              		.loc 1 44 11 is_stmt 0 view .LVU12
  87 0028 284A     		ldr	r2, .L6+8
  88 002a 82FB0432 		smull	r3, r2, r2, r4
  89 002e E317     		asrs	r3, r4, #31
  90 0030 C3EBA203 		rsb	r3, r3, r2, asr #2
  91 0034 002C     		cmp	r4, #0
  92 0036 3FDB     		blt	.L5
  93              		.loc 1 44 11 discriminator 2 view .LVU13
  94 0038 2449     		ldr	r1, .L6+8
  95 003a 81FB0421 		smull	r2, r1, r1, r4
  96 003e E217     		asrs	r2, r4, #31
  97 0040 C2EBA102 		rsb	r2, r2, r1, asr #2
  98 0044 02EB8202 		add	r2, r2, r2, lsl #2
  99 0048 A4EB4202 		sub	r2, r4, r2, lsl #1
 100              	.L3:
 101              		.loc 1 44 11 discriminator 4 view .LVU14
 102 004c 0092     		str	r2, [sp]
 103 004e 204A     		ldr	r2, .L6+12
 104 0050 1621     		movs	r1, #22
 105 0052 02A8     		add	r0, sp, #8
 106 0054 FFF7FEFF 		bl	snprintf
 107              	.LVL8:
  45:Core/Src/balance_car/display_ui.c ****     Oled_WriteString(0U, 0U, line);
 108              		.loc 1 45 5 is_stmt 1 view .LVU15
 109 0058 02AA     		add	r2, sp, #8
 110 005a 0021     		movs	r1, #0
 111 005c 0846     		mov	r0, r1
 112 005e FFF7FEFF 		bl	Oled_WriteString
 113              	.LVL9:
  46:Core/Src/balance_car/display_ui.c **** 
  47:Core/Src/balance_car/display_ui.c ****     (void)snprintf(line, sizeof(line), "Humi: %d %%", (int)(g_sensor_state.humidity_percent + 0.5f)
 114              		.loc 1 47 5 view .LVU16
 115              		.loc 1 47 75 is_stmt 0 view .LVU17
 116 0062 184C     		ldr	r4, .L6
ARM GAS  C:\Users\future\AppData\Local\Temp\ccIqNpKp.s 			page 4


 117              	.LVL10:
 118              		.loc 1 47 75 view .LVU18
 119 0064 6068     		ldr	r0, [r4, #4]	@ float
 120              		.loc 1 47 93 view .LVU19
 121 0066 4FF07C51 		mov	r1, #1056964608
 122 006a FFF7FEFF 		bl	__aeabi_fadd
 123              	.LVL11:
 124              		.loc 1 47 11 view .LVU20
 125 006e FFF7FEFF 		bl	__aeabi_f2iz
 126              	.LVL12:
 127 0072 0346     		mov	r3, r0
 128 0074 174A     		ldr	r2, .L6+16
 129 0076 1621     		movs	r1, #22
 130 0078 02A8     		add	r0, sp, #8
 131 007a FFF7FEFF 		bl	snprintf
 132              	.LVL13:
  48:Core/Src/balance_car/display_ui.c ****     Oled_WriteString(0U, 2U, line);
 133              		.loc 1 48 5 is_stmt 1 view .LVU21
 134 007e 02AA     		add	r2, sp, #8
 135 0080 0221     		movs	r1, #2
 136 0082 0020     		movs	r0, #0
 137 0084 FFF7FEFF 		bl	Oled_WriteString
 138              	.LVL14:
  49:Core/Src/balance_car/display_ui.c **** 
  50:Core/Src/balance_car/display_ui.c ****     (void)snprintf(line, sizeof(line), "Weight: %d g", weight);
 139              		.loc 1 50 5 view .LVU22
 140              		.loc 1 50 11 is_stmt 0 view .LVU23
 141 0088 2B46     		mov	r3, r5
 142 008a 134A     		ldr	r2, .L6+20
 143 008c 1621     		movs	r1, #22
 144 008e 02A8     		add	r0, sp, #8
 145 0090 FFF7FEFF 		bl	snprintf
 146              	.LVL15:
  51:Core/Src/balance_car/display_ui.c ****     Oled_WriteString(0U, 4U, line);
 147              		.loc 1 51 5 is_stmt 1 view .LVU24
 148 0094 02AA     		add	r2, sp, #8
 149 0096 0421     		movs	r1, #4
 150 0098 0020     		movs	r0, #0
 151 009a FFF7FEFF 		bl	Oled_WriteString
 152              	.LVL16:
  52:Core/Src/balance_car/display_ui.c **** 
  53:Core/Src/balance_car/display_ui.c ****     (void)snprintf(line, sizeof(line), "HX: %ld", (long)g_sensor_state.hx711_raw);
 153              		.loc 1 53 5 view .LVU25
 154              		.loc 1 53 71 is_stmt 0 view .LVU26
 155 009e A368     		ldr	r3, [r4, #8]
 156              		.loc 1 53 11 view .LVU27
 157 00a0 0E4A     		ldr	r2, .L6+24
 158 00a2 1621     		movs	r1, #22
 159 00a4 02A8     		add	r0, sp, #8
 160 00a6 FFF7FEFF 		bl	snprintf
 161              	.LVL17:
  54:Core/Src/balance_car/display_ui.c ****     Oled_WriteString(0U, 6U, line);
 162              		.loc 1 54 5 is_stmt 1 view .LVU28
 163 00aa 02AA     		add	r2, sp, #8
 164 00ac 0621     		movs	r1, #6
 165 00ae 0020     		movs	r0, #0
 166 00b0 FFF7FEFF 		bl	Oled_WriteString
ARM GAS  C:\Users\future\AppData\Local\Temp\ccIqNpKp.s 			page 5


 167              	.LVL18:
  55:Core/Src/balance_car/display_ui.c **** }
 168              		.loc 1 55 1 is_stmt 0 view .LVU29
 169 00b4 09B0     		add	sp, sp, #36
 170              	.LCFI2:
 171              		.cfi_remember_state
 172              		.cfi_def_cfa_offset 12
 173              		@ sp needed
 174 00b6 30BD     		pop	{r4, r5, pc}
 175              	.LVL19:
 176              	.L5:
 177              	.LCFI3:
 178              		.cfi_restore_state
  44:Core/Src/balance_car/display_ui.c ****     Oled_WriteString(0U, 0U, line);
 179              		.loc 1 44 92 discriminator 1 view .LVU30
 180 00b8 03EB8302 		add	r2, r3, r3, lsl #2
  44:Core/Src/balance_car/display_ui.c ****     Oled_WriteString(0U, 0U, line);
 181              		.loc 1 44 11 discriminator 1 view .LVU31
 182 00bc C4EB4202 		rsb	r2, r4, r2, lsl #1
 183 00c0 C4E7     		b	.L3
 184              	.L7:
 185 00c2 00BF     		.align	2
 186              	.L6:
 187 00c4 00000000 		.word	g_sensor_state
 188 00c8 00002041 		.word	1092616192
 189 00cc 67666666 		.word	1717986919
 190 00d0 00000000 		.word	.LC0
 191 00d4 10000000 		.word	.LC1
 192 00d8 1C000000 		.word	.LC2
 193 00dc 2C000000 		.word	.LC3
 194              		.cfi_endproc
 195              	.LFE69:
 197              		.section	.text.DisplayUi_Init,"ax",%progbits
 198              		.align	1
 199              		.global	DisplayUi_Init
 200              		.syntax unified
 201              		.thumb
 202              		.thumb_func
 204              	DisplayUi_Init:
 205              	.LFB68:
  14:Core/Src/balance_car/display_ui.c ****     HAL_StatusTypeDef status = Oled_Init();
 206              		.loc 1 14 1 is_stmt 1 view -0
 207              		.cfi_startproc
 208              		@ args = 0, pretend = 0, frame = 0
 209              		@ frame_needed = 0, uses_anonymous_args = 0
 210 0000 38B5     		push	{r3, r4, r5, lr}
 211              	.LCFI4:
 212              		.cfi_def_cfa_offset 16
 213              		.cfi_offset 3, -16
 214              		.cfi_offset 4, -12
 215              		.cfi_offset 5, -8
 216              		.cfi_offset 14, -4
  15:Core/Src/balance_car/display_ui.c **** 
 217              		.loc 1 15 5 view .LVU33
  15:Core/Src/balance_car/display_ui.c **** 
 218              		.loc 1 15 32 is_stmt 0 view .LVU34
 219 0002 FFF7FEFF 		bl	Oled_Init
ARM GAS  C:\Users\future\AppData\Local\Temp\ccIqNpKp.s 			page 6


 220              	.LVL20:
  17:Core/Src/balance_car/display_ui.c ****         AppSensors_SetFault(SENSOR_FAULT_OLED_INIT);
 221              		.loc 1 17 5 is_stmt 1 view .LVU35
  17:Core/Src/balance_car/display_ui.c ****         AppSensors_SetFault(SENSOR_FAULT_OLED_INIT);
 222              		.loc 1 17 8 is_stmt 0 view .LVU36
 223 0006 0546     		mov	r5, r0
 224 0008 D0B9     		cbnz	r0, .L12
  26:Core/Src/balance_car/display_ui.c ****     g_sensor_state.oled_ready = 1U;
 225              		.loc 1 26 5 is_stmt 1 view .LVU37
 226 000a 1020     		movs	r0, #16
 227              	.LVL21:
  26:Core/Src/balance_car/display_ui.c ****     g_sensor_state.oled_ready = 1U;
 228              		.loc 1 26 5 is_stmt 0 view .LVU38
 229 000c FFF7FEFF 		bl	AppSensors_ClearFault
 230              	.LVL22:
  27:Core/Src/balance_car/display_ui.c ****     g_sensor_state.oled_addr_7bit = Oled_GetAddress7Bit();
 231              		.loc 1 27 5 is_stmt 1 view .LVU39
  27:Core/Src/balance_car/display_ui.c ****     g_sensor_state.oled_addr_7bit = Oled_GetAddress7Bit();
 232              		.loc 1 27 31 is_stmt 0 view .LVU40
 233 0010 144C     		ldr	r4, .L13
 234 0012 0123     		movs	r3, #1
 235 0014 A377     		strb	r3, [r4, #30]
  28:Core/Src/balance_car/display_ui.c ****     g_sensor_state.oled_probe_mask = Oled_GetProbeMask();
 236              		.loc 1 28 5 is_stmt 1 view .LVU41
  28:Core/Src/balance_car/display_ui.c ****     g_sensor_state.oled_probe_mask = Oled_GetProbeMask();
 237              		.loc 1 28 37 is_stmt 0 view .LVU42
 238 0016 FFF7FEFF 		bl	Oled_GetAddress7Bit
 239              	.LVL23:
  28:Core/Src/balance_car/display_ui.c ****     g_sensor_state.oled_probe_mask = Oled_GetProbeMask();
 240              		.loc 1 28 35 discriminator 1 view .LVU43
 241 001a E077     		strb	r0, [r4, #31]
  29:Core/Src/balance_car/display_ui.c ****     g_sensor_state.oled_fail_step = Oled_GetFailStep();
 242              		.loc 1 29 5 is_stmt 1 view .LVU44
  29:Core/Src/balance_car/display_ui.c ****     g_sensor_state.oled_fail_step = Oled_GetFailStep();
 243              		.loc 1 29 38 is_stmt 0 view .LVU45
 244 001c FFF7FEFF 		bl	Oled_GetProbeMask
 245              	.LVL24:
  29:Core/Src/balance_car/display_ui.c ****     g_sensor_state.oled_fail_step = Oled_GetFailStep();
 246              		.loc 1 29 36 discriminator 1 view .LVU46
 247 0020 84F82000 		strb	r0, [r4, #32]
  30:Core/Src/balance_car/display_ui.c ****     s_next_text_ms = HAL_GetTick();
 248              		.loc 1 30 5 is_stmt 1 view .LVU47
  30:Core/Src/balance_car/display_ui.c ****     s_next_text_ms = HAL_GetTick();
 249              		.loc 1 30 37 is_stmt 0 view .LVU48
 250 0024 FFF7FEFF 		bl	Oled_GetFailStep
 251              	.LVL25:
  30:Core/Src/balance_car/display_ui.c ****     s_next_text_ms = HAL_GetTick();
 252              		.loc 1 30 35 discriminator 1 view .LVU49
 253 0028 84F82100 		strb	r0, [r4, #33]
  31:Core/Src/balance_car/display_ui.c ****     s_next_page_ms = HAL_GetTick();
 254              		.loc 1 31 5 is_stmt 1 view .LVU50
  31:Core/Src/balance_car/display_ui.c ****     s_next_page_ms = HAL_GetTick();
 255              		.loc 1 31 22 is_stmt 0 view .LVU51
 256 002c FFF7FEFF 		bl	HAL_GetTick
 257              	.LVL26:
  31:Core/Src/balance_car/display_ui.c ****     s_next_page_ms = HAL_GetTick();
 258              		.loc 1 31 20 discriminator 1 view .LVU52
ARM GAS  C:\Users\future\AppData\Local\Temp\ccIqNpKp.s 			page 7


 259 0030 0D4B     		ldr	r3, .L13+4
 260 0032 1860     		str	r0, [r3]
  32:Core/Src/balance_car/display_ui.c ****     return HAL_OK;
 261              		.loc 1 32 5 is_stmt 1 view .LVU53
  32:Core/Src/balance_car/display_ui.c ****     return HAL_OK;
 262              		.loc 1 32 22 is_stmt 0 view .LVU54
 263 0034 FFF7FEFF 		bl	HAL_GetTick
 264              	.LVL27:
  32:Core/Src/balance_car/display_ui.c ****     return HAL_OK;
 265              		.loc 1 32 20 discriminator 1 view .LVU55
 266 0038 0C4B     		ldr	r3, .L13+8
 267 003a 1860     		str	r0, [r3]
  33:Core/Src/balance_car/display_ui.c **** }
 268              		.loc 1 33 5 is_stmt 1 view .LVU56
 269              	.L10:
  34:Core/Src/balance_car/display_ui.c **** 
 270              		.loc 1 34 1 is_stmt 0 view .LVU57
 271 003c 2846     		mov	r0, r5
 272 003e 38BD     		pop	{r3, r4, r5, pc}
 273              	.LVL28:
 274              	.L12:
  18:Core/Src/balance_car/display_ui.c ****         g_sensor_state.oled_ready = 0U;
 275              		.loc 1 18 9 is_stmt 1 view .LVU58
 276 0040 1020     		movs	r0, #16
 277              	.LVL29:
  18:Core/Src/balance_car/display_ui.c ****         g_sensor_state.oled_ready = 0U;
 278              		.loc 1 18 9 is_stmt 0 view .LVU59
 279 0042 FFF7FEFF 		bl	AppSensors_SetFault
 280              	.LVL30:
  19:Core/Src/balance_car/display_ui.c ****         g_sensor_state.oled_addr_7bit = Oled_GetAddress7Bit();
 281              		.loc 1 19 9 is_stmt 1 view .LVU60
  19:Core/Src/balance_car/display_ui.c ****         g_sensor_state.oled_addr_7bit = Oled_GetAddress7Bit();
 282              		.loc 1 19 35 is_stmt 0 view .LVU61
 283 0046 074C     		ldr	r4, .L13
 284 0048 0023     		movs	r3, #0
 285 004a A377     		strb	r3, [r4, #30]
  20:Core/Src/balance_car/display_ui.c ****         g_sensor_state.oled_probe_mask = Oled_GetProbeMask();
 286              		.loc 1 20 9 is_stmt 1 view .LVU62
  20:Core/Src/balance_car/display_ui.c ****         g_sensor_state.oled_probe_mask = Oled_GetProbeMask();
 287              		.loc 1 20 41 is_stmt 0 view .LVU63
 288 004c FFF7FEFF 		bl	Oled_GetAddress7Bit
 289              	.LVL31:
  20:Core/Src/balance_car/display_ui.c ****         g_sensor_state.oled_probe_mask = Oled_GetProbeMask();
 290              		.loc 1 20 39 discriminator 1 view .LVU64
 291 0050 E077     		strb	r0, [r4, #31]
  21:Core/Src/balance_car/display_ui.c ****         g_sensor_state.oled_fail_step = Oled_GetFailStep();
 292              		.loc 1 21 9 is_stmt 1 view .LVU65
  21:Core/Src/balance_car/display_ui.c ****         g_sensor_state.oled_fail_step = Oled_GetFailStep();
 293              		.loc 1 21 42 is_stmt 0 view .LVU66
 294 0052 FFF7FEFF 		bl	Oled_GetProbeMask
 295              	.LVL32:
  21:Core/Src/balance_car/display_ui.c ****         g_sensor_state.oled_fail_step = Oled_GetFailStep();
 296              		.loc 1 21 40 discriminator 1 view .LVU67
 297 0056 84F82000 		strb	r0, [r4, #32]
  22:Core/Src/balance_car/display_ui.c ****         return status;
 298              		.loc 1 22 9 is_stmt 1 view .LVU68
  22:Core/Src/balance_car/display_ui.c ****         return status;
ARM GAS  C:\Users\future\AppData\Local\Temp\ccIqNpKp.s 			page 8


 299              		.loc 1 22 41 is_stmt 0 view .LVU69
 300 005a FFF7FEFF 		bl	Oled_GetFailStep
 301              	.LVL33:
  22:Core/Src/balance_car/display_ui.c ****         return status;
 302              		.loc 1 22 39 discriminator 1 view .LVU70
 303 005e 84F82100 		strb	r0, [r4, #33]
  23:Core/Src/balance_car/display_ui.c ****     }
 304              		.loc 1 23 9 is_stmt 1 view .LVU71
  23:Core/Src/balance_car/display_ui.c ****     }
 305              		.loc 1 23 16 is_stmt 0 view .LVU72
 306 0062 EBE7     		b	.L10
 307              	.L14:
 308              		.align	2
 309              	.L13:
 310 0064 00000000 		.word	g_sensor_state
 311 0068 00000000 		.word	s_next_text_ms
 312 006c 00000000 		.word	s_next_page_ms
 313              		.cfi_endproc
 314              	.LFE68:
 316              		.section	.text.DisplayUi_Background,"ax",%progbits
 317              		.align	1
 318              		.global	DisplayUi_Background
 319              		.syntax unified
 320              		.thumb
 321              		.thumb_func
 323              	DisplayUi_Background:
 324              	.LFB70:
  56:Core/Src/balance_car/display_ui.c **** 
  57:Core/Src/balance_car/display_ui.c **** void DisplayUi_Background(void)
  58:Core/Src/balance_car/display_ui.c **** {
 325              		.loc 1 58 1 is_stmt 1 view -0
 326              		.cfi_startproc
 327              		@ args = 0, pretend = 0, frame = 0
 328              		@ frame_needed = 0, uses_anonymous_args = 0
  59:Core/Src/balance_car/display_ui.c ****     uint32_t now;
 329              		.loc 1 59 5 view .LVU74
  60:Core/Src/balance_car/display_ui.c **** 
  61:Core/Src/balance_car/display_ui.c ****     if (g_sensor_state.oled_ready == 0U) {
 330              		.loc 1 61 5 view .LVU75
 331              		.loc 1 61 23 is_stmt 0 view .LVU76
 332 0000 174B     		ldr	r3, .L26
 333 0002 9B7F     		ldrb	r3, [r3, #30]	@ zero_extendqisi2
 334              		.loc 1 61 8 view .LVU77
 335 0004 03B9     		cbnz	r3, .L23
 336 0006 7047     		bx	lr
 337              	.L23:
  58:Core/Src/balance_car/display_ui.c ****     uint32_t now;
 338              		.loc 1 58 1 view .LVU78
 339 0008 10B5     		push	{r4, lr}
 340              	.LCFI5:
 341              		.cfi_def_cfa_offset 8
 342              		.cfi_offset 4, -8
 343              		.cfi_offset 14, -4
  62:Core/Src/balance_car/display_ui.c ****         return;
  63:Core/Src/balance_car/display_ui.c ****     }
  64:Core/Src/balance_car/display_ui.c **** 
  65:Core/Src/balance_car/display_ui.c ****     now = HAL_GetTick();
ARM GAS  C:\Users\future\AppData\Local\Temp\ccIqNpKp.s 			page 9


 344              		.loc 1 65 5 is_stmt 1 view .LVU79
 345              		.loc 1 65 11 is_stmt 0 view .LVU80
 346 000a FFF7FEFF 		bl	HAL_GetTick
 347              	.LVL34:
 348 000e 0446     		mov	r4, r0
 349              	.LVL35:
  66:Core/Src/balance_car/display_ui.c ****     if ((int32_t)(now - s_next_text_ms) >= 0) {
 350              		.loc 1 66 5 is_stmt 1 view .LVU81
 351              		.loc 1 66 23 is_stmt 0 view .LVU82
 352 0010 144B     		ldr	r3, .L26+4
 353 0012 1B68     		ldr	r3, [r3]
 354 0014 C31A     		subs	r3, r0, r3
 355              		.loc 1 66 8 view .LVU83
 356 0016 002B     		cmp	r3, #0
 357 0018 05DA     		bge	.L24
 358              	.LVL36:
 359              	.L17:
  67:Core/Src/balance_car/display_ui.c ****         s_next_text_ms = now + DISPLAY_TEXT_PERIOD_MS;
  68:Core/Src/balance_car/display_ui.c ****         DisplayUi_UpdateText();
  69:Core/Src/balance_car/display_ui.c ****     }
  70:Core/Src/balance_car/display_ui.c **** 
  71:Core/Src/balance_car/display_ui.c ****     if ((int32_t)(now - s_next_page_ms) >= 0) {
 360              		.loc 1 71 5 is_stmt 1 view .LVU84
 361              		.loc 1 71 23 is_stmt 0 view .LVU85
 362 001a 134B     		ldr	r3, .L26+8
 363 001c 1B68     		ldr	r3, [r3]
 364 001e E31A     		subs	r3, r4, r3
 365              		.loc 1 71 8 view .LVU86
 366 0020 002B     		cmp	r3, #0
 367 0022 07DA     		bge	.L25
 368              	.LVL37:
 369              	.L15:
  72:Core/Src/balance_car/display_ui.c ****         s_next_page_ms = now + DISPLAY_PAGE_PERIOD_MS;
  73:Core/Src/balance_car/display_ui.c ****         if (Oled_RefreshNextPage() != HAL_OK) {
  74:Core/Src/balance_car/display_ui.c ****             AppSensors_SetFault(SENSOR_FAULT_OLED_REFRESH);
  75:Core/Src/balance_car/display_ui.c ****             g_sensor_state.oled_ready = 0U;
  76:Core/Src/balance_car/display_ui.c ****             g_sensor_state.oled_fail_step = Oled_GetFailStep();
  77:Core/Src/balance_car/display_ui.c ****         } else {
  78:Core/Src/balance_car/display_ui.c ****             AppSensors_ClearFault(SENSOR_FAULT_OLED_REFRESH);
  79:Core/Src/balance_car/display_ui.c ****         }
  80:Core/Src/balance_car/display_ui.c ****     }
  81:Core/Src/balance_car/display_ui.c **** }
 370              		.loc 1 81 1 view .LVU87
 371 0024 10BD     		pop	{r4, pc}
 372              	.LVL38:
 373              	.L24:
  67:Core/Src/balance_car/display_ui.c ****         s_next_text_ms = now + DISPLAY_TEXT_PERIOD_MS;
 374              		.loc 1 67 9 is_stmt 1 view .LVU88
  67:Core/Src/balance_car/display_ui.c ****         s_next_text_ms = now + DISPLAY_TEXT_PERIOD_MS;
 375              		.loc 1 67 30 is_stmt 0 view .LVU89
 376 0026 00F5FA73 		add	r3, r0, #500
  67:Core/Src/balance_car/display_ui.c ****         s_next_text_ms = now + DISPLAY_TEXT_PERIOD_MS;
 377              		.loc 1 67 24 view .LVU90
 378 002a 0E4A     		ldr	r2, .L26+4
 379 002c 1360     		str	r3, [r2]
  68:Core/Src/balance_car/display_ui.c ****     }
 380              		.loc 1 68 9 is_stmt 1 view .LVU91
ARM GAS  C:\Users\future\AppData\Local\Temp\ccIqNpKp.s 			page 10


 381 002e FFF7FEFF 		bl	DisplayUi_UpdateText
 382              	.LVL39:
  68:Core/Src/balance_car/display_ui.c ****     }
 383              		.loc 1 68 9 is_stmt 0 view .LVU92
 384 0032 F2E7     		b	.L17
 385              	.L25:
  72:Core/Src/balance_car/display_ui.c ****         s_next_page_ms = now + DISPLAY_PAGE_PERIOD_MS;
 386              		.loc 1 72 9 is_stmt 1 view .LVU93
  72:Core/Src/balance_car/display_ui.c ****         s_next_page_ms = now + DISPLAY_PAGE_PERIOD_MS;
 387              		.loc 1 72 30 is_stmt 0 view .LVU94
 388 0034 1434     		adds	r4, r4, #20
 389              	.LVL40:
  72:Core/Src/balance_car/display_ui.c ****         s_next_page_ms = now + DISPLAY_PAGE_PERIOD_MS;
 390              		.loc 1 72 24 view .LVU95
 391 0036 0C4B     		ldr	r3, .L26+8
 392 0038 1C60     		str	r4, [r3]
  73:Core/Src/balance_car/display_ui.c ****             AppSensors_SetFault(SENSOR_FAULT_OLED_REFRESH);
 393              		.loc 1 73 9 is_stmt 1 view .LVU96
  73:Core/Src/balance_car/display_ui.c ****             AppSensors_SetFault(SENSOR_FAULT_OLED_REFRESH);
 394              		.loc 1 73 13 is_stmt 0 view .LVU97
 395 003a FFF7FEFF 		bl	Oled_RefreshNextPage
 396              	.LVL41:
  73:Core/Src/balance_car/display_ui.c ****             AppSensors_SetFault(SENSOR_FAULT_OLED_REFRESH);
 397              		.loc 1 73 12 discriminator 1 view .LVU98
 398 003e 50B1     		cbz	r0, .L18
  74:Core/Src/balance_car/display_ui.c ****             g_sensor_state.oled_ready = 0U;
 399              		.loc 1 74 13 is_stmt 1 view .LVU99
 400 0040 2020     		movs	r0, #32
 401 0042 FFF7FEFF 		bl	AppSensors_SetFault
 402              	.LVL42:
  75:Core/Src/balance_car/display_ui.c ****             g_sensor_state.oled_fail_step = Oled_GetFailStep();
 403              		.loc 1 75 13 view .LVU100
  75:Core/Src/balance_car/display_ui.c ****             g_sensor_state.oled_fail_step = Oled_GetFailStep();
 404              		.loc 1 75 39 is_stmt 0 view .LVU101
 405 0046 064C     		ldr	r4, .L26
 406              	.LVL43:
  75:Core/Src/balance_car/display_ui.c ****             g_sensor_state.oled_fail_step = Oled_GetFailStep();
 407              		.loc 1 75 39 view .LVU102
 408 0048 0023     		movs	r3, #0
 409 004a A377     		strb	r3, [r4, #30]
  76:Core/Src/balance_car/display_ui.c ****         } else {
 410              		.loc 1 76 13 is_stmt 1 view .LVU103
  76:Core/Src/balance_car/display_ui.c ****         } else {
 411              		.loc 1 76 45 is_stmt 0 view .LVU104
 412 004c FFF7FEFF 		bl	Oled_GetFailStep
 413              	.LVL44:
  76:Core/Src/balance_car/display_ui.c ****         } else {
 414              		.loc 1 76 43 discriminator 1 view .LVU105
 415 0050 84F82100 		strb	r0, [r4, #33]
 416 0054 E6E7     		b	.L15
 417              	.LVL45:
 418              	.L18:
  78:Core/Src/balance_car/display_ui.c ****         }
 419              		.loc 1 78 13 is_stmt 1 view .LVU106
 420 0056 2020     		movs	r0, #32
 421 0058 FFF7FEFF 		bl	AppSensors_ClearFault
 422              	.LVL46:
ARM GAS  C:\Users\future\AppData\Local\Temp\ccIqNpKp.s 			page 11


 423 005c E2E7     		b	.L15
 424              	.L27:
 425 005e 00BF     		.align	2
 426              	.L26:
 427 0060 00000000 		.word	g_sensor_state
 428 0064 00000000 		.word	s_next_text_ms
 429 0068 00000000 		.word	s_next_page_ms
 430              		.cfi_endproc
 431              	.LFE70:
 433              		.section	.bss.s_next_page_ms,"aw",%nobits
 434              		.align	2
 437              	s_next_page_ms:
 438 0000 00000000 		.space	4
 439              		.section	.bss.s_next_text_ms,"aw",%nobits
 440              		.align	2
 443              	s_next_text_ms:
 444 0000 00000000 		.space	4
 445              		.text
 446              	.Letext0:
 447              		.file 2 "C:/msys64/mingw64/arm-none-eabi/include/machine/_default_types.h"
 448              		.file 3 "C:/msys64/mingw64/arm-none-eabi/include/sys/_stdint.h"
 449              		.file 4 "C:/msys64/mingw64/lib/gcc/arm-none-eabi/13.3.0/include/stddef.h"
 450              		.file 5 "Drivers/STM32F1xx_HAL_Driver/Inc/stm32f1xx_hal_def.h"
 451              		.file 6 "Core/Inc/balance_car/app_sensors.h"
 452              		.file 7 "Core/Inc/balance_car/oled_ssd1306.h"
 453              		.file 8 "Drivers/STM32F1xx_HAL_Driver/Inc/stm32f1xx_hal.h"
 454              		.file 9 "C:/msys64/mingw64/arm-none-eabi/include/stdio.h"
ARM GAS  C:\Users\future\AppData\Local\Temp\ccIqNpKp.s 			page 12


DEFINED SYMBOLS
                            *ABS*:00000000 display_ui.c
C:\Users\future\AppData\Local\Temp\ccIqNpKp.s:22     .rodata.DisplayUi_UpdateText.str1.4:00000000 $d
C:\Users\future\AppData\Local\Temp\ccIqNpKp.s:35     .text.DisplayUi_UpdateText:00000000 $t
C:\Users\future\AppData\Local\Temp\ccIqNpKp.s:40     .text.DisplayUi_UpdateText:00000000 DisplayUi_UpdateText
C:\Users\future\AppData\Local\Temp\ccIqNpKp.s:187    .text.DisplayUi_UpdateText:000000c4 $d
C:\Users\future\AppData\Local\Temp\ccIqNpKp.s:198    .text.DisplayUi_Init:00000000 $t
C:\Users\future\AppData\Local\Temp\ccIqNpKp.s:204    .text.DisplayUi_Init:00000000 DisplayUi_Init
C:\Users\future\AppData\Local\Temp\ccIqNpKp.s:310    .text.DisplayUi_Init:00000064 $d
C:\Users\future\AppData\Local\Temp\ccIqNpKp.s:443    .bss.s_next_text_ms:00000000 s_next_text_ms
C:\Users\future\AppData\Local\Temp\ccIqNpKp.s:437    .bss.s_next_page_ms:00000000 s_next_page_ms
C:\Users\future\AppData\Local\Temp\ccIqNpKp.s:317    .text.DisplayUi_Background:00000000 $t
C:\Users\future\AppData\Local\Temp\ccIqNpKp.s:323    .text.DisplayUi_Background:00000000 DisplayUi_Background
C:\Users\future\AppData\Local\Temp\ccIqNpKp.s:427    .text.DisplayUi_Background:00000060 $d
C:\Users\future\AppData\Local\Temp\ccIqNpKp.s:434    .bss.s_next_page_ms:00000000 $d
C:\Users\future\AppData\Local\Temp\ccIqNpKp.s:440    .bss.s_next_text_ms:00000000 $d

UNDEFINED SYMBOLS
__aeabi_fmul
__aeabi_f2iz
__aeabi_fadd
Oled_Clear
snprintf
Oled_WriteString
g_sensor_state
Oled_Init
AppSensors_ClearFault
Oled_GetAddress7Bit
Oled_GetProbeMask
Oled_GetFailStep
HAL_GetTick
AppSensors_SetFault
Oled_RefreshNextPage
