ARM GAS  C:\Users\future\AppData\Local\Temp\ccl8Y7Qw.s 			page 1


   1              		.cpu cortex-m3
   2              		.arch armv7-m
   3              		.fpu softvfp
   4              		.eabi_attribute 20, 1
   5              		.eabi_attribute 21, 1
   6              		.eabi_attribute 23, 3
   7              		.eabi_attribute 24, 1
   8              		.eabi_attribute 25, 1
   9              		.eabi_attribute 26, 1
  10              		.eabi_attribute 30, 1
  11              		.eabi_attribute 34, 1
  12              		.eabi_attribute 18, 4
  13              		.file	"oled_ssd1306.c"
  14              		.text
  15              	.Ltext0:
  16              		.cfi_sections	.debug_frame
  17              		.file 1 "Core/Src/balance_car/oled_ssd1306.c"
  18              		.section	.text.Oled_WriteCommand,"ax",%progbits
  19              		.align	1
  20              		.syntax unified
  21              		.thumb
  22              		.thumb_func
  24              	Oled_WriteCommand:
  25              	.LVL0:
  26              	.LFB65:
   1:Core/Src/balance_car/oled_ssd1306.c **** #include "balance_car/oled_ssd1306.h"
   2:Core/Src/balance_car/oled_ssd1306.c **** 
   3:Core/Src/balance_car/oled_ssd1306.c **** #include "balance_car/i2c_bus.h"
   4:Core/Src/balance_car/oled_ssd1306.c **** #include <string.h>
   5:Core/Src/balance_car/oled_ssd1306.c **** 
   6:Core/Src/balance_car/oled_ssd1306.c **** #define OLED_CONTROL_CMD   0x00U
   7:Core/Src/balance_car/oled_ssd1306.c **** #define OLED_CONTROL_DATA  0x40U
   8:Core/Src/balance_car/oled_ssd1306.c **** 
   9:Core/Src/balance_car/oled_ssd1306.c **** static uint8_t s_buffer[OLED_WIDTH * OLED_PAGES];
  10:Core/Src/balance_car/oled_ssd1306.c **** static uint8_t s_next_page;
  11:Core/Src/balance_car/oled_ssd1306.c **** static uint8_t s_oled_addr_7bit;
  12:Core/Src/balance_car/oled_ssd1306.c **** static uint8_t s_probe_mask;
  13:Core/Src/balance_car/oled_ssd1306.c **** static uint8_t s_fail_step;
  14:Core/Src/balance_car/oled_ssd1306.c **** 
  15:Core/Src/balance_car/oled_ssd1306.c **** static const uint8_t s_font5x7[][5] = {
  16:Core/Src/balance_car/oled_ssd1306.c ****     {0x00,0x00,0x00,0x00,0x00}, /* space */
  17:Core/Src/balance_car/oled_ssd1306.c ****     {0x00,0x00,0x5f,0x00,0x00}, /* ! */
  18:Core/Src/balance_car/oled_ssd1306.c ****     {0x00,0x07,0x00,0x07,0x00}, /* " */
  19:Core/Src/balance_car/oled_ssd1306.c ****     {0x14,0x7f,0x14,0x7f,0x14}, /* # */
  20:Core/Src/balance_car/oled_ssd1306.c ****     {0x24,0x2a,0x7f,0x2a,0x12}, /* $ */
  21:Core/Src/balance_car/oled_ssd1306.c ****     {0x23,0x13,0x08,0x64,0x62}, /* % */
  22:Core/Src/balance_car/oled_ssd1306.c ****     {0x36,0x49,0x55,0x22,0x50}, /* & */
  23:Core/Src/balance_car/oled_ssd1306.c ****     {0x00,0x05,0x03,0x00,0x00}, /* ' */
  24:Core/Src/balance_car/oled_ssd1306.c ****     {0x00,0x1c,0x22,0x41,0x00}, /* ( */
  25:Core/Src/balance_car/oled_ssd1306.c ****     {0x00,0x41,0x22,0x1c,0x00}, /* ) */
  26:Core/Src/balance_car/oled_ssd1306.c ****     {0x14,0x08,0x3e,0x08,0x14}, /* * */
  27:Core/Src/balance_car/oled_ssd1306.c ****     {0x08,0x08,0x3e,0x08,0x08}, /* + */
  28:Core/Src/balance_car/oled_ssd1306.c ****     {0x00,0x50,0x30,0x00,0x00}, /* , */
  29:Core/Src/balance_car/oled_ssd1306.c ****     {0x08,0x08,0x08,0x08,0x08}, /* - */
  30:Core/Src/balance_car/oled_ssd1306.c ****     {0x00,0x60,0x60,0x00,0x00}, /* . */
  31:Core/Src/balance_car/oled_ssd1306.c ****     {0x20,0x10,0x08,0x04,0x02}, /* / */
  32:Core/Src/balance_car/oled_ssd1306.c ****     {0x3e,0x51,0x49,0x45,0x3e}, /* 0 */
ARM GAS  C:\Users\future\AppData\Local\Temp\ccl8Y7Qw.s 			page 2


  33:Core/Src/balance_car/oled_ssd1306.c ****     {0x00,0x42,0x7f,0x40,0x00}, /* 1 */
  34:Core/Src/balance_car/oled_ssd1306.c ****     {0x42,0x61,0x51,0x49,0x46}, /* 2 */
  35:Core/Src/balance_car/oled_ssd1306.c ****     {0x21,0x41,0x45,0x4b,0x31}, /* 3 */
  36:Core/Src/balance_car/oled_ssd1306.c ****     {0x18,0x14,0x12,0x7f,0x10}, /* 4 */
  37:Core/Src/balance_car/oled_ssd1306.c ****     {0x27,0x45,0x45,0x45,0x39}, /* 5 */
  38:Core/Src/balance_car/oled_ssd1306.c ****     {0x3c,0x4a,0x49,0x49,0x30}, /* 6 */
  39:Core/Src/balance_car/oled_ssd1306.c ****     {0x01,0x71,0x09,0x05,0x03}, /* 7 */
  40:Core/Src/balance_car/oled_ssd1306.c ****     {0x36,0x49,0x49,0x49,0x36}, /* 8 */
  41:Core/Src/balance_car/oled_ssd1306.c ****     {0x06,0x49,0x49,0x29,0x1e}, /* 9 */
  42:Core/Src/balance_car/oled_ssd1306.c ****     {0x00,0x36,0x36,0x00,0x00}, /* : */
  43:Core/Src/balance_car/oled_ssd1306.c ****     {0x00,0x56,0x36,0x00,0x00}, /* ; */
  44:Core/Src/balance_car/oled_ssd1306.c ****     {0x08,0x14,0x22,0x41,0x00}, /* < */
  45:Core/Src/balance_car/oled_ssd1306.c ****     {0x14,0x14,0x14,0x14,0x14}, /* = */
  46:Core/Src/balance_car/oled_ssd1306.c ****     {0x00,0x41,0x22,0x14,0x08}, /* > */
  47:Core/Src/balance_car/oled_ssd1306.c ****     {0x02,0x01,0x51,0x09,0x06}, /* ? */
  48:Core/Src/balance_car/oled_ssd1306.c ****     {0x32,0x49,0x79,0x41,0x3e}, /* @ */
  49:Core/Src/balance_car/oled_ssd1306.c ****     {0x7e,0x11,0x11,0x11,0x7e}, /* A */
  50:Core/Src/balance_car/oled_ssd1306.c ****     {0x7f,0x49,0x49,0x49,0x36}, /* B */
  51:Core/Src/balance_car/oled_ssd1306.c ****     {0x3e,0x41,0x41,0x41,0x22}, /* C */
  52:Core/Src/balance_car/oled_ssd1306.c ****     {0x7f,0x41,0x41,0x22,0x1c}, /* D */
  53:Core/Src/balance_car/oled_ssd1306.c ****     {0x7f,0x49,0x49,0x49,0x41}, /* E */
  54:Core/Src/balance_car/oled_ssd1306.c ****     {0x7f,0x09,0x09,0x09,0x01}, /* F */
  55:Core/Src/balance_car/oled_ssd1306.c ****     {0x3e,0x41,0x49,0x49,0x7a}, /* G */
  56:Core/Src/balance_car/oled_ssd1306.c ****     {0x7f,0x08,0x08,0x08,0x7f}, /* H */
  57:Core/Src/balance_car/oled_ssd1306.c ****     {0x00,0x41,0x7f,0x41,0x00}, /* I */
  58:Core/Src/balance_car/oled_ssd1306.c ****     {0x20,0x40,0x41,0x3f,0x01}, /* J */
  59:Core/Src/balance_car/oled_ssd1306.c ****     {0x7f,0x08,0x14,0x22,0x41}, /* K */
  60:Core/Src/balance_car/oled_ssd1306.c ****     {0x7f,0x40,0x40,0x40,0x40}, /* L */
  61:Core/Src/balance_car/oled_ssd1306.c ****     {0x7f,0x02,0x0c,0x02,0x7f}, /* M */
  62:Core/Src/balance_car/oled_ssd1306.c ****     {0x7f,0x04,0x08,0x10,0x7f}, /* N */
  63:Core/Src/balance_car/oled_ssd1306.c ****     {0x3e,0x41,0x41,0x41,0x3e}, /* O */
  64:Core/Src/balance_car/oled_ssd1306.c ****     {0x7f,0x09,0x09,0x09,0x06}, /* P */
  65:Core/Src/balance_car/oled_ssd1306.c ****     {0x3e,0x41,0x51,0x21,0x5e}, /* Q */
  66:Core/Src/balance_car/oled_ssd1306.c ****     {0x7f,0x09,0x19,0x29,0x46}, /* R */
  67:Core/Src/balance_car/oled_ssd1306.c ****     {0x46,0x49,0x49,0x49,0x31}, /* S */
  68:Core/Src/balance_car/oled_ssd1306.c ****     {0x01,0x01,0x7f,0x01,0x01}, /* T */
  69:Core/Src/balance_car/oled_ssd1306.c ****     {0x3f,0x40,0x40,0x40,0x3f}, /* U */
  70:Core/Src/balance_car/oled_ssd1306.c ****     {0x1f,0x20,0x40,0x20,0x1f}, /* V */
  71:Core/Src/balance_car/oled_ssd1306.c ****     {0x3f,0x40,0x38,0x40,0x3f}, /* W */
  72:Core/Src/balance_car/oled_ssd1306.c ****     {0x63,0x14,0x08,0x14,0x63}, /* X */
  73:Core/Src/balance_car/oled_ssd1306.c ****     {0x07,0x08,0x70,0x08,0x07}, /* Y */
  74:Core/Src/balance_car/oled_ssd1306.c ****     {0x61,0x51,0x49,0x45,0x43}, /* Z */
  75:Core/Src/balance_car/oled_ssd1306.c ****     {0x00,0x7f,0x41,0x41,0x00}, /* [ */
  76:Core/Src/balance_car/oled_ssd1306.c ****     {0x02,0x04,0x08,0x10,0x20}, /* backslash */
  77:Core/Src/balance_car/oled_ssd1306.c ****     {0x00,0x41,0x41,0x7f,0x00}, /* ] */
  78:Core/Src/balance_car/oled_ssd1306.c ****     {0x04,0x02,0x01,0x02,0x04}, /* ^ */
  79:Core/Src/balance_car/oled_ssd1306.c ****     {0x40,0x40,0x40,0x40,0x40}, /* _ */
  80:Core/Src/balance_car/oled_ssd1306.c ****     {0x00,0x01,0x02,0x04,0x00}, /* ` */
  81:Core/Src/balance_car/oled_ssd1306.c ****     {0x20,0x54,0x54,0x54,0x78}, /* a */
  82:Core/Src/balance_car/oled_ssd1306.c ****     {0x7f,0x48,0x44,0x44,0x38}, /* b */
  83:Core/Src/balance_car/oled_ssd1306.c ****     {0x38,0x44,0x44,0x44,0x20}, /* c */
  84:Core/Src/balance_car/oled_ssd1306.c ****     {0x38,0x44,0x44,0x48,0x7f}, /* d */
  85:Core/Src/balance_car/oled_ssd1306.c ****     {0x38,0x54,0x54,0x54,0x18}, /* e */
  86:Core/Src/balance_car/oled_ssd1306.c ****     {0x08,0x7e,0x09,0x01,0x02}, /* f */
  87:Core/Src/balance_car/oled_ssd1306.c ****     {0x0c,0x52,0x52,0x52,0x3e}, /* g */
  88:Core/Src/balance_car/oled_ssd1306.c ****     {0x7f,0x08,0x04,0x04,0x78}, /* h */
  89:Core/Src/balance_car/oled_ssd1306.c ****     {0x00,0x44,0x7d,0x40,0x00}, /* i */
ARM GAS  C:\Users\future\AppData\Local\Temp\ccl8Y7Qw.s 			page 3


  90:Core/Src/balance_car/oled_ssd1306.c ****     {0x20,0x40,0x44,0x3d,0x00}, /* j */
  91:Core/Src/balance_car/oled_ssd1306.c ****     {0x7f,0x10,0x28,0x44,0x00}, /* k */
  92:Core/Src/balance_car/oled_ssd1306.c ****     {0x00,0x41,0x7f,0x40,0x00}, /* l */
  93:Core/Src/balance_car/oled_ssd1306.c ****     {0x7c,0x04,0x18,0x04,0x78}, /* m */
  94:Core/Src/balance_car/oled_ssd1306.c ****     {0x7c,0x08,0x04,0x04,0x78}, /* n */
  95:Core/Src/balance_car/oled_ssd1306.c ****     {0x38,0x44,0x44,0x44,0x38}, /* o */
  96:Core/Src/balance_car/oled_ssd1306.c ****     {0x7c,0x14,0x14,0x14,0x08}, /* p */
  97:Core/Src/balance_car/oled_ssd1306.c ****     {0x08,0x14,0x14,0x18,0x7c}, /* q */
  98:Core/Src/balance_car/oled_ssd1306.c ****     {0x7c,0x08,0x04,0x04,0x08}, /* r */
  99:Core/Src/balance_car/oled_ssd1306.c ****     {0x48,0x54,0x54,0x54,0x20}, /* s */
 100:Core/Src/balance_car/oled_ssd1306.c ****     {0x04,0x3f,0x44,0x40,0x20}, /* t */
 101:Core/Src/balance_car/oled_ssd1306.c ****     {0x3c,0x40,0x40,0x20,0x7c}, /* u */
 102:Core/Src/balance_car/oled_ssd1306.c ****     {0x1c,0x20,0x40,0x20,0x1c}, /* v */
 103:Core/Src/balance_car/oled_ssd1306.c ****     {0x3c,0x40,0x30,0x40,0x3c}, /* w */
 104:Core/Src/balance_car/oled_ssd1306.c ****     {0x44,0x28,0x10,0x28,0x44}, /* x */
 105:Core/Src/balance_car/oled_ssd1306.c ****     {0x0c,0x50,0x50,0x50,0x3c}, /* y */
 106:Core/Src/balance_car/oled_ssd1306.c ****     {0x44,0x64,0x54,0x4c,0x44}, /* z */
 107:Core/Src/balance_car/oled_ssd1306.c ****     {0x00,0x08,0x36,0x41,0x00}, /* { */
 108:Core/Src/balance_car/oled_ssd1306.c ****     {0x00,0x00,0x7f,0x00,0x00}, /* | */
 109:Core/Src/balance_car/oled_ssd1306.c ****     {0x00,0x41,0x36,0x08,0x00}, /* } */
 110:Core/Src/balance_car/oled_ssd1306.c ****     {0x10,0x08,0x08,0x10,0x08}, /* ~ */
 111:Core/Src/balance_car/oled_ssd1306.c **** };
 112:Core/Src/balance_car/oled_ssd1306.c **** 
 113:Core/Src/balance_car/oled_ssd1306.c **** static HAL_StatusTypeDef Oled_WriteCommand(uint8_t command)
 114:Core/Src/balance_car/oled_ssd1306.c **** {
  27              		.loc 1 114 1 view -0
  28              		.cfi_startproc
  29              		@ args = 0, pretend = 0, frame = 8
  30              		@ frame_needed = 0, uses_anonymous_args = 0
  31              		.loc 1 114 1 is_stmt 0 view .LVU1
  32 0000 00B5     		push	{lr}
  33              	.LCFI0:
  34              		.cfi_def_cfa_offset 4
  35              		.cfi_offset 14, -4
  36 0002 85B0     		sub	sp, sp, #20
  37              	.LCFI1:
  38              		.cfi_def_cfa_offset 24
 115:Core/Src/balance_car/oled_ssd1306.c ****     uint8_t data[2] = {OLED_CONTROL_CMD, command};
  39              		.loc 1 115 5 is_stmt 1 view .LVU2
  40              		.loc 1 115 13 is_stmt 0 view .LVU3
  41 0004 0023     		movs	r3, #0
  42 0006 8DF80C30 		strb	r3, [sp, #12]
  43 000a 8DF80D00 		strb	r0, [sp, #13]
 116:Core/Src/balance_car/oled_ssd1306.c ****     return HAL_I2C_Master_Transmit(BalanceI2C2_GetHandle(), (uint16_t)s_oled_addr_7bit << 1,
  44              		.loc 1 116 5 is_stmt 1 view .LVU4
  45              		.loc 1 116 12 is_stmt 0 view .LVU5
  46 000e FFF7FEFF 		bl	BalanceI2C2_GetHandle
  47              	.LVL1:
  48              		.loc 1 116 12 discriminator 1 view .LVU6
  49 0012 064B     		ldr	r3, .L3
  50 0014 1978     		ldrb	r1, [r3]	@ zero_extendqisi2
  51 0016 0A23     		movs	r3, #10
  52 0018 0093     		str	r3, [sp]
  53 001a 0223     		movs	r3, #2
  54 001c 03AA     		add	r2, sp, #12
  55 001e 4900     		lsls	r1, r1, #1
  56 0020 FFF7FEFF 		bl	HAL_I2C_Master_Transmit
ARM GAS  C:\Users\future\AppData\Local\Temp\ccl8Y7Qw.s 			page 4


  57              	.LVL2:
 117:Core/Src/balance_car/oled_ssd1306.c ****                                    data, sizeof(data), 10U);
 118:Core/Src/balance_car/oled_ssd1306.c **** }
  58              		.loc 1 118 1 view .LVU7
  59 0024 05B0     		add	sp, sp, #20
  60              	.LCFI2:
  61              		.cfi_def_cfa_offset 4
  62              		@ sp needed
  63 0026 5DF804FB 		ldr	pc, [sp], #4
  64              	.L4:
  65 002a 00BF     		.align	2
  66              	.L3:
  67 002c 00000000 		.word	s_oled_addr_7bit
  68              		.cfi_endproc
  69              	.LFE65:
  71              		.section	.text.Oled_SetPage,"ax",%progbits
  72              		.align	1
  73              		.syntax unified
  74              		.thumb
  75              		.thumb_func
  77              	Oled_SetPage:
  78              	.LVL3:
  79              	.LFB66:
 119:Core/Src/balance_car/oled_ssd1306.c **** 
 120:Core/Src/balance_car/oled_ssd1306.c **** static HAL_StatusTypeDef Oled_SetPage(uint8_t page)
 121:Core/Src/balance_car/oled_ssd1306.c **** {
  80              		.loc 1 121 1 is_stmt 1 view -0
  81              		.cfi_startproc
  82              		@ args = 0, pretend = 0, frame = 0
  83              		@ frame_needed = 0, uses_anonymous_args = 0
  84              		.loc 1 121 1 is_stmt 0 view .LVU9
  85 0000 08B5     		push	{r3, lr}
  86              	.LCFI3:
  87              		.cfi_def_cfa_offset 8
  88              		.cfi_offset 3, -8
  89              		.cfi_offset 14, -4
 122:Core/Src/balance_car/oled_ssd1306.c ****     if (Oled_WriteCommand((uint8_t)(0xB0U | page)) != HAL_OK) {
  90              		.loc 1 122 5 is_stmt 1 view .LVU10
  91              		.loc 1 122 9 is_stmt 0 view .LVU11
  92 0002 40F0B000 		orr	r0, r0, #176
  93              	.LVL4:
  94              		.loc 1 122 9 view .LVU12
  95 0006 FFF7FEFF 		bl	Oled_WriteCommand
  96              	.LVL5:
  97              		.loc 1 122 8 discriminator 1 view .LVU13
  98 000a 08B1     		cbz	r0, .L10
 123:Core/Src/balance_car/oled_ssd1306.c ****         return HAL_ERROR;
  99              		.loc 1 123 16 view .LVU14
 100 000c 0120     		movs	r0, #1
 101              	.L6:
 124:Core/Src/balance_car/oled_ssd1306.c ****     }
 125:Core/Src/balance_car/oled_ssd1306.c ****     if (Oled_WriteCommand(0x00U) != HAL_OK) {
 126:Core/Src/balance_car/oled_ssd1306.c ****         return HAL_ERROR;
 127:Core/Src/balance_car/oled_ssd1306.c ****     }
 128:Core/Src/balance_car/oled_ssd1306.c ****     return Oled_WriteCommand(0x10U);
 129:Core/Src/balance_car/oled_ssd1306.c **** }
 102              		.loc 1 129 1 view .LVU15
ARM GAS  C:\Users\future\AppData\Local\Temp\ccl8Y7Qw.s 			page 5


 103 000e 08BD     		pop	{r3, pc}
 104              	.L10:
 125:Core/Src/balance_car/oled_ssd1306.c ****         return HAL_ERROR;
 105              		.loc 1 125 5 is_stmt 1 view .LVU16
 125:Core/Src/balance_car/oled_ssd1306.c ****         return HAL_ERROR;
 106              		.loc 1 125 9 is_stmt 0 view .LVU17
 107 0010 FFF7FEFF 		bl	Oled_WriteCommand
 108              	.LVL6:
 125:Core/Src/balance_car/oled_ssd1306.c ****         return HAL_ERROR;
 109              		.loc 1 125 8 discriminator 1 view .LVU18
 110 0014 08B1     		cbz	r0, .L11
 126:Core/Src/balance_car/oled_ssd1306.c ****     }
 111              		.loc 1 126 16 view .LVU19
 112 0016 0120     		movs	r0, #1
 113 0018 F9E7     		b	.L6
 114              	.L11:
 128:Core/Src/balance_car/oled_ssd1306.c **** }
 115              		.loc 1 128 5 is_stmt 1 view .LVU20
 128:Core/Src/balance_car/oled_ssd1306.c **** }
 116              		.loc 1 128 12 is_stmt 0 view .LVU21
 117 001a 1020     		movs	r0, #16
 118 001c FFF7FEFF 		bl	Oled_WriteCommand
 119              	.LVL7:
 120 0020 F5E7     		b	.L6
 121              		.cfi_endproc
 122              	.LFE66:
 124              		.section	.text.Oled_RefreshNextPage,"ax",%progbits
 125              		.align	1
 126              		.global	Oled_RefreshNextPage
 127              		.syntax unified
 128              		.thumb
 129              		.thumb_func
 131              	Oled_RefreshNextPage:
 132              	.LFB68:
 130:Core/Src/balance_car/oled_ssd1306.c **** 
 131:Core/Src/balance_car/oled_ssd1306.c **** HAL_StatusTypeDef Oled_Init(void)
 132:Core/Src/balance_car/oled_ssd1306.c **** {
 133:Core/Src/balance_car/oled_ssd1306.c ****     static const uint8_t init_cmds[] = {
 134:Core/Src/balance_car/oled_ssd1306.c ****         0xAE, 0x20, 0x02, 0xB0, 0xC8, 0x00, 0x10, 0x40,
 135:Core/Src/balance_car/oled_ssd1306.c ****         0x81, 0x7F, 0xA1, 0xA6, 0xA8, 0x3F, 0xA4, 0xD3,
 136:Core/Src/balance_car/oled_ssd1306.c ****         0x00, 0xD5, 0x80, 0xD9, 0xF1, 0xDA, 0x12, 0xDB,
 137:Core/Src/balance_car/oled_ssd1306.c ****         0x40, 0x8D, 0x14, 0xAF
 138:Core/Src/balance_car/oled_ssd1306.c ****     };
 139:Core/Src/balance_car/oled_ssd1306.c **** 
 140:Core/Src/balance_car/oled_ssd1306.c ****     s_oled_addr_7bit = 0U;
 141:Core/Src/balance_car/oled_ssd1306.c ****     s_probe_mask = 0U;
 142:Core/Src/balance_car/oled_ssd1306.c ****     s_fail_step = 0U;
 143:Core/Src/balance_car/oled_ssd1306.c **** 
 144:Core/Src/balance_car/oled_ssd1306.c ****     if (BalanceI2C2_Init() != HAL_OK) {
 145:Core/Src/balance_car/oled_ssd1306.c ****         s_fail_step = 1U;
 146:Core/Src/balance_car/oled_ssd1306.c ****         return HAL_ERROR;
 147:Core/Src/balance_car/oled_ssd1306.c ****     }
 148:Core/Src/balance_car/oled_ssd1306.c **** 
 149:Core/Src/balance_car/oled_ssd1306.c ****     HAL_Delay(20U);
 150:Core/Src/balance_car/oled_ssd1306.c **** 
 151:Core/Src/balance_car/oled_ssd1306.c ****     if (HAL_I2C_IsDeviceReady(BalanceI2C2_GetHandle(), 0x3CU << 1, 2U, 10U) == HAL_OK) {
 152:Core/Src/balance_car/oled_ssd1306.c ****         s_probe_mask |= 0x01U;
ARM GAS  C:\Users\future\AppData\Local\Temp\ccl8Y7Qw.s 			page 6


 153:Core/Src/balance_car/oled_ssd1306.c ****         s_oled_addr_7bit = 0x3CU;
 154:Core/Src/balance_car/oled_ssd1306.c ****     }
 155:Core/Src/balance_car/oled_ssd1306.c ****     if (HAL_I2C_IsDeviceReady(BalanceI2C2_GetHandle(), 0x3DU << 1, 2U, 10U) == HAL_OK) {
 156:Core/Src/balance_car/oled_ssd1306.c ****         s_probe_mask |= 0x02U;
 157:Core/Src/balance_car/oled_ssd1306.c ****         if (s_oled_addr_7bit == 0U) {
 158:Core/Src/balance_car/oled_ssd1306.c ****             s_oled_addr_7bit = 0x3DU;
 159:Core/Src/balance_car/oled_ssd1306.c ****         }
 160:Core/Src/balance_car/oled_ssd1306.c ****     }
 161:Core/Src/balance_car/oled_ssd1306.c ****     if (s_oled_addr_7bit == 0U) {
 162:Core/Src/balance_car/oled_ssd1306.c ****         s_fail_step = 2U;
 163:Core/Src/balance_car/oled_ssd1306.c ****         return HAL_ERROR;
 164:Core/Src/balance_car/oled_ssd1306.c ****     }
 165:Core/Src/balance_car/oled_ssd1306.c **** 
 166:Core/Src/balance_car/oled_ssd1306.c ****     for (uint8_t i = 0U; i < sizeof(init_cmds); i++) {
 167:Core/Src/balance_car/oled_ssd1306.c ****         if (Oled_WriteCommand(init_cmds[i]) != HAL_OK) {
 168:Core/Src/balance_car/oled_ssd1306.c ****             s_fail_step = 3U;
 169:Core/Src/balance_car/oled_ssd1306.c ****             return HAL_ERROR;
 170:Core/Src/balance_car/oled_ssd1306.c ****         }
 171:Core/Src/balance_car/oled_ssd1306.c ****     }
 172:Core/Src/balance_car/oled_ssd1306.c **** 
 173:Core/Src/balance_car/oled_ssd1306.c ****     Oled_Clear();
 174:Core/Src/balance_car/oled_ssd1306.c ****     for (uint8_t page = 0U; page < OLED_PAGES; page++) {
 175:Core/Src/balance_car/oled_ssd1306.c ****         s_next_page = page;
 176:Core/Src/balance_car/oled_ssd1306.c ****         if (Oled_RefreshNextPage() != HAL_OK) {
 177:Core/Src/balance_car/oled_ssd1306.c ****             s_fail_step = 4U;
 178:Core/Src/balance_car/oled_ssd1306.c ****             return HAL_ERROR;
 179:Core/Src/balance_car/oled_ssd1306.c ****         }
 180:Core/Src/balance_car/oled_ssd1306.c ****     }
 181:Core/Src/balance_car/oled_ssd1306.c ****     s_next_page = 0U;
 182:Core/Src/balance_car/oled_ssd1306.c ****     return HAL_OK;
 183:Core/Src/balance_car/oled_ssd1306.c **** }
 184:Core/Src/balance_car/oled_ssd1306.c **** 
 185:Core/Src/balance_car/oled_ssd1306.c **** HAL_StatusTypeDef Oled_RefreshNextPage(void)
 186:Core/Src/balance_car/oled_ssd1306.c **** {
 133              		.loc 1 186 1 is_stmt 1 view -0
 134              		.cfi_startproc
 135              		@ args = 0, pretend = 0, frame = 136
 136              		@ frame_needed = 0, uses_anonymous_args = 0
 137 0000 00B5     		push	{lr}
 138              	.LCFI4:
 139              		.cfi_def_cfa_offset 4
 140              		.cfi_offset 14, -4
 141 0002 A5B0     		sub	sp, sp, #148
 142              	.LCFI5:
 143              		.cfi_def_cfa_offset 152
 187:Core/Src/balance_car/oled_ssd1306.c ****     uint8_t tx[OLED_WIDTH + 1U];
 144              		.loc 1 187 5 view .LVU23
 188:Core/Src/balance_car/oled_ssd1306.c **** 
 189:Core/Src/balance_car/oled_ssd1306.c ****     if (Oled_SetPage(s_next_page) != HAL_OK) {
 145              		.loc 1 189 5 view .LVU24
 146              		.loc 1 189 9 is_stmt 0 view .LVU25
 147 0004 174B     		ldr	r3, .L18
 148 0006 1878     		ldrb	r0, [r3]	@ zero_extendqisi2
 149 0008 FFF7FEFF 		bl	Oled_SetPage
 150              	.LVL8:
 151              		.loc 1 189 8 discriminator 1 view .LVU26
 152 000c 18B1     		cbz	r0, .L17
ARM GAS  C:\Users\future\AppData\Local\Temp\ccl8Y7Qw.s 			page 7


 190:Core/Src/balance_car/oled_ssd1306.c ****         return HAL_ERROR;
 153              		.loc 1 190 16 view .LVU27
 154 000e 0120     		movs	r0, #1
 155              	.L13:
 191:Core/Src/balance_car/oled_ssd1306.c ****     }
 192:Core/Src/balance_car/oled_ssd1306.c **** 
 193:Core/Src/balance_car/oled_ssd1306.c ****     tx[0] = OLED_CONTROL_DATA;
 194:Core/Src/balance_car/oled_ssd1306.c ****     memcpy(&tx[1], &s_buffer[(uint16_t)s_next_page * OLED_WIDTH], OLED_WIDTH);
 195:Core/Src/balance_car/oled_ssd1306.c **** 
 196:Core/Src/balance_car/oled_ssd1306.c ****     if (HAL_I2C_Master_Transmit(BalanceI2C2_GetHandle(), (uint16_t)s_oled_addr_7bit << 1,
 197:Core/Src/balance_car/oled_ssd1306.c ****                                 tx, sizeof(tx), 20U) != HAL_OK) {
 198:Core/Src/balance_car/oled_ssd1306.c ****         return HAL_ERROR;
 199:Core/Src/balance_car/oled_ssd1306.c ****     }
 200:Core/Src/balance_car/oled_ssd1306.c **** 
 201:Core/Src/balance_car/oled_ssd1306.c ****     s_next_page++;
 202:Core/Src/balance_car/oled_ssd1306.c ****     if (s_next_page >= OLED_PAGES) {
 203:Core/Src/balance_car/oled_ssd1306.c ****         s_next_page = 0U;
 204:Core/Src/balance_car/oled_ssd1306.c ****     }
 205:Core/Src/balance_car/oled_ssd1306.c ****     return HAL_OK;
 206:Core/Src/balance_car/oled_ssd1306.c **** }
 156              		.loc 1 206 1 view .LVU28
 157 0010 25B0     		add	sp, sp, #148
 158              	.LCFI6:
 159              		.cfi_remember_state
 160              		.cfi_def_cfa_offset 4
 161              		@ sp needed
 162 0012 5DF804FB 		ldr	pc, [sp], #4
 163              	.L17:
 164              	.LCFI7:
 165              		.cfi_restore_state
 193:Core/Src/balance_car/oled_ssd1306.c ****     memcpy(&tx[1], &s_buffer[(uint16_t)s_next_page * OLED_WIDTH], OLED_WIDTH);
 166              		.loc 1 193 5 is_stmt 1 view .LVU29
 193:Core/Src/balance_car/oled_ssd1306.c ****     memcpy(&tx[1], &s_buffer[(uint16_t)s_next_page * OLED_WIDTH], OLED_WIDTH);
 167              		.loc 1 193 11 is_stmt 0 view .LVU30
 168 0016 4023     		movs	r3, #64
 169 0018 8DF80C30 		strb	r3, [sp, #12]
 194:Core/Src/balance_car/oled_ssd1306.c **** 
 170              		.loc 1 194 5 is_stmt 1 view .LVU31
 194:Core/Src/balance_car/oled_ssd1306.c **** 
 171              		.loc 1 194 30 is_stmt 0 view .LVU32
 172 001c 114B     		ldr	r3, .L18
 173 001e 1978     		ldrb	r1, [r3]	@ zero_extendqisi2
 194:Core/Src/balance_car/oled_ssd1306.c **** 
 174              		.loc 1 194 5 view .LVU33
 175 0020 8022     		movs	r2, #128
 176 0022 114B     		ldr	r3, .L18+4
 177 0024 03EBC111 		add	r1, r3, r1, lsl #7
 178 0028 0DF10D00 		add	r0, sp, #13
 179 002c FFF7FEFF 		bl	memcpy
 180              	.LVL9:
 196:Core/Src/balance_car/oled_ssd1306.c ****                                 tx, sizeof(tx), 20U) != HAL_OK) {
 181              		.loc 1 196 5 is_stmt 1 view .LVU34
 196:Core/Src/balance_car/oled_ssd1306.c ****                                 tx, sizeof(tx), 20U) != HAL_OK) {
 182              		.loc 1 196 9 is_stmt 0 view .LVU35
 183 0030 FFF7FEFF 		bl	BalanceI2C2_GetHandle
 184              	.LVL10:
 196:Core/Src/balance_car/oled_ssd1306.c ****                                 tx, sizeof(tx), 20U) != HAL_OK) {
ARM GAS  C:\Users\future\AppData\Local\Temp\ccl8Y7Qw.s 			page 8


 185              		.loc 1 196 9 discriminator 1 view .LVU36
 186 0034 0D4B     		ldr	r3, .L18+8
 187 0036 1978     		ldrb	r1, [r3]	@ zero_extendqisi2
 188 0038 1423     		movs	r3, #20
 189 003a 0093     		str	r3, [sp]
 190 003c 8123     		movs	r3, #129
 191 003e 03AA     		add	r2, sp, #12
 192 0040 4900     		lsls	r1, r1, #1
 193 0042 FFF7FEFF 		bl	HAL_I2C_Master_Transmit
 194              	.LVL11:
 196:Core/Src/balance_car/oled_ssd1306.c ****                                 tx, sizeof(tx), 20U) != HAL_OK) {
 195              		.loc 1 196 8 discriminator 2 view .LVU37
 196 0046 50B9     		cbnz	r0, .L15
 201:Core/Src/balance_car/oled_ssd1306.c ****     if (s_next_page >= OLED_PAGES) {
 197              		.loc 1 201 5 is_stmt 1 view .LVU38
 201:Core/Src/balance_car/oled_ssd1306.c ****     if (s_next_page >= OLED_PAGES) {
 198              		.loc 1 201 16 is_stmt 0 view .LVU39
 199 0048 064A     		ldr	r2, .L18
 200 004a 1378     		ldrb	r3, [r2]	@ zero_extendqisi2
 201 004c 0133     		adds	r3, r3, #1
 202 004e DBB2     		uxtb	r3, r3
 203 0050 1370     		strb	r3, [r2]
 202:Core/Src/balance_car/oled_ssd1306.c ****         s_next_page = 0U;
 204              		.loc 1 202 5 is_stmt 1 view .LVU40
 202:Core/Src/balance_car/oled_ssd1306.c ****         s_next_page = 0U;
 205              		.loc 1 202 8 is_stmt 0 view .LVU41
 206 0052 072B     		cmp	r3, #7
 207 0054 DCD9     		bls	.L13
 203:Core/Src/balance_car/oled_ssd1306.c ****     }
 208              		.loc 1 203 9 is_stmt 1 view .LVU42
 203:Core/Src/balance_car/oled_ssd1306.c ****     }
 209              		.loc 1 203 21 is_stmt 0 view .LVU43
 210 0056 1346     		mov	r3, r2
 211 0058 0022     		movs	r2, #0
 212 005a 1A70     		strb	r2, [r3]
 213 005c D8E7     		b	.L13
 214              	.L15:
 198:Core/Src/balance_car/oled_ssd1306.c ****     }
 215              		.loc 1 198 16 view .LVU44
 216 005e 0120     		movs	r0, #1
 217 0060 D6E7     		b	.L13
 218              	.L19:
 219 0062 00BF     		.align	2
 220              	.L18:
 221 0064 00000000 		.word	s_next_page
 222 0068 00000000 		.word	s_buffer
 223 006c 00000000 		.word	s_oled_addr_7bit
 224              		.cfi_endproc
 225              	.LFE68:
 227              		.section	.text.Oled_GetAddress7Bit,"ax",%progbits
 228              		.align	1
 229              		.global	Oled_GetAddress7Bit
 230              		.syntax unified
 231              		.thumb
 232              		.thumb_func
 234              	Oled_GetAddress7Bit:
 235              	.LFB69:
ARM GAS  C:\Users\future\AppData\Local\Temp\ccl8Y7Qw.s 			page 9


 207:Core/Src/balance_car/oled_ssd1306.c **** 
 208:Core/Src/balance_car/oled_ssd1306.c **** uint8_t Oled_GetAddress7Bit(void)
 209:Core/Src/balance_car/oled_ssd1306.c **** {
 236              		.loc 1 209 1 is_stmt 1 view -0
 237              		.cfi_startproc
 238              		@ args = 0, pretend = 0, frame = 0
 239              		@ frame_needed = 0, uses_anonymous_args = 0
 240              		@ link register save eliminated.
 210:Core/Src/balance_car/oled_ssd1306.c ****     return s_oled_addr_7bit;
 241              		.loc 1 210 5 view .LVU46
 211:Core/Src/balance_car/oled_ssd1306.c **** }
 242              		.loc 1 211 1 is_stmt 0 view .LVU47
 243 0000 014B     		ldr	r3, .L21
 244 0002 1878     		ldrb	r0, [r3]	@ zero_extendqisi2
 245 0004 7047     		bx	lr
 246              	.L22:
 247 0006 00BF     		.align	2
 248              	.L21:
 249 0008 00000000 		.word	s_oled_addr_7bit
 250              		.cfi_endproc
 251              	.LFE69:
 253              		.section	.text.Oled_GetProbeMask,"ax",%progbits
 254              		.align	1
 255              		.global	Oled_GetProbeMask
 256              		.syntax unified
 257              		.thumb
 258              		.thumb_func
 260              	Oled_GetProbeMask:
 261              	.LFB70:
 212:Core/Src/balance_car/oled_ssd1306.c **** 
 213:Core/Src/balance_car/oled_ssd1306.c **** uint8_t Oled_GetProbeMask(void)
 214:Core/Src/balance_car/oled_ssd1306.c **** {
 262              		.loc 1 214 1 is_stmt 1 view -0
 263              		.cfi_startproc
 264              		@ args = 0, pretend = 0, frame = 0
 265              		@ frame_needed = 0, uses_anonymous_args = 0
 266              		@ link register save eliminated.
 215:Core/Src/balance_car/oled_ssd1306.c ****     return s_probe_mask;
 267              		.loc 1 215 5 view .LVU49
 216:Core/Src/balance_car/oled_ssd1306.c **** }
 268              		.loc 1 216 1 is_stmt 0 view .LVU50
 269 0000 014B     		ldr	r3, .L24
 270 0002 1878     		ldrb	r0, [r3]	@ zero_extendqisi2
 271 0004 7047     		bx	lr
 272              	.L25:
 273 0006 00BF     		.align	2
 274              	.L24:
 275 0008 00000000 		.word	s_probe_mask
 276              		.cfi_endproc
 277              	.LFE70:
 279              		.section	.text.Oled_GetFailStep,"ax",%progbits
 280              		.align	1
 281              		.global	Oled_GetFailStep
 282              		.syntax unified
 283              		.thumb
 284              		.thumb_func
 286              	Oled_GetFailStep:
ARM GAS  C:\Users\future\AppData\Local\Temp\ccl8Y7Qw.s 			page 10


 287              	.LFB71:
 217:Core/Src/balance_car/oled_ssd1306.c **** 
 218:Core/Src/balance_car/oled_ssd1306.c **** uint8_t Oled_GetFailStep(void)
 219:Core/Src/balance_car/oled_ssd1306.c **** {
 288              		.loc 1 219 1 is_stmt 1 view -0
 289              		.cfi_startproc
 290              		@ args = 0, pretend = 0, frame = 0
 291              		@ frame_needed = 0, uses_anonymous_args = 0
 292              		@ link register save eliminated.
 220:Core/Src/balance_car/oled_ssd1306.c ****     return s_fail_step;
 293              		.loc 1 220 5 view .LVU52
 221:Core/Src/balance_car/oled_ssd1306.c **** }
 294              		.loc 1 221 1 is_stmt 0 view .LVU53
 295 0000 014B     		ldr	r3, .L27
 296 0002 1878     		ldrb	r0, [r3]	@ zero_extendqisi2
 297 0004 7047     		bx	lr
 298              	.L28:
 299 0006 00BF     		.align	2
 300              	.L27:
 301 0008 00000000 		.word	s_fail_step
 302              		.cfi_endproc
 303              	.LFE71:
 305              		.section	.text.Oled_Clear,"ax",%progbits
 306              		.align	1
 307              		.global	Oled_Clear
 308              		.syntax unified
 309              		.thumb
 310              		.thumb_func
 312              	Oled_Clear:
 313              	.LFB72:
 222:Core/Src/balance_car/oled_ssd1306.c **** 
 223:Core/Src/balance_car/oled_ssd1306.c **** void Oled_Clear(void)
 224:Core/Src/balance_car/oled_ssd1306.c **** {
 314              		.loc 1 224 1 is_stmt 1 view -0
 315              		.cfi_startproc
 316              		@ args = 0, pretend = 0, frame = 0
 317              		@ frame_needed = 0, uses_anonymous_args = 0
 318 0000 08B5     		push	{r3, lr}
 319              	.LCFI8:
 320              		.cfi_def_cfa_offset 8
 321              		.cfi_offset 3, -8
 322              		.cfi_offset 14, -4
 225:Core/Src/balance_car/oled_ssd1306.c ****     memset(s_buffer, 0, sizeof(s_buffer));
 323              		.loc 1 225 5 view .LVU55
 324 0002 4FF48062 		mov	r2, #1024
 325 0006 0021     		movs	r1, #0
 326 0008 0148     		ldr	r0, .L31
 327 000a FFF7FEFF 		bl	memset
 328              	.LVL12:
 226:Core/Src/balance_car/oled_ssd1306.c **** }
 329              		.loc 1 226 1 is_stmt 0 view .LVU56
 330 000e 08BD     		pop	{r3, pc}
 331              	.L32:
 332              		.align	2
 333              	.L31:
 334 0010 00000000 		.word	s_buffer
 335              		.cfi_endproc
ARM GAS  C:\Users\future\AppData\Local\Temp\ccl8Y7Qw.s 			page 11


 336              	.LFE72:
 338              		.section	.text.Oled_Init,"ax",%progbits
 339              		.align	1
 340              		.global	Oled_Init
 341              		.syntax unified
 342              		.thumb
 343              		.thumb_func
 345              	Oled_Init:
 346              	.LFB67:
 132:Core/Src/balance_car/oled_ssd1306.c ****     static const uint8_t init_cmds[] = {
 347              		.loc 1 132 1 is_stmt 1 view -0
 348              		.cfi_startproc
 349              		@ args = 0, pretend = 0, frame = 0
 350              		@ frame_needed = 0, uses_anonymous_args = 0
 351 0000 38B5     		push	{r3, r4, r5, lr}
 352              	.LCFI9:
 353              		.cfi_def_cfa_offset 16
 354              		.cfi_offset 3, -16
 355              		.cfi_offset 4, -12
 356              		.cfi_offset 5, -8
 357              		.cfi_offset 14, -4
 133:Core/Src/balance_car/oled_ssd1306.c ****         0xAE, 0x20, 0x02, 0xB0, 0xC8, 0x00, 0x10, 0x40,
 358              		.loc 1 133 5 view .LVU58
 140:Core/Src/balance_car/oled_ssd1306.c ****     s_probe_mask = 0U;
 359              		.loc 1 140 5 view .LVU59
 140:Core/Src/balance_car/oled_ssd1306.c ****     s_probe_mask = 0U;
 360              		.loc 1 140 22 is_stmt 0 view .LVU60
 361 0002 0023     		movs	r3, #0
 362 0004 314A     		ldr	r2, .L51
 363 0006 1370     		strb	r3, [r2]
 141:Core/Src/balance_car/oled_ssd1306.c ****     s_fail_step = 0U;
 364              		.loc 1 141 5 is_stmt 1 view .LVU61
 141:Core/Src/balance_car/oled_ssd1306.c ****     s_fail_step = 0U;
 365              		.loc 1 141 18 is_stmt 0 view .LVU62
 366 0008 314A     		ldr	r2, .L51+4
 367 000a 1370     		strb	r3, [r2]
 142:Core/Src/balance_car/oled_ssd1306.c **** 
 368              		.loc 1 142 5 is_stmt 1 view .LVU63
 142:Core/Src/balance_car/oled_ssd1306.c **** 
 369              		.loc 1 142 17 is_stmt 0 view .LVU64
 370 000c 314A     		ldr	r2, .L51+8
 371 000e 1370     		strb	r3, [r2]
 144:Core/Src/balance_car/oled_ssd1306.c ****         s_fail_step = 1U;
 372              		.loc 1 144 5 is_stmt 1 view .LVU65
 144:Core/Src/balance_car/oled_ssd1306.c ****         s_fail_step = 1U;
 373              		.loc 1 144 9 is_stmt 0 view .LVU66
 374 0010 FFF7FEFF 		bl	BalanceI2C2_Init
 375              	.LVL13:
 144:Core/Src/balance_car/oled_ssd1306.c ****         s_fail_step = 1U;
 376              		.loc 1 144 8 discriminator 1 view .LVU67
 377 0014 20B1     		cbz	r0, .L34
 145:Core/Src/balance_car/oled_ssd1306.c ****         return HAL_ERROR;
 378              		.loc 1 145 9 is_stmt 1 view .LVU68
 145:Core/Src/balance_car/oled_ssd1306.c ****         return HAL_ERROR;
 379              		.loc 1 145 21 is_stmt 0 view .LVU69
 380 0016 0125     		movs	r5, #1
 381 0018 2E4B     		ldr	r3, .L51+8
ARM GAS  C:\Users\future\AppData\Local\Temp\ccl8Y7Qw.s 			page 12


 382 001a 1D70     		strb	r5, [r3]
 146:Core/Src/balance_car/oled_ssd1306.c ****     }
 383              		.loc 1 146 9 is_stmt 1 view .LVU70
 384              	.L35:
 183:Core/Src/balance_car/oled_ssd1306.c **** 
 385              		.loc 1 183 1 is_stmt 0 view .LVU71
 386 001c 2846     		mov	r0, r5
 387 001e 38BD     		pop	{r3, r4, r5, pc}
 388              	.L34:
 389 0020 0546     		mov	r5, r0
 149:Core/Src/balance_car/oled_ssd1306.c **** 
 390              		.loc 1 149 5 is_stmt 1 view .LVU72
 391 0022 1420     		movs	r0, #20
 392 0024 FFF7FEFF 		bl	HAL_Delay
 393              	.LVL14:
 151:Core/Src/balance_car/oled_ssd1306.c ****         s_probe_mask |= 0x01U;
 394              		.loc 1 151 5 view .LVU73
 151:Core/Src/balance_car/oled_ssd1306.c ****         s_probe_mask |= 0x01U;
 395              		.loc 1 151 9 is_stmt 0 view .LVU74
 396 0028 FFF7FEFF 		bl	BalanceI2C2_GetHandle
 397              	.LVL15:
 151:Core/Src/balance_car/oled_ssd1306.c ****         s_probe_mask |= 0x01U;
 398              		.loc 1 151 9 discriminator 1 view .LVU75
 399 002c 0A23     		movs	r3, #10
 400 002e 0222     		movs	r2, #2
 401 0030 7821     		movs	r1, #120
 402 0032 FFF7FEFF 		bl	HAL_I2C_IsDeviceReady
 403              	.LVL16:
 151:Core/Src/balance_car/oled_ssd1306.c ****         s_probe_mask |= 0x01U;
 404              		.loc 1 151 8 discriminator 2 view .LVU76
 405 0036 38B9     		cbnz	r0, .L36
 152:Core/Src/balance_car/oled_ssd1306.c ****         s_oled_addr_7bit = 0x3CU;
 406              		.loc 1 152 9 is_stmt 1 view .LVU77
 152:Core/Src/balance_car/oled_ssd1306.c ****         s_oled_addr_7bit = 0x3CU;
 407              		.loc 1 152 22 is_stmt 0 view .LVU78
 408 0038 254A     		ldr	r2, .L51+4
 409 003a 1378     		ldrb	r3, [r2]	@ zero_extendqisi2
 410 003c 43F00103 		orr	r3, r3, #1
 411 0040 1370     		strb	r3, [r2]
 153:Core/Src/balance_car/oled_ssd1306.c ****     }
 412              		.loc 1 153 9 is_stmt 1 view .LVU79
 153:Core/Src/balance_car/oled_ssd1306.c ****     }
 413              		.loc 1 153 26 is_stmt 0 view .LVU80
 414 0042 224B     		ldr	r3, .L51
 415 0044 3C22     		movs	r2, #60
 416 0046 1A70     		strb	r2, [r3]
 417              	.L36:
 155:Core/Src/balance_car/oled_ssd1306.c ****         s_probe_mask |= 0x02U;
 418              		.loc 1 155 5 is_stmt 1 view .LVU81
 155:Core/Src/balance_car/oled_ssd1306.c ****         s_probe_mask |= 0x02U;
 419              		.loc 1 155 9 is_stmt 0 view .LVU82
 420 0048 FFF7FEFF 		bl	BalanceI2C2_GetHandle
 421              	.LVL17:
 155:Core/Src/balance_car/oled_ssd1306.c ****         s_probe_mask |= 0x02U;
 422              		.loc 1 155 9 discriminator 1 view .LVU83
 423 004c 0A23     		movs	r3, #10
 424 004e 0222     		movs	r2, #2
ARM GAS  C:\Users\future\AppData\Local\Temp\ccl8Y7Qw.s 			page 13


 425 0050 7A21     		movs	r1, #122
 426 0052 FFF7FEFF 		bl	HAL_I2C_IsDeviceReady
 427              	.LVL18:
 155:Core/Src/balance_car/oled_ssd1306.c ****         s_probe_mask |= 0x02U;
 428              		.loc 1 155 8 discriminator 2 view .LVU84
 429 0056 50B9     		cbnz	r0, .L37
 156:Core/Src/balance_car/oled_ssd1306.c ****         if (s_oled_addr_7bit == 0U) {
 430              		.loc 1 156 9 is_stmt 1 view .LVU85
 156:Core/Src/balance_car/oled_ssd1306.c ****         if (s_oled_addr_7bit == 0U) {
 431              		.loc 1 156 22 is_stmt 0 view .LVU86
 432 0058 1D4A     		ldr	r2, .L51+4
 433 005a 1378     		ldrb	r3, [r2]	@ zero_extendqisi2
 434 005c 43F00203 		orr	r3, r3, #2
 435 0060 1370     		strb	r3, [r2]
 157:Core/Src/balance_car/oled_ssd1306.c ****             s_oled_addr_7bit = 0x3DU;
 436              		.loc 1 157 9 is_stmt 1 view .LVU87
 157:Core/Src/balance_car/oled_ssd1306.c ****             s_oled_addr_7bit = 0x3DU;
 437              		.loc 1 157 30 is_stmt 0 view .LVU88
 438 0062 1A4B     		ldr	r3, .L51
 439 0064 1B78     		ldrb	r3, [r3]	@ zero_extendqisi2
 157:Core/Src/balance_car/oled_ssd1306.c ****             s_oled_addr_7bit = 0x3DU;
 440              		.loc 1 157 12 view .LVU89
 441 0066 13B9     		cbnz	r3, .L37
 158:Core/Src/balance_car/oled_ssd1306.c ****         }
 442              		.loc 1 158 13 is_stmt 1 view .LVU90
 158:Core/Src/balance_car/oled_ssd1306.c ****         }
 443              		.loc 1 158 30 is_stmt 0 view .LVU91
 444 0068 184B     		ldr	r3, .L51
 445 006a 3D22     		movs	r2, #61
 446 006c 1A70     		strb	r2, [r3]
 447              	.L37:
 161:Core/Src/balance_car/oled_ssd1306.c ****         s_fail_step = 2U;
 448              		.loc 1 161 5 is_stmt 1 view .LVU92
 161:Core/Src/balance_car/oled_ssd1306.c ****         s_fail_step = 2U;
 449              		.loc 1 161 26 is_stmt 0 view .LVU93
 450 006e 174B     		ldr	r3, .L51
 451 0070 1B78     		ldrb	r3, [r3]	@ zero_extendqisi2
 161:Core/Src/balance_car/oled_ssd1306.c ****         s_fail_step = 2U;
 452              		.loc 1 161 8 view .LVU94
 453 0072 53B1     		cbz	r3, .L46
 454              	.LBB2:
 166:Core/Src/balance_car/oled_ssd1306.c ****         if (Oled_WriteCommand(init_cmds[i]) != HAL_OK) {
 455              		.loc 1 166 18 view .LVU95
 456 0074 2C46     		mov	r4, r5
 457              	.L38:
 458              	.LVL19:
 166:Core/Src/balance_car/oled_ssd1306.c ****         if (Oled_WriteCommand(init_cmds[i]) != HAL_OK) {
 459              		.loc 1 166 28 is_stmt 1 discriminator 1 view .LVU96
 460 0076 1B2C     		cmp	r4, #27
 461 0078 11D8     		bhi	.L47
 167:Core/Src/balance_car/oled_ssd1306.c ****             s_fail_step = 3U;
 462              		.loc 1 167 9 view .LVU97
 167:Core/Src/balance_car/oled_ssd1306.c ****             s_fail_step = 3U;
 463              		.loc 1 167 13 is_stmt 0 view .LVU98
 464 007a 174B     		ldr	r3, .L51+12
 465 007c 185D     		ldrb	r0, [r3, r4]	@ zero_extendqisi2
 466 007e FFF7FEFF 		bl	Oled_WriteCommand
ARM GAS  C:\Users\future\AppData\Local\Temp\ccl8Y7Qw.s 			page 14


 467              	.LVL20:
 167:Core/Src/balance_car/oled_ssd1306.c ****             s_fail_step = 3U;
 468              		.loc 1 167 12 discriminator 1 view .LVU99
 469 0082 38B9     		cbnz	r0, .L48
 166:Core/Src/balance_car/oled_ssd1306.c ****         if (Oled_WriteCommand(init_cmds[i]) != HAL_OK) {
 470              		.loc 1 166 50 is_stmt 1 discriminator 2 view .LVU100
 471 0084 0134     		adds	r4, r4, #1
 472              	.LVL21:
 166:Core/Src/balance_car/oled_ssd1306.c ****         if (Oled_WriteCommand(init_cmds[i]) != HAL_OK) {
 473              		.loc 1 166 50 is_stmt 0 discriminator 2 view .LVU101
 474 0086 E4B2     		uxtb	r4, r4
 475              	.LVL22:
 166:Core/Src/balance_car/oled_ssd1306.c ****         if (Oled_WriteCommand(init_cmds[i]) != HAL_OK) {
 476              		.loc 1 166 50 discriminator 2 view .LVU102
 477 0088 F5E7     		b	.L38
 478              	.LVL23:
 479              	.L46:
 166:Core/Src/balance_car/oled_ssd1306.c ****         if (Oled_WriteCommand(init_cmds[i]) != HAL_OK) {
 480              		.loc 1 166 50 discriminator 2 view .LVU103
 481              	.LBE2:
 162:Core/Src/balance_car/oled_ssd1306.c ****         return HAL_ERROR;
 482              		.loc 1 162 9 is_stmt 1 view .LVU104
 162:Core/Src/balance_car/oled_ssd1306.c ****         return HAL_ERROR;
 483              		.loc 1 162 21 is_stmt 0 view .LVU105
 484 008a 124B     		ldr	r3, .L51+8
 485 008c 0222     		movs	r2, #2
 486 008e 1A70     		strb	r2, [r3]
 163:Core/Src/balance_car/oled_ssd1306.c ****     }
 487              		.loc 1 163 9 is_stmt 1 view .LVU106
 163:Core/Src/balance_car/oled_ssd1306.c ****     }
 488              		.loc 1 163 16 is_stmt 0 view .LVU107
 489 0090 0125     		movs	r5, #1
 490 0092 C3E7     		b	.L35
 491              	.LVL24:
 492              	.L48:
 493              	.LBB3:
 168:Core/Src/balance_car/oled_ssd1306.c ****             return HAL_ERROR;
 494              		.loc 1 168 13 is_stmt 1 view .LVU108
 168:Core/Src/balance_car/oled_ssd1306.c ****             return HAL_ERROR;
 495              		.loc 1 168 25 is_stmt 0 view .LVU109
 496 0094 0F4B     		ldr	r3, .L51+8
 497 0096 0322     		movs	r2, #3
 498 0098 1A70     		strb	r2, [r3]
 169:Core/Src/balance_car/oled_ssd1306.c ****         }
 499              		.loc 1 169 13 is_stmt 1 view .LVU110
 169:Core/Src/balance_car/oled_ssd1306.c ****         }
 500              		.loc 1 169 20 is_stmt 0 view .LVU111
 501 009a 0125     		movs	r5, #1
 502 009c BEE7     		b	.L35
 503              	.L47:
 504              	.LBE3:
 173:Core/Src/balance_car/oled_ssd1306.c ****     for (uint8_t page = 0U; page < OLED_PAGES; page++) {
 505              		.loc 1 173 5 is_stmt 1 view .LVU112
 506 009e FFF7FEFF 		bl	Oled_Clear
 507              	.LVL25:
 174:Core/Src/balance_car/oled_ssd1306.c ****         s_next_page = page;
 508              		.loc 1 174 5 view .LVU113
ARM GAS  C:\Users\future\AppData\Local\Temp\ccl8Y7Qw.s 			page 15


 509              	.LBB4:
 174:Core/Src/balance_car/oled_ssd1306.c ****         s_next_page = page;
 510              		.loc 1 174 10 view .LVU114
 174:Core/Src/balance_car/oled_ssd1306.c ****         s_next_page = page;
 511              		.loc 1 174 18 is_stmt 0 view .LVU115
 512 00a2 2C46     		mov	r4, r5
 513              	.LVL26:
 514              	.L41:
 174:Core/Src/balance_car/oled_ssd1306.c ****         s_next_page = page;
 515              		.loc 1 174 34 is_stmt 1 discriminator 1 view .LVU116
 516 00a4 072C     		cmp	r4, #7
 517 00a6 0CD8     		bhi	.L49
 175:Core/Src/balance_car/oled_ssd1306.c ****         if (Oled_RefreshNextPage() != HAL_OK) {
 518              		.loc 1 175 9 view .LVU117
 175:Core/Src/balance_car/oled_ssd1306.c ****         if (Oled_RefreshNextPage() != HAL_OK) {
 519              		.loc 1 175 21 is_stmt 0 view .LVU118
 520 00a8 0C4B     		ldr	r3, .L51+16
 521 00aa 1C70     		strb	r4, [r3]
 176:Core/Src/balance_car/oled_ssd1306.c ****             s_fail_step = 4U;
 522              		.loc 1 176 9 is_stmt 1 view .LVU119
 176:Core/Src/balance_car/oled_ssd1306.c ****             s_fail_step = 4U;
 523              		.loc 1 176 13 is_stmt 0 view .LVU120
 524 00ac FFF7FEFF 		bl	Oled_RefreshNextPage
 525              	.LVL27:
 176:Core/Src/balance_car/oled_ssd1306.c ****             s_fail_step = 4U;
 526              		.loc 1 176 12 discriminator 1 view .LVU121
 527 00b0 10B9     		cbnz	r0, .L50
 174:Core/Src/balance_car/oled_ssd1306.c ****         s_next_page = page;
 528              		.loc 1 174 52 is_stmt 1 discriminator 2 view .LVU122
 529 00b2 0134     		adds	r4, r4, #1
 530              	.LVL28:
 174:Core/Src/balance_car/oled_ssd1306.c ****         s_next_page = page;
 531              		.loc 1 174 52 is_stmt 0 discriminator 2 view .LVU123
 532 00b4 E4B2     		uxtb	r4, r4
 533              	.LVL29:
 174:Core/Src/balance_car/oled_ssd1306.c ****         s_next_page = page;
 534              		.loc 1 174 52 discriminator 2 view .LVU124
 535 00b6 F5E7     		b	.L41
 536              	.L50:
 177:Core/Src/balance_car/oled_ssd1306.c ****             return HAL_ERROR;
 537              		.loc 1 177 13 is_stmt 1 view .LVU125
 177:Core/Src/balance_car/oled_ssd1306.c ****             return HAL_ERROR;
 538              		.loc 1 177 25 is_stmt 0 view .LVU126
 539 00b8 064B     		ldr	r3, .L51+8
 540 00ba 0422     		movs	r2, #4
 541 00bc 1A70     		strb	r2, [r3]
 178:Core/Src/balance_car/oled_ssd1306.c ****         }
 542              		.loc 1 178 13 is_stmt 1 view .LVU127
 178:Core/Src/balance_car/oled_ssd1306.c ****         }
 543              		.loc 1 178 20 is_stmt 0 view .LVU128
 544 00be 0125     		movs	r5, #1
 545 00c0 ACE7     		b	.L35
 546              	.L49:
 547              	.LBE4:
 181:Core/Src/balance_car/oled_ssd1306.c ****     return HAL_OK;
 548              		.loc 1 181 5 is_stmt 1 view .LVU129
 181:Core/Src/balance_car/oled_ssd1306.c ****     return HAL_OK;
ARM GAS  C:\Users\future\AppData\Local\Temp\ccl8Y7Qw.s 			page 16


 549              		.loc 1 181 17 is_stmt 0 view .LVU130
 550 00c2 064B     		ldr	r3, .L51+16
 551 00c4 0022     		movs	r2, #0
 552 00c6 1A70     		strb	r2, [r3]
 182:Core/Src/balance_car/oled_ssd1306.c **** }
 553              		.loc 1 182 5 is_stmt 1 view .LVU131
 182:Core/Src/balance_car/oled_ssd1306.c **** }
 554              		.loc 1 182 12 is_stmt 0 view .LVU132
 555 00c8 A8E7     		b	.L35
 556              	.L52:
 557 00ca 00BF     		.align	2
 558              	.L51:
 559 00cc 00000000 		.word	s_oled_addr_7bit
 560 00d0 00000000 		.word	s_probe_mask
 561 00d4 00000000 		.word	s_fail_step
 562 00d8 00000000 		.word	init_cmds.0
 563 00dc 00000000 		.word	s_next_page
 564              		.cfi_endproc
 565              	.LFE67:
 567              		.section	.text.Oled_WriteString,"ax",%progbits
 568              		.align	1
 569              		.global	Oled_WriteString
 570              		.syntax unified
 571              		.thumb
 572              		.thumb_func
 574              	Oled_WriteString:
 575              	.LVL30:
 576              	.LFB73:
 227:Core/Src/balance_car/oled_ssd1306.c **** 
 228:Core/Src/balance_car/oled_ssd1306.c **** void Oled_WriteString(uint8_t x, uint8_t page, const char *text)
 229:Core/Src/balance_car/oled_ssd1306.c **** {
 577              		.loc 1 229 1 is_stmt 1 view -0
 578              		.cfi_startproc
 579              		@ args = 0, pretend = 0, frame = 0
 580              		@ frame_needed = 0, uses_anonymous_args = 0
 230:Core/Src/balance_car/oled_ssd1306.c ****     uint16_t index;
 581              		.loc 1 230 5 view .LVU134
 231:Core/Src/balance_car/oled_ssd1306.c **** 
 232:Core/Src/balance_car/oled_ssd1306.c ****     if (page >= OLED_PAGES || x >= OLED_WIDTH || text == 0) {
 582              		.loc 1 232 5 view .LVU135
 583              		.loc 1 232 8 is_stmt 0 view .LVU136
 584 0000 0729     		cmp	r1, #7
 585 0002 3ED8     		bhi	.L64
 586              		.loc 1 232 28 discriminator 1 view .LVU137
 587 0004 10F0800F 		tst	r0, #128
 588 0008 3BD1     		bne	.L64
 589              		.loc 1 232 47 discriminator 2 view .LVU138
 590 000a 002A     		cmp	r2, #0
 591 000c 39D0     		beq	.L64
 233:Core/Src/balance_car/oled_ssd1306.c ****         return;
 234:Core/Src/balance_car/oled_ssd1306.c ****     }
 235:Core/Src/balance_car/oled_ssd1306.c **** 
 236:Core/Src/balance_car/oled_ssd1306.c ****     index = (uint16_t)page * OLED_WIDTH + x;
 592              		.loc 1 236 5 is_stmt 1 view .LVU139
 593              		.loc 1 236 11 is_stmt 0 view .LVU140
 594 000e 00EBC11C 		add	ip, r0, r1, lsl #7
 595              	.LVL31:
ARM GAS  C:\Users\future\AppData\Local\Temp\ccl8Y7Qw.s 			page 17


 237:Core/Src/balance_car/oled_ssd1306.c ****     while (*text != '\0' && x < (OLED_WIDTH - 5U)) {
 596              		.loc 1 237 5 is_stmt 1 view .LVU141
 597              		.loc 1 237 26 view .LVU142
 598              		.loc 1 237 12 is_stmt 0 view .LVU143
 599 0012 1378     		ldrb	r3, [r2]	@ zero_extendqisi2
 600              		.loc 1 237 26 view .LVU144
 601 0014 ABB3     		cbz	r3, .L64
 602              		.loc 1 237 26 discriminator 1 view .LVU145
 603 0016 7A28     		cmp	r0, #122
 604 0018 32D8     		bhi	.L69
 229:Core/Src/balance_car/oled_ssd1306.c ****     uint16_t index;
 605              		.loc 1 229 1 view .LVU146
 606 001a 30B5     		push	{r4, r5, lr}
 607              	.LCFI10:
 608              		.cfi_def_cfa_offset 12
 609              		.cfi_offset 4, -12
 610              		.cfi_offset 5, -8
 611              		.cfi_offset 14, -4
 612 001c 21E0     		b	.L61
 613              	.LVL32:
 614              	.L59:
 615              	.LBB5:
 616              	.LBB6:
 238:Core/Src/balance_car/oled_ssd1306.c ****         char ch = *text++;
 239:Core/Src/balance_car/oled_ssd1306.c ****         const uint8_t *glyph;
 240:Core/Src/balance_car/oled_ssd1306.c **** 
 241:Core/Src/balance_car/oled_ssd1306.c ****         if (ch < ' ' || ch > '~') {
 242:Core/Src/balance_car/oled_ssd1306.c ****             ch = '?';
 243:Core/Src/balance_car/oled_ssd1306.c ****         }
 244:Core/Src/balance_car/oled_ssd1306.c ****         glyph = s_font5x7[(uint8_t)ch - (uint8_t)' '];
 245:Core/Src/balance_car/oled_ssd1306.c **** 
 246:Core/Src/balance_car/oled_ssd1306.c ****         for (uint8_t col = 0U; col < 5U && x < OLED_WIDTH; col++) {
 247:Core/Src/balance_car/oled_ssd1306.c ****             s_buffer[index++] = glyph[col];
 617              		.loc 1 247 13 is_stmt 1 view .LVU147
 618              		.loc 1 247 27 is_stmt 0 view .LVU148
 619 001e 0CF1010E 		add	lr, ip, #1
 620              	.LVL33:
 621              		.loc 1 247 38 view .LVU149
 622 0022 CD5C     		ldrb	r5, [r1, r3]	@ zero_extendqisi2
 623              		.loc 1 247 31 view .LVU150
 624 0024 174C     		ldr	r4, .L70
 625 0026 04F80C50 		strb	r5, [r4, ip]
 248:Core/Src/balance_car/oled_ssd1306.c ****             x++;
 626              		.loc 1 248 13 is_stmt 1 view .LVU151
 627              		.loc 1 248 14 is_stmt 0 view .LVU152
 628 002a 0130     		adds	r0, r0, #1
 629              	.LVL34:
 630              		.loc 1 248 14 view .LVU153
 631 002c C0B2     		uxtb	r0, r0
 632              	.LVL35:
 246:Core/Src/balance_car/oled_ssd1306.c ****             s_buffer[index++] = glyph[col];
 633              		.loc 1 246 63 is_stmt 1 discriminator 4 view .LVU154
 634 002e 0133     		adds	r3, r3, #1
 635              	.LVL36:
 246:Core/Src/balance_car/oled_ssd1306.c ****             s_buffer[index++] = glyph[col];
 636              		.loc 1 246 63 is_stmt 0 discriminator 4 view .LVU155
 637 0030 DBB2     		uxtb	r3, r3
ARM GAS  C:\Users\future\AppData\Local\Temp\ccl8Y7Qw.s 			page 18


 638              	.LVL37:
 247:Core/Src/balance_car/oled_ssd1306.c ****             x++;
 639              		.loc 1 247 27 view .LVU156
 640 0032 1FFA8EFC 		uxth	ip, lr
 641              	.LVL38:
 642              	.L57:
 246:Core/Src/balance_car/oled_ssd1306.c ****             s_buffer[index++] = glyph[col];
 643              		.loc 1 246 41 is_stmt 1 discriminator 1 view .LVU157
 644 0036 042B     		cmp	r3, #4
 645 0038 02D8     		bhi	.L58
 246:Core/Src/balance_car/oled_ssd1306.c ****             s_buffer[index++] = glyph[col];
 646              		.loc 1 246 41 is_stmt 0 discriminator 3 view .LVU158
 647 003a 10F0800F 		tst	r0, #128
 648 003e EED0     		beq	.L59
 649              	.L58:
 650              	.LBE6:
 249:Core/Src/balance_car/oled_ssd1306.c ****         }
 250:Core/Src/balance_car/oled_ssd1306.c ****         if (x < OLED_WIDTH) {
 651              		.loc 1 250 9 is_stmt 1 view .LVU159
 652              		.loc 1 250 12 is_stmt 0 view .LVU160
 653 0040 10F0800F 		tst	r0, #128
 654 0044 09D1     		bne	.L55
 251:Core/Src/balance_car/oled_ssd1306.c ****             s_buffer[index++] = 0x00U;
 655              		.loc 1 251 13 is_stmt 1 view .LVU161
 656              		.loc 1 251 27 is_stmt 0 view .LVU162
 657 0046 0CF10103 		add	r3, ip, #1
 658              	.LVL39:
 659              		.loc 1 251 31 view .LVU163
 660 004a 0E49     		ldr	r1, .L70
 661              	.LVL40:
 662              		.loc 1 251 31 view .LVU164
 663 004c 0024     		movs	r4, #0
 664 004e 01F80C40 		strb	r4, [r1, ip]
 252:Core/Src/balance_car/oled_ssd1306.c ****             x++;
 665              		.loc 1 252 13 is_stmt 1 view .LVU165
 666              		.loc 1 252 14 is_stmt 0 view .LVU166
 667 0052 0130     		adds	r0, r0, #1
 668              	.LVL41:
 669              		.loc 1 252 14 view .LVU167
 670 0054 C0B2     		uxtb	r0, r0
 671              	.LVL42:
 251:Core/Src/balance_car/oled_ssd1306.c ****             s_buffer[index++] = 0x00U;
 672              		.loc 1 251 27 view .LVU168
 673 0056 1FFA83FC 		uxth	ip, r3
 674              	.LVL43:
 675              	.L55:
 251:Core/Src/balance_car/oled_ssd1306.c ****             s_buffer[index++] = 0x00U;
 676              		.loc 1 251 27 view .LVU169
 677              	.LBE5:
 237:Core/Src/balance_car/oled_ssd1306.c ****         char ch = *text++;
 678              		.loc 1 237 26 is_stmt 1 view .LVU170
 237:Core/Src/balance_car/oled_ssd1306.c ****         char ch = *text++;
 679              		.loc 1 237 12 is_stmt 0 view .LVU171
 680 005a 1378     		ldrb	r3, [r2]	@ zero_extendqisi2
 237:Core/Src/balance_car/oled_ssd1306.c ****         char ch = *text++;
 681              		.loc 1 237 26 view .LVU172
 682 005c 7BB1     		cbz	r3, .L53
ARM GAS  C:\Users\future\AppData\Local\Temp\ccl8Y7Qw.s 			page 19


 237:Core/Src/balance_car/oled_ssd1306.c ****         char ch = *text++;
 683              		.loc 1 237 26 discriminator 1 view .LVU173
 684 005e 7A28     		cmp	r0, #122
 685 0060 0DD8     		bhi	.L53
 686              	.LVL44:
 687              	.L61:
 688              	.LBB8:
 238:Core/Src/balance_car/oled_ssd1306.c ****         const uint8_t *glyph;
 689              		.loc 1 238 9 is_stmt 1 view .LVU174
 238:Core/Src/balance_car/oled_ssd1306.c ****         const uint8_t *glyph;
 690              		.loc 1 238 24 is_stmt 0 view .LVU175
 691 0062 0132     		adds	r2, r2, #1
 692              	.LVL45:
 239:Core/Src/balance_car/oled_ssd1306.c **** 
 693              		.loc 1 239 9 is_stmt 1 view .LVU176
 241:Core/Src/balance_car/oled_ssd1306.c ****             ch = '?';
 694              		.loc 1 241 9 view .LVU177
 241:Core/Src/balance_car/oled_ssd1306.c ****             ch = '?';
 695              		.loc 1 241 22 is_stmt 0 view .LVU178
 696 0064 A3F12001 		sub	r1, r3, #32
 697 0068 C9B2     		uxtb	r1, r1
 241:Core/Src/balance_car/oled_ssd1306.c ****             ch = '?';
 698              		.loc 1 241 12 view .LVU179
 699 006a 5E29     		cmp	r1, #94
 700 006c 00D9     		bls	.L56
 242:Core/Src/balance_car/oled_ssd1306.c ****         }
 701              		.loc 1 242 16 view .LVU180
 702 006e 3F23     		movs	r3, #63
 703              	.LVL46:
 704              	.L56:
 244:Core/Src/balance_car/oled_ssd1306.c **** 
 705              		.loc 1 244 9 is_stmt 1 view .LVU181
 244:Core/Src/balance_car/oled_ssd1306.c **** 
 706              		.loc 1 244 39 is_stmt 0 view .LVU182
 707 0070 203B     		subs	r3, r3, #32
 708              	.LVL47:
 244:Core/Src/balance_car/oled_ssd1306.c **** 
 709              		.loc 1 244 15 view .LVU183
 710 0072 03EB8303 		add	r3, r3, r3, lsl #2
 711              	.LVL48:
 244:Core/Src/balance_car/oled_ssd1306.c **** 
 712              		.loc 1 244 15 view .LVU184
 713 0076 0449     		ldr	r1, .L70+4
 714 0078 1944     		add	r1, r1, r3
 715              	.LVL49:
 246:Core/Src/balance_car/oled_ssd1306.c ****             s_buffer[index++] = glyph[col];
 716              		.loc 1 246 9 is_stmt 1 view .LVU185
 717              	.LBB7:
 246:Core/Src/balance_car/oled_ssd1306.c ****             s_buffer[index++] = glyph[col];
 718              		.loc 1 246 14 view .LVU186
 246:Core/Src/balance_car/oled_ssd1306.c ****             s_buffer[index++] = glyph[col];
 719              		.loc 1 246 22 is_stmt 0 view .LVU187
 720 007a 0023     		movs	r3, #0
 246:Core/Src/balance_car/oled_ssd1306.c ****             s_buffer[index++] = glyph[col];
 721              		.loc 1 246 9 view .LVU188
 722 007c DBE7     		b	.L57
 723              	.LVL50:
ARM GAS  C:\Users\future\AppData\Local\Temp\ccl8Y7Qw.s 			page 20


 724              	.L53:
 246:Core/Src/balance_car/oled_ssd1306.c ****             s_buffer[index++] = glyph[col];
 725              		.loc 1 246 9 view .LVU189
 726              	.LBE7:
 727              	.LBE8:
 253:Core/Src/balance_car/oled_ssd1306.c ****         }
 254:Core/Src/balance_car/oled_ssd1306.c ****     }
 255:Core/Src/balance_car/oled_ssd1306.c **** }
 728              		.loc 1 255 1 view .LVU190
 729 007e 30BD     		pop	{r4, r5, pc}
 730              	.LVL51:
 731              	.L69:
 732              	.LCFI11:
 733              		.cfi_def_cfa_offset 0
 734              		.cfi_restore 4
 735              		.cfi_restore 5
 736              		.cfi_restore 14
 737              		.loc 1 255 1 view .LVU191
 738 0080 7047     		bx	lr
 739              	.LVL52:
 740              	.L64:
 741              		.loc 1 255 1 view .LVU192
 742 0082 7047     		bx	lr
 743              	.L71:
 744              		.align	2
 745              	.L70:
 746 0084 00000000 		.word	s_buffer
 747 0088 00000000 		.word	s_font5x7
 748              		.cfi_endproc
 749              	.LFE73:
 751              		.section	.rodata.init_cmds.0,"a"
 752              		.align	2
 755              	init_cmds.0:
 756 0000 AE2002B0 		.ascii	"\256 \002\260\310\000\020@\201\177\241\246\250?\244"
 756      C8001040 
 756      817FA1A6 
 756      A83FA4
 757 000f D300D580 		.ascii	"\323\000\325\200\331\361\332\022\333@\215\024\257"
 757      D9F1DA12 
 757      DB408D14 
 757      AF
 758              		.section	.rodata.s_font5x7,"a"
 759              		.align	2
 762              	s_font5x7:
 763 0000 00000000 		.ascii	"\000\000\000\000\000"
 763      00
 764 0005 00005F00 		.ascii	"\000\000_\000\000"
 764      00
 765 000a 00070007 		.ascii	"\000\007\000\007\000"
 765      00
 766 000f 147F147F 		.ascii	"\024\177\024\177\024"
 766      14
 767 0014 242A7F2A 		.ascii	"$*\177*\022"
 767      12
 768 0019 23130864 		.ascii	"#\023\010db"
 768      62
 769 001e 36495522 		.ascii	"6IU\"P"
ARM GAS  C:\Users\future\AppData\Local\Temp\ccl8Y7Qw.s 			page 21


 769      50
 770 0023 00050300 		.ascii	"\000\005\003\000\000"
 770      00
 771 0028 001C2241 		.ascii	"\000\034\"A\000"
 771      00
 772 002d 0041221C 		.ascii	"\000A\"\034\000"
 772      00
 773 0032 14083E08 		.ascii	"\024\010>\010\024"
 773      14
 774 0037 08083E08 		.ascii	"\010\010>\010\010"
 774      08
 775 003c 00503000 		.ascii	"\000P0\000\000"
 775      00
 776 0041 08080808 		.ascii	"\010\010\010\010\010"
 776      08
 777 0046 00606000 		.ascii	"\000``\000\000"
 777      00
 778 004b 20100804 		.ascii	" \020\010\004\002"
 778      02
 779 0050 3E514945 		.ascii	">QIE>"
 779      3E
 780 0055 00427F40 		.ascii	"\000B\177@\000"
 780      00
 781 005a 42615149 		.ascii	"BaQIF"
 781      46
 782 005f 2141454B 		.ascii	"!AEK1"
 782      31
 783 0064 1814127F 		.ascii	"\030\024\022\177\020"
 783      10
 784 0069 27454545 		.ascii	"'EEE9"
 784      39
 785 006e 3C4A4949 		.ascii	"<JII0"
 785      30
 786 0073 01710905 		.ascii	"\001q\011\005\003"
 786      03
 787 0078 36494949 		.ascii	"6III6"
 787      36
 788 007d 06494929 		.ascii	"\006II)\036"
 788      1E
 789 0082 00363600 		.ascii	"\00066\000\000"
 789      00
 790 0087 00563600 		.ascii	"\000V6\000\000"
 790      00
 791 008c 08142241 		.ascii	"\010\024\"A\000"
 791      00
 792 0091 14141414 		.ascii	"\024\024\024\024\024"
 792      14
 793 0096 00412214 		.ascii	"\000A\"\024\010"
 793      08
 794 009b 02015109 		.ascii	"\002\001Q\011\006"
 794      06
 795 00a0 32497941 		.ascii	"2IyA>"
 795      3E
 796 00a5 7E111111 		.ascii	"~\021\021\021~"
 796      7E
 797 00aa 7F494949 		.ascii	"\177III6"
 797      36
ARM GAS  C:\Users\future\AppData\Local\Temp\ccl8Y7Qw.s 			page 22


 798 00af 3E414141 		.ascii	">AAA\""
 798      22
 799 00b4 7F414122 		.ascii	"\177AA\"\034"
 799      1C
 800 00b9 7F494949 		.ascii	"\177IIIA"
 800      41
 801 00be 7F090909 		.ascii	"\177\011\011\011\001"
 801      01
 802 00c3 3E414949 		.ascii	">AIIz"
 802      7A
 803 00c8 7F080808 		.ascii	"\177\010\010\010\177"
 803      7F
 804 00cd 00417F41 		.ascii	"\000A\177A\000"
 804      00
 805 00d2 2040413F 		.ascii	" @A?\001"
 805      01
 806 00d7 7F081422 		.ascii	"\177\010\024\"A"
 806      41
 807 00dc 7F404040 		.ascii	"\177@@@@"
 807      40
 808 00e1 7F020C02 		.ascii	"\177\002\014\002\177"
 808      7F
 809 00e6 7F040810 		.ascii	"\177\004\010\020\177"
 809      7F
 810 00eb 3E414141 		.ascii	">AAA>"
 810      3E
 811 00f0 7F090909 		.ascii	"\177\011\011\011\006"
 811      06
 812 00f5 3E415121 		.ascii	">AQ!^"
 812      5E
 813 00fa 7F091929 		.ascii	"\177\011\031)F"
 813      46
 814 00ff 46494949 		.ascii	"FIII1"
 814      31
 815 0104 01017F01 		.ascii	"\001\001\177\001\001"
 815      01
 816 0109 3F404040 		.ascii	"?@@@?"
 816      3F
 817 010e 1F204020 		.ascii	"\037 @ \037"
 817      1F
 818 0113 3F403840 		.ascii	"?@8@?"
 818      3F
 819 0118 63140814 		.ascii	"c\024\010\024c"
 819      63
 820 011d 07087008 		.ascii	"\007\010p\010\007"
 820      07
 821 0122 61514945 		.ascii	"aQIEC"
 821      43
 822 0127 007F4141 		.ascii	"\000\177AA\000"
 822      00
 823 012c 02040810 		.ascii	"\002\004\010\020 "
 823      20
 824 0131 0041417F 		.ascii	"\000AA\177\000"
 824      00
 825 0136 04020102 		.ascii	"\004\002\001\002\004"
 825      04
 826 013b 40404040 		.ascii	"@@@@@"
ARM GAS  C:\Users\future\AppData\Local\Temp\ccl8Y7Qw.s 			page 23


 826      40
 827 0140 00010204 		.ascii	"\000\001\002\004\000"
 827      00
 828 0145 20545454 		.ascii	" TTTx"
 828      78
 829 014a 7F484444 		.ascii	"\177HDD8"
 829      38
 830 014f 38444444 		.ascii	"8DDD "
 830      20
 831 0154 38444448 		.ascii	"8DDH\177"
 831      7F
 832 0159 38545454 		.ascii	"8TTT\030"
 832      18
 833 015e 087E0901 		.ascii	"\010~\011\001\002"
 833      02
 834 0163 0C525252 		.ascii	"\014RRR>"
 834      3E
 835 0168 7F080404 		.ascii	"\177\010\004\004x"
 835      78
 836 016d 00447D40 		.ascii	"\000D}@\000"
 836      00
 837 0172 2040443D 		.ascii	" @D=\000"
 837      00
 838 0177 7F102844 		.ascii	"\177\020(D\000"
 838      00
 839 017c 00417F40 		.ascii	"\000A\177@\000"
 839      00
 840 0181 7C041804 		.ascii	"|\004\030\004x"
 840      78
 841 0186 7C080404 		.ascii	"|\010\004\004x"
 841      78
 842 018b 38444444 		.ascii	"8DDD8"
 842      38
 843 0190 7C141414 		.ascii	"|\024\024\024\010"
 843      08
 844 0195 08141418 		.ascii	"\010\024\024\030|"
 844      7C
 845 019a 7C080404 		.ascii	"|\010\004\004\010"
 845      08
 846 019f 48545454 		.ascii	"HTTT "
 846      20
 847 01a4 043F4440 		.ascii	"\004?D@ "
 847      20
 848 01a9 3C404020 		.ascii	"<@@ |"
 848      7C
 849 01ae 1C204020 		.ascii	"\034 @ \034"
 849      1C
 850 01b3 3C403040 		.ascii	"<@0@<"
 850      3C
 851 01b8 44281028 		.ascii	"D(\020(D"
 851      44
 852 01bd 0C505050 		.ascii	"\014PPP<"
 852      3C
 853 01c2 4464544C 		.ascii	"DdTLD"
 853      44
 854 01c7 00083641 		.ascii	"\000\0106A\000"
 854      00
ARM GAS  C:\Users\future\AppData\Local\Temp\ccl8Y7Qw.s 			page 24


 855 01cc 00007F00 		.ascii	"\000\000\177\000\000"
 855      00
 856 01d1 00413608 		.ascii	"\000A6\010\000"
 856      00
 857 01d6 10080810 		.ascii	"\020\010\010\020\010"
 857      08
 858              		.section	.bss.s_fail_step,"aw",%nobits
 861              	s_fail_step:
 862 0000 00       		.space	1
 863              		.section	.bss.s_probe_mask,"aw",%nobits
 866              	s_probe_mask:
 867 0000 00       		.space	1
 868              		.section	.bss.s_oled_addr_7bit,"aw",%nobits
 871              	s_oled_addr_7bit:
 872 0000 00       		.space	1
 873              		.section	.bss.s_next_page,"aw",%nobits
 876              	s_next_page:
 877 0000 00       		.space	1
 878              		.section	.bss.s_buffer,"aw",%nobits
 879              		.align	2
 882              	s_buffer:
 883 0000 00000000 		.space	1024
 883      00000000 
 883      00000000 
 883      00000000 
 883      00000000 
 884              		.text
 885              	.Letext0:
 886              		.file 2 "C:/msys64/mingw64/arm-none-eabi/include/machine/_default_types.h"
 887              		.file 3 "C:/msys64/mingw64/arm-none-eabi/include/sys/_stdint.h"
 888              		.file 4 "Drivers/CMSIS/Device/ST/STM32F1xx/Include/stm32f103xb.h"
 889              		.file 5 "C:/msys64/mingw64/lib/gcc/arm-none-eabi/13.3.0/include/stddef.h"
 890              		.file 6 "Drivers/STM32F1xx_HAL_Driver/Inc/stm32f1xx_hal_def.h"
 891              		.file 7 "Drivers/STM32F1xx_HAL_Driver/Inc/stm32f1xx_hal_dma.h"
 892              		.file 8 "Drivers/STM32F1xx_HAL_Driver/Inc/stm32f1xx_hal_i2c.h"
 893              		.file 9 "C:/msys64/mingw64/arm-none-eabi/include/string.h"
 894              		.file 10 "Core/Inc/balance_car/i2c_bus.h"
 895              		.file 11 "<built-in>"
 896              		.file 12 "Drivers/STM32F1xx_HAL_Driver/Inc/stm32f1xx_hal.h"
ARM GAS  C:\Users\future\AppData\Local\Temp\ccl8Y7Qw.s 			page 25


DEFINED SYMBOLS
                            *ABS*:00000000 oled_ssd1306.c
C:\Users\future\AppData\Local\Temp\ccl8Y7Qw.s:19     .text.Oled_WriteCommand:00000000 $t
C:\Users\future\AppData\Local\Temp\ccl8Y7Qw.s:24     .text.Oled_WriteCommand:00000000 Oled_WriteCommand
C:\Users\future\AppData\Local\Temp\ccl8Y7Qw.s:67     .text.Oled_WriteCommand:0000002c $d
C:\Users\future\AppData\Local\Temp\ccl8Y7Qw.s:871    .bss.s_oled_addr_7bit:00000000 s_oled_addr_7bit
C:\Users\future\AppData\Local\Temp\ccl8Y7Qw.s:72     .text.Oled_SetPage:00000000 $t
C:\Users\future\AppData\Local\Temp\ccl8Y7Qw.s:77     .text.Oled_SetPage:00000000 Oled_SetPage
C:\Users\future\AppData\Local\Temp\ccl8Y7Qw.s:125    .text.Oled_RefreshNextPage:00000000 $t
C:\Users\future\AppData\Local\Temp\ccl8Y7Qw.s:131    .text.Oled_RefreshNextPage:00000000 Oled_RefreshNextPage
C:\Users\future\AppData\Local\Temp\ccl8Y7Qw.s:221    .text.Oled_RefreshNextPage:00000064 $d
C:\Users\future\AppData\Local\Temp\ccl8Y7Qw.s:876    .bss.s_next_page:00000000 s_next_page
C:\Users\future\AppData\Local\Temp\ccl8Y7Qw.s:882    .bss.s_buffer:00000000 s_buffer
C:\Users\future\AppData\Local\Temp\ccl8Y7Qw.s:228    .text.Oled_GetAddress7Bit:00000000 $t
C:\Users\future\AppData\Local\Temp\ccl8Y7Qw.s:234    .text.Oled_GetAddress7Bit:00000000 Oled_GetAddress7Bit
C:\Users\future\AppData\Local\Temp\ccl8Y7Qw.s:249    .text.Oled_GetAddress7Bit:00000008 $d
C:\Users\future\AppData\Local\Temp\ccl8Y7Qw.s:254    .text.Oled_GetProbeMask:00000000 $t
C:\Users\future\AppData\Local\Temp\ccl8Y7Qw.s:260    .text.Oled_GetProbeMask:00000000 Oled_GetProbeMask
C:\Users\future\AppData\Local\Temp\ccl8Y7Qw.s:275    .text.Oled_GetProbeMask:00000008 $d
C:\Users\future\AppData\Local\Temp\ccl8Y7Qw.s:866    .bss.s_probe_mask:00000000 s_probe_mask
C:\Users\future\AppData\Local\Temp\ccl8Y7Qw.s:280    .text.Oled_GetFailStep:00000000 $t
C:\Users\future\AppData\Local\Temp\ccl8Y7Qw.s:286    .text.Oled_GetFailStep:00000000 Oled_GetFailStep
C:\Users\future\AppData\Local\Temp\ccl8Y7Qw.s:301    .text.Oled_GetFailStep:00000008 $d
C:\Users\future\AppData\Local\Temp\ccl8Y7Qw.s:861    .bss.s_fail_step:00000000 s_fail_step
C:\Users\future\AppData\Local\Temp\ccl8Y7Qw.s:306    .text.Oled_Clear:00000000 $t
C:\Users\future\AppData\Local\Temp\ccl8Y7Qw.s:312    .text.Oled_Clear:00000000 Oled_Clear
C:\Users\future\AppData\Local\Temp\ccl8Y7Qw.s:334    .text.Oled_Clear:00000010 $d
C:\Users\future\AppData\Local\Temp\ccl8Y7Qw.s:339    .text.Oled_Init:00000000 $t
C:\Users\future\AppData\Local\Temp\ccl8Y7Qw.s:345    .text.Oled_Init:00000000 Oled_Init
C:\Users\future\AppData\Local\Temp\ccl8Y7Qw.s:559    .text.Oled_Init:000000cc $d
C:\Users\future\AppData\Local\Temp\ccl8Y7Qw.s:755    .rodata.init_cmds.0:00000000 init_cmds.0
C:\Users\future\AppData\Local\Temp\ccl8Y7Qw.s:568    .text.Oled_WriteString:00000000 $t
C:\Users\future\AppData\Local\Temp\ccl8Y7Qw.s:574    .text.Oled_WriteString:00000000 Oled_WriteString
C:\Users\future\AppData\Local\Temp\ccl8Y7Qw.s:746    .text.Oled_WriteString:00000084 $d
C:\Users\future\AppData\Local\Temp\ccl8Y7Qw.s:762    .rodata.s_font5x7:00000000 s_font5x7
C:\Users\future\AppData\Local\Temp\ccl8Y7Qw.s:752    .rodata.init_cmds.0:00000000 $d
C:\Users\future\AppData\Local\Temp\ccl8Y7Qw.s:759    .rodata.s_font5x7:00000000 $d
C:\Users\future\AppData\Local\Temp\ccl8Y7Qw.s:862    .bss.s_fail_step:00000000 $d
C:\Users\future\AppData\Local\Temp\ccl8Y7Qw.s:867    .bss.s_probe_mask:00000000 $d
C:\Users\future\AppData\Local\Temp\ccl8Y7Qw.s:872    .bss.s_oled_addr_7bit:00000000 $d
C:\Users\future\AppData\Local\Temp\ccl8Y7Qw.s:877    .bss.s_next_page:00000000 $d
C:\Users\future\AppData\Local\Temp\ccl8Y7Qw.s:879    .bss.s_buffer:00000000 $d

UNDEFINED SYMBOLS
BalanceI2C2_GetHandle
HAL_I2C_Master_Transmit
memcpy
memset
BalanceI2C2_Init
HAL_Delay
HAL_I2C_IsDeviceReady
