ARM GAS  D:\TMP\ccOkHQit.s 			page 1


   1              		.cpu cortex-m3
   2              		.arch armv7-m
   3              		.fpu softvfp
   4              		.eabi_attribute 20, 1
   5              		.eabi_attribute 21, 1
   6              		.eabi_attribute 23, 3
   7              		.eabi_attribute 24, 1
   8              		.eabi_attribute 25, 1
   9              		.eabi_attribute 26, 1
  10              		.eabi_attribute 30, 1
  11              		.eabi_attribute 34, 1
  12              		.eabi_attribute 18, 4
  13              		.file	"stm32f1xx_it.c"
  14              		.text
  15              	.Ltext0:
  16              		.cfi_sections	.debug_frame
  17              		.file 1 "Core/Src/stm32f1xx_it.c"
  18              		.section	.text.NMI_Handler,"ax",%progbits
  19              		.align	1
  20              		.global	NMI_Handler
  21              		.syntax unified
  22              		.thumb
  23              		.thumb_func
  25              	NMI_Handler:
  26              	.LFB70:
   1:Core/Src/stm32f1xx_it.c **** /* USER CODE BEGIN Header */
   2:Core/Src/stm32f1xx_it.c **** /**
   3:Core/Src/stm32f1xx_it.c ****   ******************************************************************************
   4:Core/Src/stm32f1xx_it.c ****   * @file    stm32f1xx_it.c
   5:Core/Src/stm32f1xx_it.c ****   * @brief   Interrupt Service Routines.
   6:Core/Src/stm32f1xx_it.c ****   ******************************************************************************
   7:Core/Src/stm32f1xx_it.c ****   * @attention
   8:Core/Src/stm32f1xx_it.c ****   *
   9:Core/Src/stm32f1xx_it.c ****   * Copyright (c) 2026 STMicroelectronics.
  10:Core/Src/stm32f1xx_it.c ****   * All rights reserved.
  11:Core/Src/stm32f1xx_it.c ****   *
  12:Core/Src/stm32f1xx_it.c ****   * This software is licensed under terms that can be found in the LICENSE file
  13:Core/Src/stm32f1xx_it.c ****   * in the root directory of this software component.
  14:Core/Src/stm32f1xx_it.c ****   * If no LICENSE file comes with this software, it is provided AS-IS.
  15:Core/Src/stm32f1xx_it.c ****   *
  16:Core/Src/stm32f1xx_it.c ****   ******************************************************************************
  17:Core/Src/stm32f1xx_it.c ****   */
  18:Core/Src/stm32f1xx_it.c **** /* USER CODE END Header */
  19:Core/Src/stm32f1xx_it.c **** 
  20:Core/Src/stm32f1xx_it.c **** /* Includes ------------------------------------------------------------------*/
  21:Core/Src/stm32f1xx_it.c **** #include "main.h"
  22:Core/Src/stm32f1xx_it.c **** #include "stm32f1xx_it.h"
  23:Core/Src/stm32f1xx_it.c **** /* Private includes ----------------------------------------------------------*/
  24:Core/Src/stm32f1xx_it.c **** /* USER CODE BEGIN Includes */
  25:Core/Src/stm32f1xx_it.c **** #include "balance_car/i2c_bus.h"
  26:Core/Src/stm32f1xx_it.c **** #include "balance_car/raspi_link.h"
  27:Core/Src/stm32f1xx_it.c **** #include "balance_car/remote_control.h"
  28:Core/Src/stm32f1xx_it.c **** #include "FreeRTOS.h"
  29:Core/Src/stm32f1xx_it.c **** #include "task.h"
  30:Core/Src/stm32f1xx_it.c **** /* USER CODE END Includes */
  31:Core/Src/stm32f1xx_it.c **** 
  32:Core/Src/stm32f1xx_it.c **** /* Private typedef -----------------------------------------------------------*/
ARM GAS  D:\TMP\ccOkHQit.s 			page 2


  33:Core/Src/stm32f1xx_it.c **** /* USER CODE BEGIN TD */
  34:Core/Src/stm32f1xx_it.c **** 
  35:Core/Src/stm32f1xx_it.c **** /* USER CODE END TD */
  36:Core/Src/stm32f1xx_it.c **** 
  37:Core/Src/stm32f1xx_it.c **** /* Private define ------------------------------------------------------------*/
  38:Core/Src/stm32f1xx_it.c **** /* USER CODE BEGIN PD */
  39:Core/Src/stm32f1xx_it.c **** 
  40:Core/Src/stm32f1xx_it.c **** /* USER CODE END PD */
  41:Core/Src/stm32f1xx_it.c **** 
  42:Core/Src/stm32f1xx_it.c **** /* Private macro -------------------------------------------------------------*/
  43:Core/Src/stm32f1xx_it.c **** /* USER CODE BEGIN PM */
  44:Core/Src/stm32f1xx_it.c **** 
  45:Core/Src/stm32f1xx_it.c **** /* USER CODE END PM */
  46:Core/Src/stm32f1xx_it.c **** 
  47:Core/Src/stm32f1xx_it.c **** /* Private variables ---------------------------------------------------------*/
  48:Core/Src/stm32f1xx_it.c **** /* USER CODE BEGIN PV */
  49:Core/Src/stm32f1xx_it.c **** 
  50:Core/Src/stm32f1xx_it.c **** /* USER CODE END PV */
  51:Core/Src/stm32f1xx_it.c **** 
  52:Core/Src/stm32f1xx_it.c **** /* Private function prototypes -----------------------------------------------*/
  53:Core/Src/stm32f1xx_it.c **** /* USER CODE BEGIN PFP */
  54:Core/Src/stm32f1xx_it.c **** extern void xPortSysTickHandler(void);
  55:Core/Src/stm32f1xx_it.c **** 
  56:Core/Src/stm32f1xx_it.c **** /* USER CODE END PFP */
  57:Core/Src/stm32f1xx_it.c **** 
  58:Core/Src/stm32f1xx_it.c **** /* Private user code ---------------------------------------------------------*/
  59:Core/Src/stm32f1xx_it.c **** /* USER CODE BEGIN 0 */
  60:Core/Src/stm32f1xx_it.c **** 
  61:Core/Src/stm32f1xx_it.c **** /* USER CODE END 0 */
  62:Core/Src/stm32f1xx_it.c **** 
  63:Core/Src/stm32f1xx_it.c **** /* External variables --------------------------------------------------------*/
  64:Core/Src/stm32f1xx_it.c **** 
  65:Core/Src/stm32f1xx_it.c **** /* USER CODE BEGIN EV */
  66:Core/Src/stm32f1xx_it.c **** 
  67:Core/Src/stm32f1xx_it.c **** /* USER CODE END EV */
  68:Core/Src/stm32f1xx_it.c **** 
  69:Core/Src/stm32f1xx_it.c **** /******************************************************************************/
  70:Core/Src/stm32f1xx_it.c **** /*           Cortex-M3 Processor Interruption and Exception Handlers          */
  71:Core/Src/stm32f1xx_it.c **** /******************************************************************************/
  72:Core/Src/stm32f1xx_it.c **** /**
  73:Core/Src/stm32f1xx_it.c ****   * @brief This function handles Non maskable interrupt.
  74:Core/Src/stm32f1xx_it.c ****   */
  75:Core/Src/stm32f1xx_it.c **** void NMI_Handler(void)
  76:Core/Src/stm32f1xx_it.c **** {
  27              		.loc 1 76 1 view -0
  28              		.cfi_startproc
  29              		@ Volatile: function does not return.
  30              		@ args = 0, pretend = 0, frame = 0
  31              		@ frame_needed = 0, uses_anonymous_args = 0
  32              		@ link register save eliminated.
  33              	.L2:
  77:Core/Src/stm32f1xx_it.c ****   /* USER CODE BEGIN NonMaskableInt_IRQn 0 */
  78:Core/Src/stm32f1xx_it.c **** 
  79:Core/Src/stm32f1xx_it.c ****   /* USER CODE END NonMaskableInt_IRQn 0 */
  80:Core/Src/stm32f1xx_it.c ****   /* USER CODE BEGIN NonMaskableInt_IRQn 1 */
  81:Core/Src/stm32f1xx_it.c ****    while (1)
  34              		.loc 1 81 4 view .LVU1
ARM GAS  D:\TMP\ccOkHQit.s 			page 3


  82:Core/Src/stm32f1xx_it.c ****   {
  83:Core/Src/stm32f1xx_it.c ****   }
  35              		.loc 1 83 3 view .LVU2
  81:Core/Src/stm32f1xx_it.c ****   {
  36              		.loc 1 81 10 view .LVU3
  37 0000 FEE7     		b	.L2
  38              		.cfi_endproc
  39              	.LFE70:
  41              		.section	.text.HardFault_Handler,"ax",%progbits
  42              		.align	1
  43              		.global	HardFault_Handler
  44              		.syntax unified
  45              		.thumb
  46              		.thumb_func
  48              	HardFault_Handler:
  49              	.LFB71:
  84:Core/Src/stm32f1xx_it.c ****   /* USER CODE END NonMaskableInt_IRQn 1 */
  85:Core/Src/stm32f1xx_it.c **** }
  86:Core/Src/stm32f1xx_it.c **** 
  87:Core/Src/stm32f1xx_it.c **** /**
  88:Core/Src/stm32f1xx_it.c ****   * @brief This function handles Hard fault interrupt.
  89:Core/Src/stm32f1xx_it.c ****   */
  90:Core/Src/stm32f1xx_it.c **** void HardFault_Handler(void)
  91:Core/Src/stm32f1xx_it.c **** {
  50              		.loc 1 91 1 view -0
  51              		.cfi_startproc
  52              		@ Volatile: function does not return.
  53              		@ args = 0, pretend = 0, frame = 0
  54              		@ frame_needed = 0, uses_anonymous_args = 0
  55              		@ link register save eliminated.
  56              	.L4:
  92:Core/Src/stm32f1xx_it.c ****   /* USER CODE BEGIN HardFault_IRQn 0 */
  93:Core/Src/stm32f1xx_it.c **** 
  94:Core/Src/stm32f1xx_it.c ****   /* USER CODE END HardFault_IRQn 0 */
  95:Core/Src/stm32f1xx_it.c ****   while (1)
  57              		.loc 1 95 3 view .LVU5
  96:Core/Src/stm32f1xx_it.c ****   {
  97:Core/Src/stm32f1xx_it.c ****     /* USER CODE BEGIN W1_HardFault_IRQn 0 */
  98:Core/Src/stm32f1xx_it.c ****     /* USER CODE END W1_HardFault_IRQn 0 */
  99:Core/Src/stm32f1xx_it.c ****   }
  58              		.loc 1 99 3 view .LVU6
  95:Core/Src/stm32f1xx_it.c ****   {
  59              		.loc 1 95 9 view .LVU7
  60 0000 FEE7     		b	.L4
  61              		.cfi_endproc
  62              	.LFE71:
  64              		.section	.text.MemManage_Handler,"ax",%progbits
  65              		.align	1
  66              		.global	MemManage_Handler
  67              		.syntax unified
  68              		.thumb
  69              		.thumb_func
  71              	MemManage_Handler:
  72              	.LFB72:
 100:Core/Src/stm32f1xx_it.c **** }
 101:Core/Src/stm32f1xx_it.c **** 
 102:Core/Src/stm32f1xx_it.c **** /**
ARM GAS  D:\TMP\ccOkHQit.s 			page 4


 103:Core/Src/stm32f1xx_it.c ****   * @brief This function handles Memory management fault.
 104:Core/Src/stm32f1xx_it.c ****   */
 105:Core/Src/stm32f1xx_it.c **** void MemManage_Handler(void)
 106:Core/Src/stm32f1xx_it.c **** {
  73              		.loc 1 106 1 view -0
  74              		.cfi_startproc
  75              		@ Volatile: function does not return.
  76              		@ args = 0, pretend = 0, frame = 0
  77              		@ frame_needed = 0, uses_anonymous_args = 0
  78              		@ link register save eliminated.
  79              	.L6:
 107:Core/Src/stm32f1xx_it.c ****   /* USER CODE BEGIN MemoryManagement_IRQn 0 */
 108:Core/Src/stm32f1xx_it.c **** 
 109:Core/Src/stm32f1xx_it.c ****   /* USER CODE END MemoryManagement_IRQn 0 */
 110:Core/Src/stm32f1xx_it.c ****   while (1)
  80              		.loc 1 110 3 view .LVU9
 111:Core/Src/stm32f1xx_it.c ****   {
 112:Core/Src/stm32f1xx_it.c ****     /* USER CODE BEGIN W1_MemoryManagement_IRQn 0 */
 113:Core/Src/stm32f1xx_it.c ****     /* USER CODE END W1_MemoryManagement_IRQn 0 */
 114:Core/Src/stm32f1xx_it.c ****   }
  81              		.loc 1 114 3 view .LVU10
 110:Core/Src/stm32f1xx_it.c ****   {
  82              		.loc 1 110 9 view .LVU11
  83 0000 FEE7     		b	.L6
  84              		.cfi_endproc
  85              	.LFE72:
  87              		.section	.text.BusFault_Handler,"ax",%progbits
  88              		.align	1
  89              		.global	BusFault_Handler
  90              		.syntax unified
  91              		.thumb
  92              		.thumb_func
  94              	BusFault_Handler:
  95              	.LFB73:
 115:Core/Src/stm32f1xx_it.c **** }
 116:Core/Src/stm32f1xx_it.c **** 
 117:Core/Src/stm32f1xx_it.c **** /**
 118:Core/Src/stm32f1xx_it.c ****   * @brief This function handles Prefetch fault, memory access fault.
 119:Core/Src/stm32f1xx_it.c ****   */
 120:Core/Src/stm32f1xx_it.c **** void BusFault_Handler(void)
 121:Core/Src/stm32f1xx_it.c **** {
  96              		.loc 1 121 1 view -0
  97              		.cfi_startproc
  98              		@ Volatile: function does not return.
  99              		@ args = 0, pretend = 0, frame = 0
 100              		@ frame_needed = 0, uses_anonymous_args = 0
 101              		@ link register save eliminated.
 102              	.L8:
 122:Core/Src/stm32f1xx_it.c ****   /* USER CODE BEGIN BusFault_IRQn 0 */
 123:Core/Src/stm32f1xx_it.c **** 
 124:Core/Src/stm32f1xx_it.c ****   /* USER CODE END BusFault_IRQn 0 */
 125:Core/Src/stm32f1xx_it.c ****   while (1)
 103              		.loc 1 125 3 view .LVU13
 126:Core/Src/stm32f1xx_it.c ****   {
 127:Core/Src/stm32f1xx_it.c ****     /* USER CODE BEGIN W1_BusFault_IRQn 0 */
 128:Core/Src/stm32f1xx_it.c ****     /* USER CODE END W1_BusFault_IRQn 0 */
 129:Core/Src/stm32f1xx_it.c ****   }
ARM GAS  D:\TMP\ccOkHQit.s 			page 5


 104              		.loc 1 129 3 view .LVU14
 125:Core/Src/stm32f1xx_it.c ****   {
 105              		.loc 1 125 9 view .LVU15
 106 0000 FEE7     		b	.L8
 107              		.cfi_endproc
 108              	.LFE73:
 110              		.section	.text.UsageFault_Handler,"ax",%progbits
 111              		.align	1
 112              		.global	UsageFault_Handler
 113              		.syntax unified
 114              		.thumb
 115              		.thumb_func
 117              	UsageFault_Handler:
 118              	.LFB74:
 130:Core/Src/stm32f1xx_it.c **** }
 131:Core/Src/stm32f1xx_it.c **** 
 132:Core/Src/stm32f1xx_it.c **** /**
 133:Core/Src/stm32f1xx_it.c ****   * @brief This function handles Undefined instruction or illegal state.
 134:Core/Src/stm32f1xx_it.c ****   */
 135:Core/Src/stm32f1xx_it.c **** void UsageFault_Handler(void)
 136:Core/Src/stm32f1xx_it.c **** {
 119              		.loc 1 136 1 view -0
 120              		.cfi_startproc
 121              		@ Volatile: function does not return.
 122              		@ args = 0, pretend = 0, frame = 0
 123              		@ frame_needed = 0, uses_anonymous_args = 0
 124              		@ link register save eliminated.
 125              	.L10:
 137:Core/Src/stm32f1xx_it.c ****   /* USER CODE BEGIN UsageFault_IRQn 0 */
 138:Core/Src/stm32f1xx_it.c **** 
 139:Core/Src/stm32f1xx_it.c ****   /* USER CODE END UsageFault_IRQn 0 */
 140:Core/Src/stm32f1xx_it.c ****   while (1)
 126              		.loc 1 140 3 view .LVU17
 141:Core/Src/stm32f1xx_it.c ****   {
 142:Core/Src/stm32f1xx_it.c ****     /* USER CODE BEGIN W1_UsageFault_IRQn 0 */
 143:Core/Src/stm32f1xx_it.c ****     /* USER CODE END W1_UsageFault_IRQn 0 */
 144:Core/Src/stm32f1xx_it.c ****   }
 127              		.loc 1 144 3 view .LVU18
 140:Core/Src/stm32f1xx_it.c ****   {
 128              		.loc 1 140 9 view .LVU19
 129 0000 FEE7     		b	.L10
 130              		.cfi_endproc
 131              	.LFE74:
 133              		.section	.text.SysTick_Handler,"ax",%progbits
 134              		.align	1
 135              		.global	SysTick_Handler
 136              		.syntax unified
 137              		.thumb
 138              		.thumb_func
 140              	SysTick_Handler:
 141              	.LFB75:
 145:Core/Src/stm32f1xx_it.c **** }
 146:Core/Src/stm32f1xx_it.c **** 
 147:Core/Src/stm32f1xx_it.c **** /**
 148:Core/Src/stm32f1xx_it.c ****   * @brief This function handles System tick timer.
 149:Core/Src/stm32f1xx_it.c ****   */
 150:Core/Src/stm32f1xx_it.c **** void SysTick_Handler(void)
ARM GAS  D:\TMP\ccOkHQit.s 			page 6


 151:Core/Src/stm32f1xx_it.c **** {
 142              		.loc 1 151 1 view -0
 143              		.cfi_startproc
 144              		@ args = 0, pretend = 0, frame = 0
 145              		@ frame_needed = 0, uses_anonymous_args = 0
 146 0000 08B5     		push	{r3, lr}
 147              	.LCFI0:
 148              		.cfi_def_cfa_offset 8
 149              		.cfi_offset 3, -8
 150              		.cfi_offset 14, -4
 152:Core/Src/stm32f1xx_it.c ****   HAL_IncTick();
 151              		.loc 1 152 3 view .LVU21
 152 0002 FFF7FEFF 		bl	HAL_IncTick
 153              	.LVL0:
 153:Core/Src/stm32f1xx_it.c ****   if (xTaskGetSchedulerState() != taskSCHEDULER_NOT_STARTED)
 154              		.loc 1 153 3 view .LVU22
 155              		.loc 1 153 7 is_stmt 0 view .LVU23
 156 0006 FFF7FEFF 		bl	xTaskGetSchedulerState
 157              	.LVL1:
 158              		.loc 1 153 6 discriminator 1 view .LVU24
 159 000a 0128     		cmp	r0, #1
 160 000c 00D1     		bne	.L14
 161              	.L11:
 154:Core/Src/stm32f1xx_it.c ****   {
 155:Core/Src/stm32f1xx_it.c ****     xPortSysTickHandler();
 156:Core/Src/stm32f1xx_it.c ****   }
 157:Core/Src/stm32f1xx_it.c **** }
 162              		.loc 1 157 1 view .LVU25
 163 000e 08BD     		pop	{r3, pc}
 164              	.L14:
 155:Core/Src/stm32f1xx_it.c ****   }
 165              		.loc 1 155 5 is_stmt 1 view .LVU26
 166 0010 FFF7FEFF 		bl	xPortSysTickHandler
 167              	.LVL2:
 168              		.loc 1 157 1 is_stmt 0 view .LVU27
 169 0014 FBE7     		b	.L11
 170              		.cfi_endproc
 171              	.LFE75:
 173              		.section	.text.DebugMon_Handler,"ax",%progbits
 174              		.align	1
 175              		.global	DebugMon_Handler
 176              		.syntax unified
 177              		.thumb
 178              		.thumb_func
 180              	DebugMon_Handler:
 181              	.LFB76:
 158:Core/Src/stm32f1xx_it.c **** 
 159:Core/Src/stm32f1xx_it.c **** /**
 160:Core/Src/stm32f1xx_it.c ****   * @brief This function handles Debug monitor.
 161:Core/Src/stm32f1xx_it.c ****   */
 162:Core/Src/stm32f1xx_it.c **** void DebugMon_Handler(void)
 163:Core/Src/stm32f1xx_it.c **** {
 182              		.loc 1 163 1 is_stmt 1 view -0
 183              		.cfi_startproc
 184              		@ args = 0, pretend = 0, frame = 0
 185              		@ frame_needed = 0, uses_anonymous_args = 0
 186              		@ link register save eliminated.
ARM GAS  D:\TMP\ccOkHQit.s 			page 7


 164:Core/Src/stm32f1xx_it.c ****   /* USER CODE BEGIN DebugMonitor_IRQn 0 */
 165:Core/Src/stm32f1xx_it.c **** 
 166:Core/Src/stm32f1xx_it.c ****   /* USER CODE END DebugMonitor_IRQn 0 */
 167:Core/Src/stm32f1xx_it.c ****   /* USER CODE BEGIN DebugMonitor_IRQn 1 */
 168:Core/Src/stm32f1xx_it.c **** 
 169:Core/Src/stm32f1xx_it.c ****   /* USER CODE END DebugMonitor_IRQn 1 */
 170:Core/Src/stm32f1xx_it.c **** }
 187              		.loc 1 170 1 view .LVU29
 188 0000 7047     		bx	lr
 189              		.cfi_endproc
 190              	.LFE76:
 192              		.section	.text.USART1_IRQHandler,"ax",%progbits
 193              		.align	1
 194              		.global	USART1_IRQHandler
 195              		.syntax unified
 196              		.thumb
 197              		.thumb_func
 199              	USART1_IRQHandler:
 200              	.LFB77:
 171:Core/Src/stm32f1xx_it.c **** 
 172:Core/Src/stm32f1xx_it.c **** /******************************************************************************/
 173:Core/Src/stm32f1xx_it.c **** /* STM32F1xx Peripheral Interrupt Handlers                                    */
 174:Core/Src/stm32f1xx_it.c **** /* Add here the Interrupt Handlers for the used peripherals.                  */
 175:Core/Src/stm32f1xx_it.c **** /* For the available peripheral interrupt handler names,                      */
 176:Core/Src/stm32f1xx_it.c **** /* please refer to the startup file (startup_stm32f1xx.s).                    */
 177:Core/Src/stm32f1xx_it.c **** /******************************************************************************/
 178:Core/Src/stm32f1xx_it.c **** 
 179:Core/Src/stm32f1xx_it.c **** /* USER CODE BEGIN 1 */
 180:Core/Src/stm32f1xx_it.c **** 
 181:Core/Src/stm32f1xx_it.c **** void USART1_IRQHandler(void)
 182:Core/Src/stm32f1xx_it.c **** {
 201              		.loc 1 182 1 view -0
 202              		.cfi_startproc
 203              		@ args = 0, pretend = 0, frame = 0
 204              		@ frame_needed = 0, uses_anonymous_args = 0
 205 0000 08B5     		push	{r3, lr}
 206              	.LCFI1:
 207              		.cfi_def_cfa_offset 8
 208              		.cfi_offset 3, -8
 209              		.cfi_offset 14, -4
 183:Core/Src/stm32f1xx_it.c ****   RaspiLink_IRQHandler();
 210              		.loc 1 183 3 view .LVU31
 211 0002 FFF7FEFF 		bl	RaspiLink_IRQHandler
 212              	.LVL3:
 184:Core/Src/stm32f1xx_it.c **** }
 213              		.loc 1 184 1 is_stmt 0 view .LVU32
 214 0006 08BD     		pop	{r3, pc}
 215              		.cfi_endproc
 216              	.LFE77:
 218              		.section	.text.USART3_IRQHandler,"ax",%progbits
 219              		.align	1
 220              		.global	USART3_IRQHandler
 221              		.syntax unified
 222              		.thumb
 223              		.thumb_func
 225              	USART3_IRQHandler:
 226              	.LFB78:
ARM GAS  D:\TMP\ccOkHQit.s 			page 8


 185:Core/Src/stm32f1xx_it.c **** 
 186:Core/Src/stm32f1xx_it.c **** void USART3_IRQHandler(void)
 187:Core/Src/stm32f1xx_it.c **** {
 227              		.loc 1 187 1 is_stmt 1 view -0
 228              		.cfi_startproc
 229              		@ args = 0, pretend = 0, frame = 0
 230              		@ frame_needed = 0, uses_anonymous_args = 0
 231 0000 08B5     		push	{r3, lr}
 232              	.LCFI2:
 233              		.cfi_def_cfa_offset 8
 234              		.cfi_offset 3, -8
 235              		.cfi_offset 14, -4
 188:Core/Src/stm32f1xx_it.c ****   RemoteControl_IRQHandler();
 236              		.loc 1 188 3 view .LVU34
 237 0002 FFF7FEFF 		bl	RemoteControl_IRQHandler
 238              	.LVL4:
 189:Core/Src/stm32f1xx_it.c **** }
 239              		.loc 1 189 1 is_stmt 0 view .LVU35
 240 0006 08BD     		pop	{r3, pc}
 241              		.cfi_endproc
 242              	.LFE78:
 244              		.section	.text.I2C1_EV_IRQHandler,"ax",%progbits
 245              		.align	1
 246              		.global	I2C1_EV_IRQHandler
 247              		.syntax unified
 248              		.thumb
 249              		.thumb_func
 251              	I2C1_EV_IRQHandler:
 252              	.LFB79:
 190:Core/Src/stm32f1xx_it.c **** 
 191:Core/Src/stm32f1xx_it.c **** void I2C1_EV_IRQHandler(void)
 192:Core/Src/stm32f1xx_it.c **** {
 253              		.loc 1 192 1 is_stmt 1 view -0
 254              		.cfi_startproc
 255              		@ args = 0, pretend = 0, frame = 0
 256              		@ frame_needed = 0, uses_anonymous_args = 0
 257 0000 08B5     		push	{r3, lr}
 258              	.LCFI3:
 259              		.cfi_def_cfa_offset 8
 260              		.cfi_offset 3, -8
 261              		.cfi_offset 14, -4
 193:Core/Src/stm32f1xx_it.c ****   HAL_I2C_EV_IRQHandler(BalanceI2C1_GetHandle());
 262              		.loc 1 193 3 view .LVU37
 263 0002 FFF7FEFF 		bl	BalanceI2C1_GetHandle
 264              	.LVL5:
 265              		.loc 1 193 3 is_stmt 0 discriminator 1 view .LVU38
 266 0006 FFF7FEFF 		bl	HAL_I2C_EV_IRQHandler
 267              	.LVL6:
 194:Core/Src/stm32f1xx_it.c **** }
 268              		.loc 1 194 1 view .LVU39
 269 000a 08BD     		pop	{r3, pc}
 270              		.cfi_endproc
 271              	.LFE79:
 273              		.section	.text.I2C1_ER_IRQHandler,"ax",%progbits
 274              		.align	1
 275              		.global	I2C1_ER_IRQHandler
 276              		.syntax unified
ARM GAS  D:\TMP\ccOkHQit.s 			page 9


 277              		.thumb
 278              		.thumb_func
 280              	I2C1_ER_IRQHandler:
 281              	.LFB80:
 195:Core/Src/stm32f1xx_it.c **** 
 196:Core/Src/stm32f1xx_it.c **** void I2C1_ER_IRQHandler(void)
 197:Core/Src/stm32f1xx_it.c **** {
 282              		.loc 1 197 1 is_stmt 1 view -0
 283              		.cfi_startproc
 284              		@ args = 0, pretend = 0, frame = 0
 285              		@ frame_needed = 0, uses_anonymous_args = 0
 286 0000 08B5     		push	{r3, lr}
 287              	.LCFI4:
 288              		.cfi_def_cfa_offset 8
 289              		.cfi_offset 3, -8
 290              		.cfi_offset 14, -4
 198:Core/Src/stm32f1xx_it.c ****   HAL_I2C_ER_IRQHandler(BalanceI2C1_GetHandle());
 291              		.loc 1 198 3 view .LVU41
 292 0002 FFF7FEFF 		bl	BalanceI2C1_GetHandle
 293              	.LVL7:
 294              		.loc 1 198 3 is_stmt 0 discriminator 1 view .LVU42
 295 0006 FFF7FEFF 		bl	HAL_I2C_ER_IRQHandler
 296              	.LVL8:
 199:Core/Src/stm32f1xx_it.c **** }
 297              		.loc 1 199 1 view .LVU43
 298 000a 08BD     		pop	{r3, pc}
 299              		.cfi_endproc
 300              	.LFE80:
 302              		.text
 303              	.Letext0:
 304              		.file 2 "F:/Msys2/mingw64/arm-none-eabi/include/machine/_default_types.h"
 305              		.file 3 "F:/Msys2/mingw64/arm-none-eabi/include/sys/_stdint.h"
 306              		.file 4 "Drivers/CMSIS/Device/ST/STM32F1xx/Include/stm32f103xb.h"
 307              		.file 5 "Drivers/STM32F1xx_HAL_Driver/Inc/stm32f1xx_hal_def.h"
 308              		.file 6 "Drivers/STM32F1xx_HAL_Driver/Inc/stm32f1xx_hal_dma.h"
 309              		.file 7 "Drivers/STM32F1xx_HAL_Driver/Inc/stm32f1xx_hal_i2c.h"
 310              		.file 8 "Middlewares/Third_Party/FreeRTOS/Source/portable/GCC/ARM_CM3/portmacro.h"
 311              		.file 9 "Core/Inc/balance_car/remote_control.h"
 312              		.file 10 "Core/Inc/balance_car/raspi_link.h"
 313              		.file 11 "Core/Inc/balance_car/i2c_bus.h"
 314              		.file 12 "Middlewares/Third_Party/FreeRTOS/Source/include/task.h"
 315              		.file 13 "Drivers/STM32F1xx_HAL_Driver/Inc/stm32f1xx_hal.h"
ARM GAS  D:\TMP\ccOkHQit.s 			page 10


DEFINED SYMBOLS
                            *ABS*:00000000 stm32f1xx_it.c
   D:\TMP\ccOkHQit.s:19     .text.NMI_Handler:00000000 $t
   D:\TMP\ccOkHQit.s:25     .text.NMI_Handler:00000000 NMI_Handler
   D:\TMP\ccOkHQit.s:42     .text.HardFault_Handler:00000000 $t
   D:\TMP\ccOkHQit.s:48     .text.HardFault_Handler:00000000 HardFault_Handler
   D:\TMP\ccOkHQit.s:65     .text.MemManage_Handler:00000000 $t
   D:\TMP\ccOkHQit.s:71     .text.MemManage_Handler:00000000 MemManage_Handler
   D:\TMP\ccOkHQit.s:88     .text.BusFault_Handler:00000000 $t
   D:\TMP\ccOkHQit.s:94     .text.BusFault_Handler:00000000 BusFault_Handler
   D:\TMP\ccOkHQit.s:111    .text.UsageFault_Handler:00000000 $t
   D:\TMP\ccOkHQit.s:117    .text.UsageFault_Handler:00000000 UsageFault_Handler
   D:\TMP\ccOkHQit.s:134    .text.SysTick_Handler:00000000 $t
   D:\TMP\ccOkHQit.s:140    .text.SysTick_Handler:00000000 SysTick_Handler
   D:\TMP\ccOkHQit.s:174    .text.DebugMon_Handler:00000000 $t
   D:\TMP\ccOkHQit.s:180    .text.DebugMon_Handler:00000000 DebugMon_Handler
   D:\TMP\ccOkHQit.s:193    .text.USART1_IRQHandler:00000000 $t
   D:\TMP\ccOkHQit.s:199    .text.USART1_IRQHandler:00000000 USART1_IRQHandler
   D:\TMP\ccOkHQit.s:219    .text.USART3_IRQHandler:00000000 $t
   D:\TMP\ccOkHQit.s:225    .text.USART3_IRQHandler:00000000 USART3_IRQHandler
   D:\TMP\ccOkHQit.s:245    .text.I2C1_EV_IRQHandler:00000000 $t
   D:\TMP\ccOkHQit.s:251    .text.I2C1_EV_IRQHandler:00000000 I2C1_EV_IRQHandler
   D:\TMP\ccOkHQit.s:274    .text.I2C1_ER_IRQHandler:00000000 $t
   D:\TMP\ccOkHQit.s:280    .text.I2C1_ER_IRQHandler:00000000 I2C1_ER_IRQHandler

UNDEFINED SYMBOLS
HAL_IncTick
xTaskGetSchedulerState
xPortSysTickHandler
RaspiLink_IRQHandler
RemoteControl_IRQHandler
BalanceI2C1_GetHandle
HAL_I2C_EV_IRQHandler
HAL_I2C_ER_IRQHandler
