ARM GAS  C:\Users\future\AppData\Local\Temp\ccgetgVZ.s 			page 1


   1              		.cpu cortex-m3
   2              		.arch armv7-m
   3              		.fpu softvfp
   4              		.eabi_attribute 20, 1
   5              		.eabi_attribute 21, 1
   6              		.eabi_attribute 23, 3
   7              		.eabi_attribute 24, 1
   8              		.eabi_attribute 25, 1
   9              		.eabi_attribute 26, 1
  10              		.eabi_attribute 30, 1
  11              		.eabi_attribute 34, 1
  12              		.eabi_attribute 18, 4
  13              		.file	"uart_dispatch.c"
  14              		.text
  15              	.Ltext0:
  16              		.cfi_sections	.debug_frame
  17              		.file 1 "Core/Src/balance_car/uart_dispatch.c"
  18              		.section	.text.HAL_UART_RxCpltCallback,"ax",%progbits
  19              		.align	1
  20              		.global	HAL_UART_RxCpltCallback
  21              		.syntax unified
  22              		.thumb
  23              		.thumb_func
  25              	HAL_UART_RxCpltCallback:
  26              	.LVL0:
  27              	.LFB65:
   1:Core/Src/balance_car/uart_dispatch.c **** #include "balance_car/raspi_link.h"
   2:Core/Src/balance_car/uart_dispatch.c **** #include "balance_car/remote_control.h"
   3:Core/Src/balance_car/uart_dispatch.c **** 
   4:Core/Src/balance_car/uart_dispatch.c **** void HAL_UART_RxCpltCallback(UART_HandleTypeDef *huart)
   5:Core/Src/balance_car/uart_dispatch.c **** {
  28              		.loc 1 5 1 view -0
  29              		.cfi_startproc
  30              		@ args = 0, pretend = 0, frame = 0
  31              		@ frame_needed = 0, uses_anonymous_args = 0
  32              		.loc 1 5 1 is_stmt 0 view .LVU1
  33 0000 10B5     		push	{r4, lr}
  34              	.LCFI0:
  35              		.cfi_def_cfa_offset 8
  36              		.cfi_offset 4, -8
  37              		.cfi_offset 14, -4
  38 0002 0446     		mov	r4, r0
   6:Core/Src/balance_car/uart_dispatch.c ****     if (RemoteControl_RxCpltCallback(huart) != 0U) {
  39              		.loc 1 6 5 is_stmt 1 view .LVU2
  40              		.loc 1 6 9 is_stmt 0 view .LVU3
  41 0004 FFF7FEFF 		bl	RemoteControl_RxCpltCallback
  42              	.LVL1:
  43              		.loc 1 6 8 discriminator 1 view .LVU4
  44 0008 00B1     		cbz	r0, .L4
  45              	.L1:
   7:Core/Src/balance_car/uart_dispatch.c ****         return;
   8:Core/Src/balance_car/uart_dispatch.c ****     }
   9:Core/Src/balance_car/uart_dispatch.c ****     (void)RaspiLink_RxCpltCallback(huart);
  10:Core/Src/balance_car/uart_dispatch.c **** }
  46              		.loc 1 10 1 view .LVU5
  47 000a 10BD     		pop	{r4, pc}
  48              	.LVL2:
ARM GAS  C:\Users\future\AppData\Local\Temp\ccgetgVZ.s 			page 2


  49              	.L4:
   9:Core/Src/balance_car/uart_dispatch.c **** }
  50              		.loc 1 9 5 is_stmt 1 view .LVU6
   9:Core/Src/balance_car/uart_dispatch.c **** }
  51              		.loc 1 9 11 is_stmt 0 view .LVU7
  52 000c 2046     		mov	r0, r4
  53 000e FFF7FEFF 		bl	RaspiLink_RxCpltCallback
  54              	.LVL3:
  55 0012 FAE7     		b	.L1
  56              		.cfi_endproc
  57              	.LFE65:
  59              		.section	.text.HAL_UART_TxCpltCallback,"ax",%progbits
  60              		.align	1
  61              		.global	HAL_UART_TxCpltCallback
  62              		.syntax unified
  63              		.thumb
  64              		.thumb_func
  66              	HAL_UART_TxCpltCallback:
  67              	.LVL4:
  68              	.LFB66:
  11:Core/Src/balance_car/uart_dispatch.c **** 
  12:Core/Src/balance_car/uart_dispatch.c **** void HAL_UART_TxCpltCallback(UART_HandleTypeDef *huart)
  13:Core/Src/balance_car/uart_dispatch.c **** {
  69              		.loc 1 13 1 is_stmt 1 view -0
  70              		.cfi_startproc
  71              		@ args = 0, pretend = 0, frame = 0
  72              		@ frame_needed = 0, uses_anonymous_args = 0
  73              		.loc 1 13 1 is_stmt 0 view .LVU9
  74 0000 10B5     		push	{r4, lr}
  75              	.LCFI1:
  76              		.cfi_def_cfa_offset 8
  77              		.cfi_offset 4, -8
  78              		.cfi_offset 14, -4
  79 0002 0446     		mov	r4, r0
  14:Core/Src/balance_car/uart_dispatch.c ****     if (RemoteControl_TxCpltCallback(huart) != 0U) {
  80              		.loc 1 14 5 is_stmt 1 view .LVU10
  81              		.loc 1 14 9 is_stmt 0 view .LVU11
  82 0004 FFF7FEFF 		bl	RemoteControl_TxCpltCallback
  83              	.LVL5:
  84              		.loc 1 14 8 discriminator 1 view .LVU12
  85 0008 00B1     		cbz	r0, .L8
  86              	.L5:
  15:Core/Src/balance_car/uart_dispatch.c ****         return;
  16:Core/Src/balance_car/uart_dispatch.c ****     }
  17:Core/Src/balance_car/uart_dispatch.c ****     (void)RaspiLink_TxCpltCallback(huart);
  18:Core/Src/balance_car/uart_dispatch.c **** }
  87              		.loc 1 18 1 view .LVU13
  88 000a 10BD     		pop	{r4, pc}
  89              	.LVL6:
  90              	.L8:
  17:Core/Src/balance_car/uart_dispatch.c **** }
  91              		.loc 1 17 5 is_stmt 1 view .LVU14
  17:Core/Src/balance_car/uart_dispatch.c **** }
  92              		.loc 1 17 11 is_stmt 0 view .LVU15
  93 000c 2046     		mov	r0, r4
  94 000e FFF7FEFF 		bl	RaspiLink_TxCpltCallback
  95              	.LVL7:
ARM GAS  C:\Users\future\AppData\Local\Temp\ccgetgVZ.s 			page 3


  96 0012 FAE7     		b	.L5
  97              		.cfi_endproc
  98              	.LFE66:
 100              		.section	.text.HAL_UART_ErrorCallback,"ax",%progbits
 101              		.align	1
 102              		.global	HAL_UART_ErrorCallback
 103              		.syntax unified
 104              		.thumb
 105              		.thumb_func
 107              	HAL_UART_ErrorCallback:
 108              	.LVL8:
 109              	.LFB67:
  19:Core/Src/balance_car/uart_dispatch.c **** 
  20:Core/Src/balance_car/uart_dispatch.c **** void HAL_UART_ErrorCallback(UART_HandleTypeDef *huart)
  21:Core/Src/balance_car/uart_dispatch.c **** {
 110              		.loc 1 21 1 is_stmt 1 view -0
 111              		.cfi_startproc
 112              		@ args = 0, pretend = 0, frame = 0
 113              		@ frame_needed = 0, uses_anonymous_args = 0
 114              		.loc 1 21 1 is_stmt 0 view .LVU17
 115 0000 10B5     		push	{r4, lr}
 116              	.LCFI2:
 117              		.cfi_def_cfa_offset 8
 118              		.cfi_offset 4, -8
 119              		.cfi_offset 14, -4
 120 0002 0446     		mov	r4, r0
  22:Core/Src/balance_car/uart_dispatch.c ****     if (RemoteControl_ErrorCallback(huart) != 0U) {
 121              		.loc 1 22 5 is_stmt 1 view .LVU18
 122              		.loc 1 22 9 is_stmt 0 view .LVU19
 123 0004 FFF7FEFF 		bl	RemoteControl_ErrorCallback
 124              	.LVL9:
 125              		.loc 1 22 8 discriminator 1 view .LVU20
 126 0008 00B1     		cbz	r0, .L12
 127              	.L9:
  23:Core/Src/balance_car/uart_dispatch.c ****         return;
  24:Core/Src/balance_car/uart_dispatch.c ****     }
  25:Core/Src/balance_car/uart_dispatch.c ****     (void)RaspiLink_ErrorCallback(huart);
  26:Core/Src/balance_car/uart_dispatch.c **** }
 128              		.loc 1 26 1 view .LVU21
 129 000a 10BD     		pop	{r4, pc}
 130              	.LVL10:
 131              	.L12:
  25:Core/Src/balance_car/uart_dispatch.c **** }
 132              		.loc 1 25 5 is_stmt 1 view .LVU22
  25:Core/Src/balance_car/uart_dispatch.c **** }
 133              		.loc 1 25 11 is_stmt 0 view .LVU23
 134 000c 2046     		mov	r0, r4
 135 000e FFF7FEFF 		bl	RaspiLink_ErrorCallback
 136              	.LVL11:
 137 0012 FAE7     		b	.L9
 138              		.cfi_endproc
 139              	.LFE67:
 141              		.text
 142              	.Letext0:
 143              		.file 2 "C:/msys64/mingw64/arm-none-eabi/include/machine/_default_types.h"
 144              		.file 3 "C:/msys64/mingw64/arm-none-eabi/include/sys/_stdint.h"
 145              		.file 4 "Drivers/CMSIS/Device/ST/STM32F1xx/Include/stm32f103xb.h"
ARM GAS  C:\Users\future\AppData\Local\Temp\ccgetgVZ.s 			page 4


 146              		.file 5 "Drivers/STM32F1xx_HAL_Driver/Inc/stm32f1xx_hal_def.h"
 147              		.file 6 "Drivers/STM32F1xx_HAL_Driver/Inc/stm32f1xx_hal_dma.h"
 148              		.file 7 "Drivers/STM32F1xx_HAL_Driver/Inc/stm32f1xx_hal_uart.h"
 149              		.file 8 "Core/Inc/balance_car/raspi_link.h"
 150              		.file 9 "Core/Inc/balance_car/remote_control.h"
ARM GAS  C:\Users\future\AppData\Local\Temp\ccgetgVZ.s 			page 5


DEFINED SYMBOLS
                            *ABS*:00000000 uart_dispatch.c
C:\Users\future\AppData\Local\Temp\ccgetgVZ.s:19     .text.HAL_UART_RxCpltCallback:00000000 $t
C:\Users\future\AppData\Local\Temp\ccgetgVZ.s:25     .text.HAL_UART_RxCpltCallback:00000000 HAL_UART_RxCpltCallback
C:\Users\future\AppData\Local\Temp\ccgetgVZ.s:60     .text.HAL_UART_TxCpltCallback:00000000 $t
C:\Users\future\AppData\Local\Temp\ccgetgVZ.s:66     .text.HAL_UART_TxCpltCallback:00000000 HAL_UART_TxCpltCallback
C:\Users\future\AppData\Local\Temp\ccgetgVZ.s:101    .text.HAL_UART_ErrorCallback:00000000 $t
C:\Users\future\AppData\Local\Temp\ccgetgVZ.s:107    .text.HAL_UART_ErrorCallback:00000000 HAL_UART_ErrorCallback

UNDEFINED SYMBOLS
RemoteControl_RxCpltCallback
RaspiLink_RxCpltCallback
RemoteControl_TxCpltCallback
RaspiLink_TxCpltCallback
RemoteControl_ErrorCallback
RaspiLink_ErrorCallback
